Archive member included to satisfy reference by file (symbol)

c:/program files (x86)/gnu tools arm embedded/6 2017-q1-update/bin/../lib/gcc/arm-none-eabi/6.3.1/thumb/v6-m\libgcc.a(_udivsi3.o)
                              ./Library/clk.o (__aeabi_uidiv)
c:/program files (x86)/gnu tools arm embedded/6 2017-q1-update/bin/../lib/gcc/arm-none-eabi/6.3.1/thumb/v6-m\libgcc.a(_dvmd_tls.o)
                              c:/program files (x86)/gnu tools arm embedded/6 2017-q1-update/bin/../lib/gcc/arm-none-eabi/6.3.1/thumb/v6-m\libgcc.a(_udivsi3.o) (__aeabi_idiv0)
c:/program files (x86)/gnu tools arm embedded/6 2017-q1-update/bin/../lib/gcc/arm-none-eabi/6.3.1/thumb/v6-m\libgcc.a(divsf3.o)
                              ./User/main.o (__aeabi_fdiv)
c:/program files (x86)/gnu tools arm embedded/6 2017-q1-update/bin/../lib/gcc/arm-none-eabi/6.3.1/thumb/v6-m\libgcc.a(mulsf3.o)
                              ./User/main.o (__aeabi_fmul)
c:/program files (x86)/gnu tools arm embedded/6 2017-q1-update/bin/../lib/gcc/arm-none-eabi/6.3.1/thumb/v6-m\libgcc.a(floatsisf.o)
                              ./User/main.o (__aeabi_i2f)
c:/program files (x86)/gnu tools arm embedded/6 2017-q1-update/bin/../lib/gcc/arm-none-eabi/6.3.1/thumb/v6-m\libgcc.a(extendsfdf2.o)
                              ./User/main.o (__aeabi_f2d)
c:/program files (x86)/gnu tools arm embedded/6 2017-q1-update/bin/../lib/gcc/arm-none-eabi/6.3.1/thumb/v6-m\libgcc.a(_clzsi2.o)
                              c:/program files (x86)/gnu tools arm embedded/6 2017-q1-update/bin/../lib/gcc/arm-none-eabi/6.3.1/thumb/v6-m\libgcc.a(divsf3.o) (__clzsi2)
c:/program files (x86)/gnu tools arm embedded/6 2017-q1-update/bin/../lib/gcc/arm-none-eabi/6.3.1/../../../../arm-none-eabi/lib/thumb/v6-m\libg_nano.a(lib_a-errno.o)
                              ./CMSIS/GCC/_syscalls.o (__errno)
c:/program files (x86)/gnu tools arm embedded/6 2017-q1-update/bin/../lib/gcc/arm-none-eabi/6.3.1/../../../../arm-none-eabi/lib/thumb/v6-m\libg_nano.a(lib_a-exit.o)
                              c:/program files (x86)/gnu tools arm embedded/6 2017-q1-update/bin/../lib/gcc/arm-none-eabi/6.3.1/../../../../arm-none-eabi/lib/thumb/v6-m/crt0.o (exit)
c:/program files (x86)/gnu tools arm embedded/6 2017-q1-update/bin/../lib/gcc/arm-none-eabi/6.3.1/../../../../arm-none-eabi/lib/thumb/v6-m\libg_nano.a(lib_a-impure.o)
                              c:/program files (x86)/gnu tools arm embedded/6 2017-q1-update/bin/../lib/gcc/arm-none-eabi/6.3.1/../../../../arm-none-eabi/lib/thumb/v6-m\libg_nano.a(lib_a-exit.o) (_global_impure_ptr)
c:/program files (x86)/gnu tools arm embedded/6 2017-q1-update/bin/../lib/gcc/arm-none-eabi/6.3.1/../../../../arm-none-eabi/lib/thumb/v6-m\libg_nano.a(lib_a-init.o)
                              c:/program files (x86)/gnu tools arm embedded/6 2017-q1-update/bin/../lib/gcc/arm-none-eabi/6.3.1/../../../../arm-none-eabi/lib/thumb/v6-m/crt0.o (__libc_init_array)
c:/program files (x86)/gnu tools arm embedded/6 2017-q1-update/bin/../lib/gcc/arm-none-eabi/6.3.1/../../../../arm-none-eabi/lib/thumb/v6-m\libg_nano.a(lib_a-memcpy-stub.o)
                              ./User/main.o (memcpy)
c:/program files (x86)/gnu tools arm embedded/6 2017-q1-update/bin/../lib/gcc/arm-none-eabi/6.3.1/../../../../arm-none-eabi/lib/thumb/v6-m\libg_nano.a(lib_a-memset.o)
                              c:/program files (x86)/gnu tools arm embedded/6 2017-q1-update/bin/../lib/gcc/arm-none-eabi/6.3.1/../../../../arm-none-eabi/lib/thumb/v6-m/crt0.o (memset)
c:/program files (x86)/gnu tools arm embedded/6 2017-q1-update/bin/../lib/gcc/arm-none-eabi/6.3.1/../../../../arm-none-eabi/lib/thumb/v6-m\libg_nano.a(lib_a-printf.o)
                              ./User/main.o (printf)
c:/program files (x86)/gnu tools arm embedded/6 2017-q1-update/bin/../lib/gcc/arm-none-eabi/6.3.1/../../../../arm-none-eabi/lib/thumb/v6-m\libg_nano.a(lib_a-puts.o)
                              ./User/main.o (puts)
c:/program files (x86)/gnu tools arm embedded/6 2017-q1-update/bin/../lib/gcc/arm-none-eabi/6.3.1/../../../../arm-none-eabi/lib/thumb/v6-m\libg_nano.a(lib_a-strlen.o)
                              ./User/main.o (strlen)
c:/program files (x86)/gnu tools arm embedded/6 2017-q1-update/bin/../lib/gcc/arm-none-eabi/6.3.1/../../../../arm-none-eabi/lib/thumb/v6-m\libg_nano.a(lib_a-wbuf.o)
                              c:/program files (x86)/gnu tools arm embedded/6 2017-q1-update/bin/../lib/gcc/arm-none-eabi/6.3.1/../../../../arm-none-eabi/lib/thumb/v6-m\libg_nano.a(lib_a-puts.o) (__swbuf_r)
c:/program files (x86)/gnu tools arm embedded/6 2017-q1-update/bin/../lib/gcc/arm-none-eabi/6.3.1/../../../../arm-none-eabi/lib/thumb/v6-m\libg_nano.a(lib_a-wsetup.o)
                              c:/program files (x86)/gnu tools arm embedded/6 2017-q1-update/bin/../lib/gcc/arm-none-eabi/6.3.1/../../../../arm-none-eabi/lib/thumb/v6-m\libg_nano.a(lib_a-puts.o) (__swsetup_r)
[...]
Memory Configuration

Name             Origin             Length             Attributes
FLASH            0x00000000         0x00040000         xr
RAM              0x20000000         0x00005000         xrw
*default*        0x00000000         0xffffffff

Linker script and memory map

LOAD c:/program files (x86)/gnu tools arm embedded/6 2017-q1-update/bin/../lib/gcc/arm-none-eabi/6.3.1/thumb/v6-m/crti.o
LOAD c:/program files (x86)/gnu tools arm embedded/6 2017-q1-update/bin/../lib/gcc/arm-none-eabi/6.3.1/thumb/v6-m/crtbegin.o
LOAD c:/program files (x86)/gnu tools arm embedded/6 2017-q1-update/bin/../lib/gcc/arm-none-eabi/6.3.1/../../../../arm-none-eabi/lib/thumb/v6-m/crt0.o
LOAD ./User/main.o
LOAD ./Library/clk.o
LOAD ./Library/gpio.o
LOAD ./Library/retarget.o
LOAD ./Library/rfm69_function.o
LOAD ./Library/spi.o
LOAD ./Library/sys.o
LOAD ./Library/timer.o
LOAD ./Library/uart.o
LOAD ./CMSIS/GCC/_syscalls.o
LOAD ./CMSIS/GCC/startup_M0564.o
LOAD ./CMSIS/system_M0564.o
START GROUP
LOAD c:/program files (x86)/gnu tools arm embedded/6 2017-q1-update/bin/../lib/gcc/arm-none-eabi/6.3.1/thumb/v6-m\libgcc.a
LOAD c:/program files (x86)/gnu tools arm embedded/6 2017-q1-update/bin/../lib/gcc/arm-none-eabi/6.3.1/../../../../arm-none-eabi/lib/thumb/v6-m\libg_nano.a
LOAD c:/program files (x86)/gnu tools arm embedded/6 2017-q1-update/bin/../lib/gcc/arm-none-eabi/6.3.1/../../../../arm-none-eabi/lib/thumb/v6-m\libc_nano.a
END GROUP
START GROUP
LOAD c:/program files (x86)/gnu tools arm embedded/6 2017-q1-update/bin/../lib/gcc/arm-none-eabi/6.3.1/thumb/v6-m\libgcc.a
LOAD c:/program files (x86)/gnu tools arm embedded/6 2017-q1-update/bin/../lib/gcc/arm-none-eabi/6.3.1/../../../../arm-none-eabi/lib/thumb/v6-m\libc_nano.a
END GROUP
LOAD c:/program files (x86)/gnu tools arm embedded/6 2017-q1-update/bin/../lib/gcc/arm-none-eabi/6.3.1/thumb/v6-m/crtend.o
LOAD c:/program files (x86)/gnu tools arm embedded/6 2017-q1-update/bin/../lib/gcc/arm-none-eabi/6.3.1/thumb/v6-m/crtn.o
START GROUP
LOAD c:/program files (x86)/gnu tools arm embedded/6 2017-q1-update/bin/../lib/gcc/arm-none-eabi/6.3.1/thumb/v6-m\libgcc.a
LOAD c:/program files (x86)/gnu tools arm embedded/6 2017-q1-update/bin/../lib/gcc/arm-none-eabi/6.3.1/../../../../arm-none-eabi/lib/thumb/v6-m\libc.a
LOAD c:/program files (x86)/gnu tools arm embedded/6 2017-q1-update/bin/../lib/gcc/arm-none-eabi/6.3.1/../../../../arm-none-eabi/lib/thumb/v6-m\libm.a
LOAD c:/program files (x86)/gnu tools arm embedded/6 2017-q1-update/bin/../lib/gcc/arm-none-eabi/6.3.1/../../../../arm-none-eabi/lib/thumb/v6-m\libnosys.a
END GROUP

.text           0x00000000     0x380c
 *(.vectors)
 .vectors       0x00000000       0xbc ./CMSIS/GCC/startup_M0564.o
                0x00000000                __Vectors
                0x000000bc                __Vectors_End = .
                0x000000bc                __Vectors_Size = (__Vectors_End - __Vectors)
                0x000000bc                __end__ = .
 *(.text*)
 .text          0x000000bc       0x60 c:/program files (x86)/gnu tools arm embedded/6 2017-q1-update/bin/../lib/gcc/arm-none-eabi/6.3.1/thumb/v6-m/crtbegin.o
 .text          0x0000011c       0x78 c:/program files (x86)/gnu tools arm embedded/6 2017-q1-update/bin/../lib/gcc/arm-none-eabi/6.3.1/../../../../arm-none-eabi/lib/thumb/v6-m/crt0.o
                0x0000011c                _start
                0x0000011c                _mainCRTStartup
 .text.crc_calcul
                0x00000194       0x44 ./User/main.o
                0x00000194                crc_calcul
 .text.send     0x000001d8      0x144 ./User/main.o
                0x000001d8                send
 .text.receive  0x0000031c       0xa8 ./User/main.o
                0x0000031c                receive
 .text.reset_rfm69
                0x000003c4       0x28 ./User/main.o
                0x000003c4                reset_rfm69
 .text.SYS_Init
                0x000003ec       0xc8 ./User/main.o
                0x000003ec                SYS_Init
 .text.SPI_Init
                0x000004b4       0x44 ./User/main.o
                0x000004b4                SPI_Init
 .text.SPI0_IRQHandler
                0x000004f8       0x40 ./User/main.o
                0x000004f8                SPI0_IRQHandler
 .text.GPCDEF_IRQHandler
                0x00000538       0x68 ./User/main.o
                0x00000538                GPCDEF_IRQHandler
 .text.door_sensor_status
                0x000005a0      0x248 ./User/main.o
                0x000005a0                door_sensor_status
 .text.smart_switch_statua
                0x000007e8      0x178 ./User/main.o
                0x000007e8                smart_switch_statua
 .text.panic_status
                0x00000960      0x21c ./User/main.o
                0x00000960                panic_status
 .text.motion_status
                0x00000b7c      0x230 ./User/main.o
                0x00000b7c                motion_status
 .text.main     0x00000dac      0x128 ./User/main.o
                0x00000dac                main
 .text.CLK_GetHCLKFreq
                0x00000ed4       0x10 ./Library/clk.o
                0x00000ed4                CLK_GetHCLKFreq
 .text.CLK_SetModuleClock
                0x00000ee4       0x80 ./Library/clk.o
                0x00000ee4                CLK_SetModuleClock
 .text.CLK_EnableModuleClock
                0x00000f64       0x38 ./Library/clk.o
                0x00000f64                CLK_EnableModuleClock
 .text.GPIO_SetMode
                0x00000f9c       0x2a ./Library/gpio.o
                0x00000f9c                GPIO_SetMode
 .text.GPIO_EnableInt
                0x00000fc6       0x1a ./Library/gpio.o
                0x00000fc6                GPIO_EnableInt
 .text.stackDump
                0x00000fe0       0x68 ./Library/retarget.o
 .text.Hard_Fault_Handler
                0x00001048       0x18 ./Library/retarget.o
                0x00001048                Hard_Fault_Handler
 .text.HardFault_Handler
                0x00001060       0x20 ./Library/retarget.o
                0x00001060                HardFault_Handler
 .text._write   0x00001080       0x40 ./Library/retarget.o
                0x00001080                _write
 .text._read    0x000010c0       0x18 ./Library/retarget.o
                0x000010c0                _read
 .text.ReadRegister
                0x000010d8       0x4c ./Library/rfm69_function.o
                0x000010d8                ReadRegister
 .text.WriteRegisterister
                0x00001124       0x44 ./Library/rfm69_function.o
                0x00001124                WriteRegisterister
 .text.SetRFMode
                0x00001168       0xdc ./Library/rfm69_function.o
                0x00001168                SetRFMode
 .text.InitRFChip
                0x00001244       0x80 ./Library/rfm69_function.o
                0x00001244                InitRFChip
 .text.SendByte
                0x000012c4        0xc ./Library/rfm69_function.o
                0x000012c4                SendByte
 .text.SendRfFrame
                0x000012d0       0xec ./Library/rfm69_function.o
                0x000012d0                SendRfFrame
 .text.receiveInit
                0x000013bc       0x6c ./Library/rfm69_function.o
                0x000013bc                receiveInit
 .text.ReceiveByte
                0x00001428        0xc ./Library/rfm69_function.o
                0x00001428                ReceiveByte
 .text.ReceiveRfFrame
                0x00001434       0xc8 ./Library/rfm69_function.o
                0x00001434                ReceiveRfFrame
 .text.SPI_Open
                0x000014fc      0x270 ./Library/spi.o
                0x000014fc                SPI_Open
 .text.SPI_SetFIFO
                0x0000176c       0x18 ./Library/spi.o
                0x0000176c                SPI_SetFIFO
 .text.SPI_EnableInt
                0x00001784       0x84 ./Library/spi.o
                0x00001784                SPI_EnableInt
 .text.TIMER_GetModuleClock
                0x00001808       0x84 ./Library/timer.o
                0x00001808                TIMER_GetModuleClock
 .text.TIMER_Delay
                0x0000188c       0xfc ./Library/timer.o
                0x0000188c                TIMER_Delay
 .text.UART_Open
                0x00001988       0xec ./Library/uart.o
                0x00001988                UART_Open
 .text._close   0x00001a74       0x10 ./CMSIS/GCC/_syscalls.o
                0x00001a74                _close
 .text._fstat   0x00001a84       0x10 ./CMSIS/GCC/_syscalls.o
                0x00001a84                _fstat
 .text._isatty  0x00001a94        0xe ./CMSIS/GCC/_syscalls.o
                0x00001a94                _isatty
 .text._lseek   0x00001aa2       0x10 ./CMSIS/GCC/_syscalls.o
                0x00001aa2                _lseek
 *fill*         0x00001ab2        0x2 
 .text          0x00001ab4       0x34 ./CMSIS/GCC/startup_M0564.o
                0x00001ab4                Reset_Handler
                0x00001adc                I2C0_IRQHandler
                0x00001adc                SysTick_Handler
                0x00001adc                PWM1_IRQHandler
                0x00001adc                PendSV_Handler
                0x00001adc                NMI_Handler
                0x00001adc                I2C1_IRQHandler
                0x00001adc                UART1_IRQHandler
                0x00001adc                EINT135_IRQHandler
                0x00001adc                SPI1_IRQHandler
                0x00001adc                TMR0_IRQHandler
                0x00001adc                EINT024_IRQHandler
                0x00001adc                RTC_IRQHandler
                0x00001adc                PWRWU_IRQHandler
                0x00001adc                ACMP01_IRQHandler
                0x00001adc                SC01_IRQHandler
                0x00001adc                Default_Handler
                0x00001adc                ADC_IRQHandler
                0x00001adc                TMR2_IRQHandler
                0x00001adc                USCI_IRQHandler
                0x00001adc                BOD_IRQHandler
                0x00001adc                UART02_IRQHandler
                0x00001adc                WDT_IRQHandler
                0x00001adc                SVC_Handler
                0x00001adc                PDMA_IRQHandler
                0x00001adc                GPAB_IRQHandler
                0x00001adc                PWM0_IRQHandler
                0x00001adc                TMR3_IRQHandler
                0x00001adc                TMR1_IRQHandler
                0x00001adc                CLKDIRC_IRQHandler
 .text.SystemCoreClockUpdate
                0x00001ae8       0xb0 ./CMSIS/system_M0564.o
                0x00001ae8                SystemCoreClockUpdate
 .text.SystemInit
                0x00001b98        0x2 ./CMSIS/system_M0564.o
                0x00001b98                SystemInit
 *fill*         0x00001b9a        0x2 
 .text          0x00001b9c      0x114 c:/program files (x86)/gnu tools arm embedded/6 2017-q1-update/bin/../lib/gcc/arm-none-eabi/6.3.1/thumb/v6-m\libgcc.a(_udivsi3.o)
                0x00001b9c                __aeabi_uidiv
                0x00001b9c                __udivsi3
                0x00001ca8                __aeabi_uidivmod
 .text          0x00001cb0        0x4 c:/program files (x86)/gnu tools arm embedded/6 2017-q1-update/bin/../lib/gcc/arm-none-eabi/6.3.1/thumb/v6-m\libgcc.a(_dvmd_tls.o)
                0x00001cb0                __aeabi_idiv0
                0x00001cb0                __aeabi_ldiv0
 .text          0x00001cb4      0x290 c:/program files (x86)/gnu tools arm embedded/6 2017-q1-update/bin/../lib/gcc/arm-none-eabi/6.3.1/thumb/v6-m\libgcc.a(divsf3.o)
                0x00001cb4                __aeabi_fdiv
 .text          0x00001f44      0x240 c:/program files (x86)/gnu tools arm embedded/6 2017-q1-update/bin/../lib/gcc/arm-none-eabi/6.3.1/thumb/v6-m\libgcc.a(mulsf3.o)
                0x00001f44                __aeabi_fmul
 .text          0x00002184       0xa0 c:/program files (x86)/gnu tools arm embedded/6 2017-q1-update/bin/../lib/gcc/arm-none-eabi/6.3.1/thumb/v6-m\libgcc.a(floatsisf.o)
                0x00002184                __aeabi_i2f
 .text          0x00002224       0xa4 c:/program files (x86)/gnu tools arm embedded/6 2017-q1-update/bin/../lib/gcc/arm-none-eabi/6.3.1/thumb/v6-m\libgcc.a(extendsfdf2.o)
                0x00002224                __aeabi_f2d
 .text          0x000022c8       0x3c c:/program files (x86)/gnu tools arm embedded/6 2017-q1-update/bin/../lib/gcc/arm-none-eabi/6.3.1/thumb/v6-m\libgcc.a(_clzsi2.o)
                0x000022c8                __clzsi2
 .text.__errno  0x00002304        0xc c:/program files (x86)/gnu tools arm embedded/6 2017-q1-update/bin/../lib/gcc/arm-none-eabi/6.3.1/../../../../arm-none-eabi/lib/thumb/v6-m\libg_nano.a(lib_a-errno.o)
                0x00002304                __errno
 .text.exit     0x00002310       0x2c c:/program files (x86)/gnu tools arm embedded/6 2017-q1-update/bin/../lib/gcc/arm-none-eabi/6.3.1/../../../../arm-none-eabi/lib/thumb/v6-m\libg_nano.a(lib_a-exit.o)
                0x00002310                exit
 .text.__libc_init_array
                0x0000233c       0x48 c:/program files (x86)/gnu tools arm embedded/6 2017-q1-update/bin/../lib/gcc/arm-none-eabi/6.3.1/../../../../arm-none-eabi/lib/thumb/v6-m\libg_nano.a(lib_a-init.o)
                0x0000233c                __libc_init_array
 .text.memcpy   0x00002384       0x12 c:/program files (x86)/gnu tools arm embedded/6 2017-q1-update/bin/../lib/gcc/arm-none-eabi/6.3.1/../../../../arm-none-eabi/lib/thumb/v6-m\libg_nano.a(lib_a-memcpy-stub.o)
                0x00002384                memcpy
 .text.memset   0x00002396       0x10 c:/program files (x86)/gnu tools arm embedded/6 2017-q1-update/bin/../lib/gcc/arm-none-eabi/6.3.1/../../../../arm-none-eabi/lib/thumb/v6-m\libg_nano.a(lib_a-memset.o)
                0x00002396                memset
 *fill*         0x000023a6        0x2 
 .text.printf   0x000023a8       0x34 c:/program files (x86)/gnu tools arm embedded/6 2017-q1-update/bin/../lib/gcc/arm-none-eabi/6.3.1/../../../../arm-none-eabi/lib/thumb/v6-m\libg_nano.a(lib_a-printf.o)
                0x000023a8                iprintf
                0x000023a8                printf
 .text._puts_r  0x000023dc       0xc0 c:/program files (x86)/gnu tools arm embedded/6 2017-q1-update/bin/../lib/gcc/arm-none-eabi/6.3.1/../../../../arm-none-eabi/lib/thumb/v6-m\libg_nano.a(lib_a-puts.o)
                0x000023dc                _puts_r
 .text.puts     0x0000249c       0x14 c:/program files (x86)/gnu tools arm embedded/6 2017-q1-update/bin/../lib/gcc/arm-none-eabi/6.3.1/../../../../arm-none-eabi/lib/thumb/v6-m\libg_nano.a(lib_a-puts.o)
                0x0000249c                puts
 .text          0x000024b0        0xe c:/program files (x86)/gnu tools arm embedded/6 2017-q1-update/bin/../lib/gcc/arm-none-eabi/6.3.1/../../../../arm-none-eabi/lib/thumb/v6-m\libg_nano.a(lib_a-strlen.o)
                0x000024b0                strlen
 *fill*         0x000024be        0x2 
 .text.__swbuf_r
                0x000024c0       0xac c:/program files (x86)/gnu tools arm embedded/6 2017-q1-update/bin/../lib/gcc/arm-none-eabi/6.3.1/../../../../arm-none-eabi/lib/thumb/v6-m\libg_nano.a(lib_a-wbuf.o)
                0x000024c0                __swbuf_r
 .text.__swsetup_r
                0x0000256c       0xec c:/program files (x86)/gnu tools arm embedded/6 2017-q1-update/bin/../lib/gcc/arm-none-eabi/6.3.1/../../../../arm-none-eabi/lib/thumb/v6-m\libg_nano.a(lib_a-wsetup.o)
                0x0000256c                __swsetup_r
 .text.__sflush_r
                0x00002658      0x114 c:/program files (x86)/gnu tools arm embedded/6 2017-q1-update/bin/../lib/gcc/arm-none-eabi/6.3.1/../../../../arm-none-eabi/lib/thumb/v6-m\libg_nano.a(lib_a-fflush.o)
                0x00002658                __sflush_r
 .text._fflush_r
                0x0000276c       0x58 c:/program files (x86)/gnu tools arm embedded/6 2017-q1-update/bin/../lib/gcc/arm-none-eabi/6.3.1/../../../../arm-none-eabi/lib/thumb/v6-m\libg_nano.a(lib_a-fflush.o)
                0x0000276c                _fflush_r
 .text._cleanup_r
                0x000027c4       0x10 c:/program files (x86)/gnu tools arm embedded/6 2017-q1-update/bin/../lib/gcc/arm-none-eabi/6.3.1/../../../../arm-none-eabi/lib/thumb/v6-m\libg_nano.a(lib_a-findfp.o)
                0x000027c4                _cleanup_r
 .text.std.isra.0
                0x000027d4       0x48 c:/program files (x86)/gnu tools arm embedded/6 2017-q1-update/bin/../lib/gcc/arm-none-eabi/6.3.1/../../../../arm-none-eabi/lib/thumb/v6-m\libg_nano.a(lib_a-findfp.o)
 .text.__sfmoreglue
                0x0000281c       0x2c c:/program files (x86)/gnu tools arm embedded/6 2017-q1-update/bin/../lib/gcc/arm-none-eabi/6.3.1/../../../../arm-none-eabi/lib/thumb/v6-m\libg_nano.a(lib_a-findfp.o)
                0x0000281c                __sfmoreglue
 .text.__sinit  0x00002848       0x68 c:/program files (x86)/gnu tools arm embedded/6 2017-q1-update/bin/../lib/gcc/arm-none-eabi/6.3.1/../../../../arm-none-eabi/lib/thumb/v6-m\libg_nano.a(lib_a-findfp.o)
                0x00002848                __sinit
 .text.__sfp    0x000028b0       0x80 c:/program files (x86)/gnu tools arm embedded/6 2017-q1-update/bin/../lib/gcc/arm-none-eabi/6.3.1/../../../../arm-none-eabi/lib/thumb/v6-m\libg_nano.a(lib_a-findfp.o)
                0x000028b0                __sfp
 .text._fwalk_reent
                0x00002930       0x42 c:/program files (x86)/gnu tools arm embedded/6 2017-q1-update/bin/../lib/gcc/arm-none-eabi/6.3.1/../../../../arm-none-eabi/lib/thumb/v6-m\libg_nano.a(lib_a-fwalk.o)
                0x00002930                _fwalk_reent
 *fill*         0x00002972        0x2 
 .text.__swhatbuf_r
                0x00002974       0x50 c:/program files (x86)/gnu tools arm embedded/6 2017-q1-update/bin/../lib/gcc/arm-none-eabi/6.3.1/../../../../arm-none-eabi/lib/thumb/v6-m\libg_nano.a(lib_a-makebuf.o)
                0x00002974                __swhatbuf_r
 .text.__smakebuf_r
                0x000029c4       0x88 c:/program files (x86)/gnu tools arm embedded/6 2017-q1-update/bin/../lib/gcc/arm-none-eabi/6.3.1/../../../../arm-none-eabi/lib/thumb/v6-m\libg_nano.a(lib_a-makebuf.o)
                0x000029c4                __smakebuf_r
 .text._free_r  0x00002a4c       0x94 c:/program files (x86)/gnu tools arm embedded/6 2017-q1-update/bin/../lib/gcc/arm-none-eabi/6.3.1/../../../../arm-none-eabi/lib/thumb/v6-m\libg_nano.a(lib_a-nano-freer.o)
                0x00002a4c                _free_r
 .text._malloc_r
                0x00002ae0       0xbc c:/program files (x86)/gnu tools arm embedded/6 2017-q1-update/bin/../lib/gcc/arm-none-eabi/6.3.1/../../../../arm-none-eabi/lib/thumb/v6-m\libg_nano.a(lib_a-nano-mallocr.o)
                0x00002ae0                _malloc_r
 .text.__sfputc_r
                0x00002b9c       0x2a c:/program files (x86)/gnu tools arm embedded/6 2017-q1-update/bin/../lib/gcc/arm-none-eabi/6.3.1/../../../../arm-none-eabi/lib/thumb/v6-m\libg_nano.a(lib_a-nano-vfprintf.o)
 .text.__sfputs_r
                0x00002bc6       0x24 c:/program files (x86)/gnu tools arm embedded/6 2017-q1-update/bin/../lib/gcc/arm-none-eabi/6.3.1/../../../../arm-none-eabi/lib/thumb/v6-m\libg_nano.a(lib_a-nano-vfprintf.o)
                0x00002bc6                __sfputs_r
 *fill*         0x00002bea        0x2 
 .text._vfprintf_r
                0x00002bec      0x238 c:/program files (x86)/gnu tools arm embedded/6 2017-q1-update/bin/../lib/gcc/arm-none-eabi/6.3.1/../../../../arm-none-eabi/lib/thumb/v6-m\libg_nano.a(lib_a-nano-vfprintf.o)
                0x00002bec                _vfprintf_r
                0x00002bec                _vfiprintf_r
 .text._printf_common
                0x00002e24       0xda c:/program files (x86)/gnu tools arm embedded/6 2017-q1-update/bin/../lib/gcc/arm-none-eabi/6.3.1/../../../../arm-none-eabi/lib/thumb/v6-m\libg_nano.a(lib_a-nano-vfprintf_i.o)
                0x00002e24                _printf_common
 *fill*         0x00002efe        0x2 
 .text._printf_i
                0x00002f00      0x234 c:/program files (x86)/gnu tools arm embedded/6 2017-q1-update/bin/../lib/gcc/arm-none-eabi/6.3.1/../../../../arm-none-eabi/lib/thumb/v6-m\libg_nano.a(lib_a-nano-vfprintf_i.o)
                0x00002f00                _printf_i
 .text._sbrk_r  0x00003134       0x24 c:/program files (x86)/gnu tools arm embedded/6 2017-q1-update/bin/../lib/gcc/arm-none-eabi/6.3.1/../../../../arm-none-eabi/lib/thumb/v6-m\libg_nano.a(lib_a-sbrkr.o)
                0x00003134                _sbrk_r
 .text.__sread  0x00003158       0x28 c:/program files (x86)/gnu tools arm embedded/6 2017-q1-update/bin/../lib/gcc/arm-none-eabi/6.3.1/../../../../arm-none-eabi/lib/thumb/v6-m\libg_nano.a(lib_a-stdio.o)
                0x00003158                __sread
 .text.__swrite
                0x00003180       0x38 c:/program files (x86)/gnu tools arm embedded/6 2017-q1-update/bin/../lib/gcc/arm-none-eabi/6.3.1/../../../../arm-none-eabi/lib/thumb/v6-m\libg_nano.a(lib_a-stdio.o)
                0x00003180                __swrite
 .text.__sseek  0x000031b8       0x2c c:/program files (x86)/gnu tools arm embedded/6 2017-q1-update/bin/../lib/gcc/arm-none-eabi/6.3.1/../../../../arm-none-eabi/lib/thumb/v6-m\libg_nano.a(lib_a-stdio.o)
                0x000031b8                __sseek
 .text.__sclose
                0x000031e4        0xc c:/program files (x86)/gnu tools arm embedded/6 2017-q1-update/bin/../lib/gcc/arm-none-eabi/6.3.1/../../../../arm-none-eabi/lib/thumb/v6-m\libg_nano.a(lib_a-stdio.o)
                0x000031e4                __sclose
 .text._write_r
                0x000031f0       0x28 c:/program files (x86)/gnu tools arm embedded/6 2017-q1-update/bin/../lib/gcc/arm-none-eabi/6.3.1/../../../../arm-none-eabi/lib/thumb/v6-m\libg_nano.a(lib_a-writer.o)
                0x000031f0                _write_r
 .text._close_r
                0x00003218       0x24 c:/program files (x86)/gnu tools arm embedded/6 2017-q1-update/bin/../lib/gcc/arm-none-eabi/6.3.1/../../../../arm-none-eabi/lib/thumb/v6-m\libg_nano.a(lib_a-closer.o)
                0x00003218                _close_r
 .text._fstat_r
                0x0000323c       0x24 c:/program files (x86)/gnu tools arm embedded/6 2017-q1-update/bin/../lib/gcc/arm-none-eabi/6.3.1/../../../../arm-none-eabi/lib/thumb/v6-m\libg_nano.a(lib_a-fstatr.o)
                0x0000323c                _fstat_r
 .text._isatty_r
                0x00003260       0x24 c:/program files (x86)/gnu tools arm embedded/6 2017-q1-update/bin/../lib/gcc/arm-none-eabi/6.3.1/../../../../arm-none-eabi/lib/thumb/v6-m\libg_nano.a(lib_a-isattyr.o)
                0x00003260                _isatty_r
 .text._lseek_r
                0x00003284       0x28 c:/program files (x86)/gnu tools arm embedded/6 2017-q1-update/bin/../lib/gcc/arm-none-eabi/6.3.1/../../../../arm-none-eabi/lib/thumb/v6-m\libg_nano.a(lib_a-lseekr.o)
                0x00003284                _lseek_r
 .text.memchr   0x000032ac       0x16 c:/program files (x86)/gnu tools arm embedded/6 2017-q1-update/bin/../lib/gcc/arm-none-eabi/6.3.1/../../../../arm-none-eabi/lib/thumb/v6-m\libg_nano.a(lib_a-memchr-stub.o)
                0x000032ac                memchr
 .text.__malloc_lock
                0x000032c2        0x2 c:/program files (x86)/gnu tools arm embedded/6 2017-q1-update/bin/../lib/gcc/arm-none-eabi/6.3.1/../../../../arm-none-eabi/lib/thumb/v6-m\libg_nano.a(lib_a-mlock.o)
                0x000032c2                __malloc_lock
 .text.__malloc_unlock
                0x000032c4        0x2 c:/program files (x86)/gnu tools arm embedded/6 2017-q1-update/bin/../lib/gcc/arm-none-eabi/6.3.1/../../../../arm-none-eabi/lib/thumb/v6-m\libg_nano.a(lib_a-mlock.o)
                0x000032c4                __malloc_unlock
 *fill*         0x000032c6        0x2 
 .text._read_r  0x000032c8       0x28 c:/program files (x86)/gnu tools arm embedded/6 2017-q1-update/bin/../lib/gcc/arm-none-eabi/6.3.1/../../../../arm-none-eabi/lib/thumb/v6-m\libg_nano.a(lib_a-readr.o)
                0x000032c8                _read_r
 .text._sbrk    0x000032f0       0x1c c:/program files (x86)/gnu tools arm embedded/6 2017-q1-update/bin/../lib/gcc/arm-none-eabi/6.3.1/../../../../arm-none-eabi/lib/thumb/v6-m\libnosys.a(sbrk.o)
                0x000032f0                _sbrk
 .text._exit    0x0000330c        0x4 c:/program files (x86)/gnu tools arm embedded/6 2017-q1-update/bin/../lib/gcc/arm-none-eabi/6.3.1/../../../../arm-none-eabi/lib/thumb/v6-m\libnosys.a(_exit.o)
                0x0000330c                _exit
 *(.init)
 .init          0x00003310        0x4 c:/program files (x86)/gnu tools arm embedded/6 2017-q1-update/bin/../lib/gcc/arm-none-eabi/6.3.1/thumb/v6-m/crti.o
                0x00003310                _init
 .init          0x00003314        0x8 c:/program files (x86)/gnu tools arm embedded/6 2017-q1-update/bin/../lib/gcc/arm-none-eabi/6.3.1/thumb/v6-m/crtn.o
 *(.fini)
 .fini          0x0000331c        0x4 c:/program files (x86)/gnu tools arm embedded/6 2017-q1-update/bin/../lib/gcc/arm-none-eabi/6.3.1/thumb/v6-m/crti.o
                0x0000331c                _fini
 .fini          0x00003320        0x8 c:/program files (x86)/gnu tools arm embedded/6 2017-q1-update/bin/../lib/gcc/arm-none-eabi/6.3.1/thumb/v6-m/crtn.o
 *crtbegin.o(.ctors)
 *crtbegin?.o(.ctors)
 *(EXCLUDE_FILE(*crtend.o *crtend?.o) .ctors)
 *(SORT(.ctors.*))
 *(.ctors)
 *crtbegin.o(.dtors)
 *crtbegin?.o(.dtors)
 *(EXCLUDE_FILE(*crtend.o *crtend?.o) .dtors)
 *(SORT(.dtors.*))
 *(.dtors)
 *(.rodata*)
 .rodata.door_sensor_status
                0x00003328      0x118 ./User/main.o
 .rodata.door_sensor_status.str1.4
                0x00003440       0xba ./User/main.o
 *fill*         0x000034fa        0x2 
 .rodata.motion_status.str1.4
                0x000034fc       0x33 ./User/main.o
 *fill*         0x0000352f        0x1 
 .rodata.panic_status.str1.4
                0x00003530       0x25 ./User/main.o
 *fill*         0x00003555        0x3 
 .rodata.smart_switch_statua.str1.4
                0x00003558       0x61 ./User/main.o
 *fill*         0x000035b9        0x3 
 .rodata        0x000035bc       0x20 ./Library/clk.o
 .rodata.Hard_Fault_Handler.str1.4
                0x000035dc       0x16 ./Library/retarget.o
 *fill*         0x000035f2        0x2 
 .rodata.stackDump.str1.4
                0x000035f4       0x60 ./Library/retarget.o
 .rodata        0x00003654        0x4 ./Library/spi.o
 .rodata        0x00003658       0x20 ./Library/timer.o
 .rodata        0x00003678       0x14 ./Library/uart.o
 .rodata        0x0000368c        0x4 ./CMSIS/system_M0564.o
 .rodata.gau32ClkSrcTbl
                0x00003690       0x20 ./CMSIS/system_M0564.o
                0x00003690                gau32ClkSrcTbl
 .rodata        0x000036b0       0x80 c:/program files (x86)/gnu tools arm embedded/6 2017-q1-update/bin/../lib/gcc/arm-none-eabi/6.3.1/thumb/v6-m\libgcc.a(divsf3.o)
 .rodata        0x00003730       0x40 c:/program files (x86)/gnu tools arm embedded/6 2017-q1-update/bin/../lib/gcc/arm-none-eabi/6.3.1/thumb/v6-m\libgcc.a(mulsf3.o)
 .rodata._global_impure_ptr
                0x00003770        0x4 c:/program files (x86)/gnu tools arm embedded/6 2017-q1-update/bin/../lib/gcc/arm-none-eabi/6.3.1/../../../../arm-none-eabi/lib/thumb/v6-m\libg_nano.a(lib_a-impure.o)
                0x00003770                _global_impure_ptr
 .rodata.__sf_fake_stderr
                0x00003774       0x20 c:/program files (x86)/gnu tools arm embedded/6 2017-q1-update/bin/../lib/gcc/arm-none-eabi/6.3.1/../../../../arm-none-eabi/lib/thumb/v6-m\libg_nano.a(lib_a-findfp.o)
                0x00003774                __sf_fake_stderr
 .rodata.__sf_fake_stdin
                0x00003794       0x20 c:/program files (x86)/gnu tools arm embedded/6 2017-q1-update/bin/../lib/gcc/arm-none-eabi/6.3.1/../../../../arm-none-eabi/lib/thumb/v6-m\libg_nano.a(lib_a-findfp.o)
                0x00003794                __sf_fake_stdin
 .rodata.__sf_fake_stdout
                0x000037b4       0x20 c:/program files (x86)/gnu tools arm embedded/6 2017-q1-update/bin/../lib/gcc/arm-none-eabi/6.3.1/../../../../arm-none-eabi/lib/thumb/v6-m\libg_nano.a(lib_a-findfp.o)
                0x000037b4                __sf_fake_stdout
 .rodata._vfprintf_r.str1.1
                0x000037d4       0x11 c:/program files (x86)/gnu tools arm embedded/6 2017-q1-update/bin/../lib/gcc/arm-none-eabi/6.3.1/../../../../arm-none-eabi/lib/thumb/v6-m\libg_nano.a(lib_a-nano-vfprintf.o)
 .rodata._printf_i.str1.1
                0x000037e5       0x22 c:/program files (x86)/gnu tools arm embedded/6 2017-q1-update/bin/../lib/gcc/arm-none-eabi/6.3.1/../../../../arm-none-eabi/lib/thumb/v6-m\libg_nano.a(lib_a-nano-vfprintf_i.o)
 *(.eh_frame*)
 *fill*         0x00003807        0x1 
 .eh_frame      0x00003808        0x0 c:/program files (x86)/gnu tools arm embedded/6 2017-q1-update/bin/../lib/gcc/arm-none-eabi/6.3.1/thumb/v6-m/crtbegin.o
 .eh_frame      0x00003808        0x4 c:/program files (x86)/gnu tools arm embedded/6 2017-q1-update/bin/../lib/gcc/arm-none-eabi/6.3.1/thumb/v6-m/crtend.o

.glue_7         0x0000380c        0x0
 .glue_7        0x0000380c        0x0 linker stubs

.glue_7t        0x0000380c        0x0
 .glue_7t       0x0000380c        0x0 linker stubs

.vfp11_veneer   0x0000380c        0x0
 .vfp11_veneer  0x0000380c        0x0 linker stubs

.v4_bx          0x0000380c        0x0
 .v4_bx         0x0000380c        0x0 linker stubs

.iplt           0x0000380c        0x0
 .iplt          0x0000380c        0x0 c:/program files (x86)/gnu tools arm embedded/6 2017-q1-update/bin/../lib/gcc/arm-none-eabi/6.3.1/thumb/v6-m/crtbegin.o

.ARM.extab
 *(.ARM.extab* .gnu.linkonce.armextab.*)
                0x0000380c                __exidx_start = .

.ARM.exidx      0x0000380c        0x8
 *(.ARM.exidx* .gnu.linkonce.armexidx.*)
 .ARM.exidx     0x0000380c        0x8 c:/program files (x86)/gnu tools arm embedded/6 2017-q1-update/bin/../lib/gcc/arm-none-eabi/6.3.1/../../../../arm-none-eabi/lib/thumb/v6-m/crt0.o
                0x00003814                __exidx_end = .
                0x00003814                __etext = .

.rel.dyn        0x00003814        0x0
 .rel.iplt      0x00003814        0x0 c:/program files (x86)/gnu tools arm embedded/6 2017-q1-update/bin/../lib/gcc/arm-none-eabi/6.3.1/thumb/v6-m/crtbegin.o

.data           0x20000000       0xd0 load address 0x00003814
                0x20000000                __data_start__ = .
 *(vtable)
 *(.data*)
 .data.sequence
                0x20000000        0x1 ./User/main.o
                0x20000000                sequence
 .data.PreMode  0x20000001        0x1 ./Library/rfm69_function.o
 .data.RFState  0x20000002        0x1 ./Library/rfm69_function.o
                0x20000002                RFState
 *fill*         0x20000003        0x1 
 .data.RegistersCfg
                0x20000004       0x50 ./Library/rfm69_function.o
                0x20000004                RegistersCfg
 .data.CyclesPerUs
                0x20000054        0x4 ./CMSIS/system_M0564.o
                0x20000054                CyclesPerUs
 .data.PllClock
                0x20000058        0x4 ./CMSIS/system_M0564.o
                0x20000058                PllClock
 .data.SystemCoreClock
                0x2000005c        0x4 ./CMSIS/system_M0564.o
                0x2000005c                SystemCoreClock
 .data._impure_ptr
                0x20000060        0x4 c:/program files (x86)/gnu tools arm embedded/6 2017-q1-update/bin/../lib/gcc/arm-none-eabi/6.3.1/../../../../arm-none-eabi/lib/thumb/v6-m\libg_nano.a(lib_a-impure.o)
                0x20000060                _impure_ptr
 .data.impure_data
                0x20000064       0x60 c:/program files (x86)/gnu tools arm embedded/6 2017-q1-update/bin/../lib/gcc/arm-none-eabi/6.3.1/../../../../arm-none-eabi/lib/thumb/v6-m\libg_nano.a(lib_a-impure.o)
                0x200000c4                . = ALIGN (0x4)
                0x200000c4                PROVIDE (__preinit_array_start, .)
 *(.preinit_array)
                0x200000c4                PROVIDE (__preinit_array_end, .)
                0x200000c4                . = ALIGN (0x4)
                0x200000c4                PROVIDE (__init_array_start, .)
 *(SORT(.init_array.*))
 *(.init_array)
 .init_array    0x200000c4        0x4 c:/program files (x86)/gnu tools arm embedded/6 2017-q1-update/bin/../lib/gcc/arm-none-eabi/6.3.1/thumb/v6-m/crtbegin.o
                0x200000c8                PROVIDE (__init_array_end, .)
                0x200000c8                . = ALIGN (0x4)
                [!provide]                PROVIDE (__fini_array_start, .)
 *(SORT(.fini_array.*))
 *(.fini_array)
 .fini_array    0x200000c8        0x4 c:/program files (x86)/gnu tools arm embedded/6 2017-q1-update/bin/../lib/gcc/arm-none-eabi/6.3.1/thumb/v6-m/crtbegin.o
                [!provide]                PROVIDE (__fini_array_end, .)
 *(.jcr*)
 .jcr           0x200000cc        0x0 c:/program files (x86)/gnu tools arm embedded/6 2017-q1-update/bin/../lib/gcc/arm-none-eabi/6.3.1/thumb/v6-m/crtbegin.o
 .jcr           0x200000cc        0x4 c:/program files (x86)/gnu tools arm embedded/6 2017-q1-update/bin/../lib/gcc/arm-none-eabi/6.3.1/thumb/v6-m/crtend.o
                0x200000d0                . = ALIGN (0x4)
                0x200000d0                __data_end__ = .

.igot.plt       0x200000d0        0x0 load address 0x000038e4
 .igot.plt      0x200000d0        0x0 c:/program files (x86)/gnu tools arm embedded/6 2017-q1-update/bin/../lib/gcc/arm-none-eabi/6.3.1/thumb/v6-m/crtbegin.o

.bss            0x200000d0       0xd4 load address 0x000038e4
                0x200000d0                . = ALIGN (0x4)
                0x200000d0                __bss_start__ = .
 *(.bss*)
 .bss           0x200000d0       0x1c c:/program files (x86)/gnu tools arm embedded/6 2017-q1-update/bin/../lib/gcc/arm-none-eabi/6.3.1/thumb/v6-m/crtbegin.o
 .bss.crc_rec   0x200000ec        0x2 ./User/main.o
                0x200000ec                crc_rec
 .bss.hard_ware
                0x200000ee        0x1 ./User/main.o
                0x200000ee                hard_ware
 .bss.recFlag   0x200000ef        0x1 ./User/main.o
                0x200000ef                recFlag
 .bss.rec_bat_power
                0x200000f0        0x4 ./User/main.o
                0x200000f0                rec_bat_power
 .bss.soft_ware
                0x200000f4        0x1 ./User/main.o
                0x200000f4                soft_ware
 .bss.spi_rec_count
                0x200000f5        0x1 ./User/main.o
                0x200000f5                spi_rec_count
 .bss.txFlag    0x200000f6        0x1 ./User/main.o
                0x200000f6                txFlag
 *fill*         0x200000f7        0x1 
 .bss.ByteCounter
                0x200000f8        0x2 ./Library/rfm69_function.o
 .bss.RFFramePos
                0x200000fa        0x1 ./Library/rfm69_function.o
 .bss.RFFrameSize
                0x200000fb        0x1 ./Library/rfm69_function.o
 .bss.pRFFrame  0x200000fc        0x4 ./Library/rfm69_function.o
 .bss.__malloc_free_list
                0x20000100        0x4 c:/program files (x86)/gnu tools arm embedded/6 2017-q1-update/bin/../lib/gcc/arm-none-eabi/6.3.1/../../../../arm-none-eabi/lib/thumb/v6-m\libg_nano.a(lib_a-nano-mallocr.o)
                0x20000100                __malloc_free_list
 .bss.__malloc_sbrk_start
                0x20000104        0x4 c:/program files (x86)/gnu tools arm embedded/6 2017-q1-update/bin/../lib/gcc/arm-none-eabi/6.3.1/../../../../arm-none-eabi/lib/thumb/v6-m\libg_nano.a(lib_a-nano-mallocr.o)
                0x20000104                __malloc_sbrk_start
 .bss.heap_end.4116
                0x20000108        0x4 c:/program files (x86)/gnu tools arm embedded/6 2017-q1-update/bin/../lib/gcc/arm-none-eabi/6.3.1/../../../../arm-none-eabi/lib/thumb/v6-m\libnosys.a(sbrk.o)
 *(COMMON)
 COMMON         0x2000010c       0x90 ./User/main.o
                0x2000010c                sendBuf
                0x2000011b                PANIC_SWITCH
                0x2000011c                cal_power
                0x2000011e                SOURCE_ID
                0x20000120                COMMON_VALUE
                0x20000121                Door_Sensor
                0x20000122                RFM
                0x20000124                recBuf
                0x20000133                SOURECE
                0x20000134                Rec_cpy
                0x20000154                WLC1
                0x2000015c                spi_rec_data
                0x2000016c                RFbuffer
                0x2000018a                RFbufferSize
                0x2000018c                batPower
                0x2000018e                Motion_Sensor
                0x20000190                WLC
                0x2000019a                SMART_KEY
                0x2000019b                COMMON_COMMAND
 COMMON         0x2000019c        0x1 ./Library/rfm69_function.o
                0x2000019c                value23
 *fill*         0x2000019d        0x3 
 COMMON         0x200001a0        0x4 ./CMSIS/GCC/_syscalls.o
                0x200001a0                errno
                0x200001a4                . = ALIGN (0x4)
                0x200001a4                __bss_end__ = .

.heap           0x200001a8      0x100
                0x200001a8                __HeapBase = .
                0x200001a8                __end__ = .
                0x200001a8                end = __end__
 *(.heap*)
 .heap          0x200001a8      0x100 ./CMSIS/GCC/startup_M0564.o
                0x200002a8                __HeapLimit = .

.stack_dummy    0x200001a8      0x400
 *(.stack*)
 .stack         0x200001a8      0x400 ./CMSIS/GCC/startup_M0564.o
                0x20005000                __StackTop = (ORIGIN (RAM) + LENGTH (RAM))
                0x20004c00                __StackLimit = (__StackTop - SIZEOF (.stack_dummy))
                0x20005000                PROVIDE (__stack, __StackTop)
                0x00000001                ASSERT ((__StackLimit >= __HeapLimit), region RAM overflowed with stack)
OUTPUT(rfm69_spi_master.elf elf32-littlearm)

.ARM.attributes
                0x00000000       0x28
 .ARM.attributes
                0x00000000       0x1e c:/program files (x86)/gnu tools arm embedded/6 2017-q1-update/bin/../lib/gcc/arm-none-eabi/6.3.1/thumb/v6-m/crti.o
 .ARM.attributes
                0x0000001e       0x2c c:/program files (x86)/gnu tools arm embedded/6 2017-q1-update/bin/../lib/gcc/arm-none-eabi/6.3.1/thumb/v6-m/crtbegin.o
 .ARM.attributes
                0x0000004a       0x1b c:/program files (x86)/gnu tools arm embedded/6 2017-q1-update/bin/../lib/gcc/arm-none-eabi/6.3.1/../../../../arm-none-eabi/lib/thumb/v6-m/crt0.o
 .ARM.attributes
                0x00000065       0x31 ./User/main.o
 .ARM.attributes
                0x00000096       0x31 ./Library/clk.o
 .ARM.attributes
                0x000000c7       0x31 ./Library/gpio.o
 .ARM.attributes
                0x000000f8       0x31 ./Library/retarget.o
 .ARM.attributes
                0x00000129       0x31 ./Library/rfm69_function.o
 .ARM.attributes
                0x0000015a       0x31 ./Library/spi.o
 .ARM.attributes
                0x0000018b       0x31 ./Library/timer.o
 .ARM.attributes
                0x000001bc       0x31 ./Library/uart.o
 .ARM.attributes
                0x000001ed       0x31 ./CMSIS/GCC/_syscalls.o
 .ARM.attributes
                0x0000021e       0x1b ./CMSIS/GCC/startup_M0564.o
 .ARM.attributes
                0x00000239       0x31 ./CMSIS/system_M0564.o
 .ARM.attributes
                0x0000026a       0x1e c:/program files (x86)/gnu tools arm embedded/6 2017-q1-update/bin/../lib/gcc/arm-none-eabi/6.3.1/thumb/v6-m\libgcc.a(_udivsi3.o)
 .ARM.attributes
                0x00000288       0x1e c:/program files (x86)/gnu tools arm embedded/6 2017-q1-update/bin/../lib/gcc/arm-none-eabi/6.3.1/thumb/v6-m\libgcc.a(_dvmd_tls.o)
 .ARM.attributes
                0x000002a6       0x2c c:/program files (x86)/gnu tools arm embedded/6 2017-q1-update/bin/../lib/gcc/arm-none-eabi/6.3.1/thumb/v6-m\libgcc.a(divsf3.o)
 .ARM.attributes
                0x000002d2       0x2c c:/program files (x86)/gnu tools arm embedded/6 2017-q1-update/bin/../lib/gcc/arm-none-eabi/6.3.1/thumb/v6-m\libgcc.a(mulsf3.o)
 .ARM.attributes
                0x000002fe       0x2c c:/program files (x86)/gnu tools arm embedded/6 2017-q1-update/bin/../lib/gcc/arm-none-eabi/6.3.1/thumb/v6-m\libgcc.a(floatsisf.o)
 .ARM.attributes
                0x0000032a       0x2c c:/program files (x86)/gnu tools arm embedded/6 2017-q1-update/bin/../lib/gcc/arm-none-eabi/6.3.1/thumb/v6-m\libgcc.a(extendsfdf2.o)
 .ARM.attributes
                0x00000356       0x1e c:/program files (x86)/gnu tools arm embedded/6 2017-q1-update/bin/../lib/gcc/arm-none-eabi/6.3.1/thumb/v6-m\libgcc.a(_clzsi2.o)
 .ARM.attributes
                0x00000374       0x2c c:/program files (x86)/gnu tools arm embedded/6 2017-q1-update/bin/../lib/gcc/arm-none-eabi/6.3.1/../../../../arm-none-eabi/lib/thumb/v6-m\libg_nano.a(lib_a-errno.o)
 .ARM.attributes
                0x000003a0       0x2c c:/program files (x86)/gnu tools arm embedded/6 2017-q1-update/bin/../lib/gcc/arm-none-eabi/6.3.1/../../../../arm-none-eabi/lib/thumb/v6-m\libg_nano.a(lib_a-exit.o)
 .ARM.attributes
                0x000003cc       0x2c c:/program files (x86)/gnu tools arm embedded/6 2017-q1-update/bin/../lib/gcc/arm-none-eabi/6.3.1/../../../../arm-none-eabi/lib/thumb/v6-m\libg_nano.a(lib_a-impure.o)
 .ARM.attributes
                0x000003f8       0x2c c:/program files (x86)/gnu tools arm embedded/6 2017-q1-update/bin/../lib/gcc/arm-none-eabi/6.3.1/../../../../arm-none-eabi/lib/thumb/v6-m\libg_nano.a(lib_a-init.o)
 .ARM.attributes
                0x00000424       0x2c c:/program files (x86)/gnu tools arm embedded/6 2017-q1-update/bin/../lib/gcc/arm-none-eabi/6.3.1/../../../../arm-none-eabi/lib/thumb/v6-m\libg_nano.a(lib_a-memcpy-stub.o)
 .ARM.attributes
                0x00000450       0x2c c:/program files (x86)/gnu tools arm embedded/6 2017-q1-update/bin/../lib/gcc/arm-none-eabi/6.3.1/../../../../arm-none-eabi/lib/thumb/v6-m\libg_nano.a(lib_a-memset.o)
 .ARM.attributes
                0x0000047c       0x2c c:/program files (x86)/gnu tools arm embedded/6 2017-q1-update/bin/../lib/gcc/arm-none-eabi/6.3.1/../../../../arm-none-eabi/lib/thumb/v6-m\libg_nano.a(lib_a-printf.o)
 .ARM.attributes
                0x000004a8       0x2c c:/program files (x86)/gnu tools arm embedded/6 2017-q1-update/bin/../lib/gcc/arm-none-eabi/6.3.1/../../../../arm-none-eabi/lib/thumb/v6-m\libg_nano.a(lib_a-puts.o)
 .ARM.attributes
                0x000004d4       0x1c c:/program files (x86)/gnu tools arm embedded/6 2017-q1-update/bin/../lib/gcc/arm-none-eabi/6.3.1/../../../../arm-none-eabi/lib/thumb/v6-m\libg_nano.a(lib_a-strlen.o)
 .ARM.attributes
                0x000004f0       0x2c c:/program files (x86)/gnu tools arm embedded/6 2017-q1-update/bin/../lib/gcc/arm-none-eabi/6.3.1/../../../../arm-none-eabi/lib/thumb/v6-m\libg_nano.a(lib_a-wbuf.o)
 .ARM.attributes
                0x0000051c       0x2c c:/program files (x86)/gnu tools arm embedded/6 2017-q1-update/bin/../lib/gcc/arm-none-eabi/6.3.1/../../../../arm-none-eabi/lib/thumb/v6-m\libg_nano.a(lib_a-wsetup.o)
 .ARM.attributes
                0x00000548       0x2c c:/program files (x86)/gnu tools arm embedded/6 2017-q1-update/bin/../lib/gcc/arm-none-eabi/6.3.1/../../../../arm-none-eabi/lib/thumb/v6-m\libg_nano.a(lib_a-fflush.o)
 .ARM.attributes
                0x00000574       0x2c c:/program files (x86)/gnu tools arm embedded/6 2017-q1-update/bin/../lib/gcc/arm-none-eabi/6.3.1/../../../../arm-none-eabi/lib/thumb/v6-m\libg_nano.a(lib_a-findfp.o)
 .ARM.attributes
                0x000005a0       0x2c c:/program files (x86)/gnu tools arm embedded/6 2017-q1-update/bin/../lib/gcc/arm-none-eabi/6.3.1/../../../../arm-none-eabi/lib/thumb/v6-m\libg_nano.a(lib_a-fwalk.o)
 .ARM.attributes
                0x000005cc       0x2c c:/program files (x86)/gnu tools arm embedded/6 2017-q1-update/bin/../lib/gcc/arm-none-eabi/6.3.1/../../../../arm-none-eabi/lib/thumb/v6-m\libg_nano.a(lib_a-makebuf.o)
 .ARM.attributes
                0x000005f8       0x2c c:/program files (x86)/gnu tools arm embedded/6 2017-q1-update/bin/../lib/gcc/arm-none-eabi/6.3.1/../../../../arm-none-eabi/lib/thumb/v6-m\libg_nano.a(lib_a-nano-freer.o)
 .ARM.attributes
                0x00000624       0x2c c:/program files (x86)/gnu tools arm embedded/6 2017-q1-update/bin/../lib/gcc/arm-none-eabi/6.3.1/../../../../arm-none-eabi/lib/thumb/v6-m\libg_nano.a(lib_a-nano-mallocr.o)
 .ARM.attributes
                0x00000650       0x2c c:/program files (x86)/gnu tools arm embedded/6 2017-q1-update/bin/../lib/gcc/arm-none-eabi/6.3.1/../../../../arm-none-eabi/lib/thumb/v6-m\libg_nano.a(lib_a-nano-vfprintf.o)
 .ARM.attributes
                0x0000067c       0x2c c:/program files (x86)/gnu tools arm embedded/6 2017-q1-update/bin/../lib/gcc/arm-none-eabi/6.3.1/../../../../arm-none-eabi/lib/thumb/v6-m\libg_nano.a(lib_a-nano-vfprintf_i.o)
 .ARM.attributes
                0x000006a8       0x2c c:/program files (x86)/gnu tools arm embedded/6 2017-q1-update/bin/../lib/gcc/arm-none-eabi/6.3.1/../../../../arm-none-eabi/lib/thumb/v6-m\libg_nano.a(lib_a-sbrkr.o)
 .ARM.attributes
                0x000006d4       0x2c c:/program files (x86)/gnu tools arm embedded/6 2017-q1-update/bin/../lib/gcc/arm-none-eabi/6.3.1/../../../../arm-none-eabi/lib/thumb/v6-m\libg_nano.a(lib_a-stdio.o)
 .ARM.attributes
                0x00000700       0x2c c:/program files (x86)/gnu tools arm embedded/6 2017-q1-update/bin/../lib/gcc/arm-none-eabi/6.3.1/../../../../arm-none-eabi/lib/thumb/v6-m\libg_nano.a(lib_a-writer.o)
 .ARM.attributes
                0x0000072c       0x2c c:/program files (x86)/gnu tools arm embedded/6 2017-q1-update/bin/../lib/gcc/arm-none-eabi/6.3.1/../../../../arm-none-eabi/lib/thumb/v6-m\libg_nano.a(lib_a-closer.o)
 .ARM.attributes
                0x00000758       0x2c c:/program files (x86)/gnu tools arm embedded/6 2017-q1-update/bin/../lib/gcc/arm-none-eabi/6.3.1/../../../../arm-none-eabi/lib/thumb/v6-m\libg_nano.a(lib_a-fstatr.o)
 .ARM.attributes
                0x00000784       0x2c c:/program files (x86)/gnu tools arm embedded/6 2017-q1-update/bin/../lib/gcc/arm-none-eabi/6.3.1/../../../../arm-none-eabi/lib/thumb/v6-m\libg_nano.a(lib_a-isattyr.o)
 .ARM.attributes
                0x000007b0       0x2c c:/program files (x86)/gnu tools arm embedded/6 2017-q1-update/bin/../lib/gcc/arm-none-eabi/6.3.1/../../../../arm-none-eabi/lib/thumb/v6-m\libg_nano.a(lib_a-lseekr.o)
 .ARM.attributes
                0x000007dc       0x2c c:/program files (x86)/gnu tools arm embedded/6 2017-q1-update/bin/../lib/gcc/arm-none-eabi/6.3.1/../../../../arm-none-eabi/lib/thumb/v6-m\libg_nano.a(lib_a-memchr-stub.o)
 .ARM.attributes
                0x00000808       0x2c c:/program files (x86)/gnu tools arm embedded/6 2017-q1-update/bin/../lib/gcc/arm-none-eabi/6.3.1/../../../../arm-none-eabi/lib/thumb/v6-m\libg_nano.a(lib_a-mlock.o)
 .ARM.attributes
                0x00000834       0x2c c:/program files (x86)/gnu tools arm embedded/6 2017-q1-update/bin/../lib/gcc/arm-none-eabi/6.3.1/../../../../arm-none-eabi/lib/thumb/v6-m\libg_nano.a(lib_a-readr.o)
 .ARM.attributes
                0x00000860       0x2c c:/program files (x86)/gnu tools arm embedded/6 2017-q1-update/bin/../lib/gcc/arm-none-eabi/6.3.1/thumb/v6-m/crtend.o
 .ARM.attributes
                0x0000088c       0x1e c:/program files (x86)/gnu tools arm embedded/6 2017-q1-update/bin/../lib/gcc/arm-none-eabi/6.3.1/thumb/v6-m/crtn.o
 .ARM.attributes
                0x000008aa       0x2c c:/program files (x86)/gnu tools arm embedded/6 2017-q1-update/bin/../lib/gcc/arm-none-eabi/6.3.1/../../../../arm-none-eabi/lib/thumb/v6-m\libnosys.a(sbrk.o)
 .ARM.attributes
                0x000008d6       0x2c c:/program files (x86)/gnu tools arm embedded/6 2017-q1-update/bin/../lib/gcc/arm-none-eabi/6.3.1/../../../../arm-none-eabi/lib/thumb/v6-m\libnosys.a(_exit.o)

.comment        0x00000000       0x7f
 .comment       0x00000000       0x7f ./User/main.o
                                 0x80 (size before relaxing)
 .comment       0x0000007f       0x80 ./Library/clk.o
 .comment       0x0000007f       0x80 ./Library/gpio.o
 .comment       0x0000007f       0x80 ./Library/retarget.o
 .comment       0x0000007f       0x80 ./Library/rfm69_function.o
 .comment       0x0000007f       0x80 ./Library/spi.o
 .comment       0x0000007f       0x80 ./Library/timer.o
 .comment       0x0000007f       0x80 ./Library/uart.o
 .comment       0x0000007f       0x80 ./CMSIS/GCC/_syscalls.o
 .comment       0x0000007f       0x80 ./CMSIS/system_M0564.o

.debug_info     0x00000000     0x9a7d
 .debug_info    0x00000000     0x2616 ./User/main.o
 .debug_info    0x00002616      0x9f3 ./Library/clk.o
 .debug_info    0x00003009      0x221 ./Library/gpio.o
 .debug_info    0x0000322a      0xd5f ./Library/retarget.o
 .debug_info    0x00003f89     0x123d ./Library/rfm69_function.o
 .debug_info    0x000051c6      0xf50 ./Library/spi.o
 .debug_info    0x00006116      0x790 ./Library/timer.o
 .debug_info    0x000068a6     0x13d7 ./Library/uart.o
 .debug_info    0x00007c7d     0x11bb ./CMSIS/GCC/_syscalls.o
 .debug_info    0x00008e38       0x6d ./CMSIS/GCC/startup_M0564.o
 .debug_info    0x00008ea5      0xbd8 ./CMSIS/system_M0564.o

.debug_abbrev   0x00000000     0x1a6c
 .debug_abbrev  0x00000000      0x403 ./User/main.o
 .debug_abbrev  0x00000403      0x281 ./Library/clk.o
 .debug_abbrev  0x00000684       0xf6 ./Library/gpio.o
 .debug_abbrev  0x0000077a      0x317 ./Library/retarget.o
 .debug_abbrev  0x00000a91      0x315 ./Library/rfm69_function.o
 .debug_abbrev  0x00000da6      0x27e ./Library/spi.o
 .debug_abbrev  0x00001024      0x1dc ./Library/timer.o
 .debug_abbrev  0x00001200      0x389 ./Library/uart.o
 .debug_abbrev  0x00001589      0x289 ./CMSIS/GCC/_syscalls.o
 .debug_abbrev  0x00001812       0x14 ./CMSIS/GCC/startup_M0564.o
 .debug_abbrev  0x00001826      0x246 ./CMSIS/system_M0564.o

.debug_loc      0x00000000     0x321a
 .debug_loc     0x00000000      0x273 ./User/main.o
 .debug_loc     0x00000273      0x67a ./Library/clk.o
 .debug_loc     0x000008ed       0x40 ./Library/gpio.o
 .debug_loc     0x0000092d      0x184 ./Library/retarget.o
 .debug_loc     0x00000ab1      0x3d9 ./Library/rfm69_function.o
 .debug_loc     0x00000e8a     0x111a ./Library/spi.o
 .debug_loc     0x00001fa4      0x51c ./Library/timer.o
 .debug_loc     0x000024c0      0x732 ./Library/uart.o
 .debug_loc     0x00002bf2      0x549 ./CMSIS/GCC/_syscalls.o
 .debug_loc     0x0000313b       0xdf ./CMSIS/system_M0564.o

.debug_aranges  0x00000000      0x548
 .debug_aranges
                0x00000000       0x80 ./User/main.o
 .debug_aranges
                0x00000080       0xd0 ./Library/clk.o
 .debug_aranges
                0x00000150       0x30 ./Library/gpio.o
 .debug_aranges
                0x00000180       0x78 ./Library/retarget.o
 .debug_aranges
                0x000001f8       0x70 ./Library/rfm69_function.o
 .debug_aranges
                0x00000268       0xc8 ./Library/spi.o
 .debug_aranges
                0x00000330       0x78 ./Library/timer.o
 .debug_aranges
                0x000003a8       0x88 ./Library/uart.o
 .debug_aranges
                0x00000430       0xd0 ./CMSIS/GCC/_syscalls.o
 .debug_aranges
                0x00000500       0x20 ./CMSIS/GCC/startup_M0564.o
 .debug_aranges
                0x00000520       0x28 ./CMSIS/system_M0564.o

.debug_ranges   0x00000000      0x4a0
 .debug_ranges  0x00000000       0x70 ./User/main.o
 .debug_ranges  0x00000070       0xd8 ./Library/clk.o
 .debug_ranges  0x00000148       0x20 ./Library/gpio.o
 .debug_ranges  0x00000168       0x68 ./Library/retarget.o
 .debug_ranges  0x000001d0       0x60 ./Library/rfm69_function.o
 .debug_ranges  0x00000230       0xb8 ./Library/spi.o
 .debug_ranges  0x000002e8       0x68 ./Library/timer.o
 .debug_ranges  0x00000350       0x78 ./Library/uart.o
 .debug_ranges  0x000003c8       0xc0 ./CMSIS/GCC/_syscalls.o
 .debug_ranges  0x00000488       0x18 ./CMSIS/system_M0564.o

.debug_line     0x00000000     0x24dd
 .debug_line    0x00000000      0x534 ./User/main.o
 .debug_line    0x00000534      0x41c ./Library/clk.o
 .debug_line    0x00000950      0x193 ./Library/gpio.o
 .debug_line    0x00000ae3      0x358 ./Library/retarget.o
 .debug_line    0x00000e3b      0x388 ./Library/rfm69_function.o
 .debug_line    0x000011c3      0x5b2 ./Library/spi.o
 .debug_line    0x00001775      0x2dd ./Library/timer.o
 .debug_line    0x00001a52      0x3f6 ./Library/uart.o
 .debug_line    0x00001e48      0x3e3 ./CMSIS/GCC/_syscalls.o
 .debug_line    0x0000222b       0x6a ./CMSIS/GCC/startup_M0564.o
 .debug_line    0x00002295      0x248 ./CMSIS/system_M0564.o

.debug_str      0x00000000     0x1dd2
 .debug_str     0x00000000     0x106e ./User/main.o
                               0x11c9 (size before relaxing)
 .debug_str     0x0000106e      0x2f0 ./Library/clk.o
                                0x5ab (size before relaxing)
 .debug_str     0x0000135e       0x4f ./Library/gpio.o
                                0x25e (size before relaxing)
 .debug_str     0x000013ad       0xaa ./Library/retarget.o
                                0x6d8 (size before relaxing)
 .debug_str     0x00001457       0xff ./Library/rfm69_function.o
                                0x890 (size before relaxing)
 .debug_str     0x00001556      0x23d ./Library/spi.o
                                0x68f (size before relaxing)
 .debug_str     0x00001793      0x17e ./Library/timer.o
                                0x512 (size before relaxing)
 .debug_str     0x00001911      0x1e1 ./Library/uart.o
                                0xaf2 (size before relaxing)
 .debug_str     0x00001af2      0x2a3 ./CMSIS/GCC/_syscalls.o
                                0x899 (size before relaxing)
 .debug_str     0x00001d95       0x3d ./CMSIS/system_M0564.o
                                0x6fd (size before relaxing)

.debug_frame    0x00000000     0x1560
 .debug_frame   0x00000000      0x174 ./User/main.o
 .debug_frame   0x00000174      0x20c ./Library/clk.o
 .debug_frame   0x00000380       0x54 ./Library/gpio.o
 .debug_frame   0x000003d4      0x100 ./Library/retarget.o
 .debug_frame   0x000004d4      0x134 ./Library/rfm69_function.o
 .debug_frame   0x00000608      0x1e4 ./Library/spi.o
 .debug_frame   0x000007ec      0x10c ./Library/timer.o
 .debug_frame   0x000008f8      0x158 ./Library/uart.o
 .debug_frame   0x00000a50      0x230 ./CMSIS/GCC/_syscalls.o
 .debug_frame   0x00000c80       0x3c ./CMSIS/system_M0564.o
 .debug_frame   0x00000cbc       0x20 c:/program files (x86)/gnu tools arm embedded/6 2017-q1-update/bin/../lib/gcc/arm-none-eabi/6.3.1/thumb/v6-m\libgcc.a(_udivsi3.o)
 .debug_frame   0x00000cdc       0x3c c:/program files (x86)/gnu tools arm embedded/6 2017-q1-update/bin/../lib/gcc/arm-none-eabi/6.3.1/thumb/v6-m\libgcc.a(divsf3.o)
 .debug_frame   0x00000d18       0x3c c:/program files (x86)/gnu tools arm embedded/6 2017-q1-update/bin/../lib/gcc/arm-none-eabi/6.3.1/thumb/v6-m\libgcc.a(mulsf3.o)
 .debug_frame   0x00000d54       0x2c c:/program files (x86)/gnu tools arm embedded/6 2017-q1-update/bin/../lib/gcc/arm-none-eabi/6.3.1/thumb/v6-m\libgcc.a(floatsisf.o)
 .debug_frame   0x00000d80       0x2c c:/program files (x86)/gnu tools arm embedded/6 2017-q1-update/bin/../lib/gcc/arm-none-eabi/6.3.1/thumb/v6-m\libgcc.a(extendsfdf2.o)
 .debug_frame   0x00000dac       0x20 c:/program files (x86)/gnu tools arm embedded/6 2017-q1-update/bin/../lib/gcc/arm-none-eabi/6.3.1/../../../../arm-none-eabi/lib/thumb/v6-m\libg_nano.a(lib_a-errno.o)
 .debug_frame   0x00000dcc       0x28 c:/program files (x86)/gnu tools arm embedded/6 2017-q1-update/bin/../lib/gcc/arm-none-eabi/6.3.1/../../../../arm-none-eabi/lib/thumb/v6-m\libg_nano.a(lib_a-exit.o)
 .debug_frame   0x00000df4       0x2c c:/program files (x86)/gnu tools arm embedded/6 2017-q1-update/bin/../lib/gcc/arm-none-eabi/6.3.1/../../../../arm-none-eabi/lib/thumb/v6-m\libg_nano.a(lib_a-init.o)
 .debug_frame   0x00000e20       0x28 c:/program files (x86)/gnu tools arm embedded/6 2017-q1-update/bin/../lib/gcc/arm-none-eabi/6.3.1/../../../../arm-none-eabi/lib/thumb/v6-m\libg_nano.a(lib_a-memcpy-stub.o)
 .debug_frame   0x00000e48       0x20 c:/program files (x86)/gnu tools arm embedded/6 2017-q1-update/bin/../lib/gcc/arm-none-eabi/6.3.1/../../../../arm-none-eabi/lib/thumb/v6-m\libg_nano.a(lib_a-memset.o)
 .debug_frame   0x00000e68       0x50 c:/program files (x86)/gnu tools arm embedded/6 2017-q1-update/bin/../lib/gcc/arm-none-eabi/6.3.1/../../../../arm-none-eabi/lib/thumb/v6-m\libg_nano.a(lib_a-printf.o)
 .debug_frame   0x00000eb8       0x44 c:/program files (x86)/gnu tools arm embedded/6 2017-q1-update/bin/../lib/gcc/arm-none-eabi/6.3.1/../../../../arm-none-eabi/lib/thumb/v6-m\libg_nano.a(lib_a-puts.o)
 .debug_frame   0x00000efc       0x48 c:/program files (x86)/gnu tools arm embedded/6 2017-q1-update/bin/../lib/gcc/arm-none-eabi/6.3.1/../../../../arm-none-eabi/lib/thumb/v6-m\libg_nano.a(lib_a-wbuf.o)
 .debug_frame   0x00000f44       0x2c c:/program files (x86)/gnu tools arm embedded/6 2017-q1-update/bin/../lib/gcc/arm-none-eabi/6.3.1/../../../../arm-none-eabi/lib/thumb/v6-m\libg_nano.a(lib_a-wsetup.o)
 .debug_frame   0x00000f70       0x68 c:/program files (x86)/gnu tools arm embedded/6 2017-q1-update/bin/../lib/gcc/arm-none-eabi/6.3.1/../../../../arm-none-eabi/lib/thumb/v6-m\libg_nano.a(lib_a-fflush.o)
 .debug_frame   0x00000fd8      0x140 c:/program files (x86)/gnu tools arm embedded/6 2017-q1-update/bin/../lib/gcc/arm-none-eabi/6.3.1/../../../../arm-none-eabi/lib/thumb/v6-m\libg_nano.a(lib_a-findfp.o)
 .debug_frame   0x00001118       0x58 c:/program files (x86)/gnu tools arm embedded/6 2017-q1-update/bin/../lib/gcc/arm-none-eabi/6.3.1/../../../../arm-none-eabi/lib/thumb/v6-m\libg_nano.a(lib_a-fwalk.o)
 .debug_frame   0x00001170       0x54 c:/program files (x86)/gnu tools arm embedded/6 2017-q1-update/bin/../lib/gcc/arm-none-eabi/6.3.1/../../../../arm-none-eabi/lib/thumb/v6-m\libg_nano.a(lib_a-makebuf.o)
 .debug_frame   0x000011c4       0x2c c:/program files (x86)/gnu tools arm embedded/6 2017-q1-update/bin/../lib/gcc/arm-none-eabi/6.3.1/../../../../arm-none-eabi/lib/thumb/v6-m\libg_nano.a(lib_a-nano-freer.o)
 .debug_frame   0x000011f0       0x2c c:/program files (x86)/gnu tools arm embedded/6 2017-q1-update/bin/../lib/gcc/arm-none-eabi/6.3.1/../../../../arm-none-eabi/lib/thumb/v6-m\libg_nano.a(lib_a-nano-mallocr.o)
 .debug_frame   0x0000121c       0x9c c:/program files (x86)/gnu tools arm embedded/6 2017-q1-update/bin/../lib/gcc/arm-none-eabi/6.3.1/../../../../arm-none-eabi/lib/thumb/v6-m\libg_nano.a(lib_a-nano-vfprintf.o)
 .debug_frame   0x000012b8       0x54 c:/program files (x86)/gnu tools arm embedded/6 2017-q1-update/bin/../lib/gcc/arm-none-eabi/6.3.1/../../../../arm-none-eabi/lib/thumb/v6-m\libg_nano.a(lib_a-nano-vfprintf_i.o)
 .debug_frame   0x0000130c       0x2c c:/program files (x86)/gnu tools arm embedded/6 2017-q1-update/bin/../lib/gcc/arm-none-eabi/6.3.1/../../../../arm-none-eabi/lib/thumb/v6-m\libg_nano.a(lib_a-sbrkr.o)
 .debug_frame   0x00001338       0x90 c:/program files (x86)/gnu tools arm embedded/6 2017-q1-update/bin/../lib/gcc/arm-none-eabi/6.3.1/../../../../arm-none-eabi/lib/thumb/v6-m\libg_nano.a(lib_a-stdio.o)
 .debug_frame   0x000013c8       0x2c c:/program files (x86)/gnu tools arm embedded/6 2017-q1-update/bin/../lib/gcc/arm-none-eabi/6.3.1/../../../../arm-none-eabi/lib/thumb/v6-m\libg_nano.a(lib_a-writer.o)
 .debug_frame   0x000013f4       0x2c c:/program files (x86)/gnu tools arm embedded/6 2017-q1-update/bin/../lib/gcc/arm-none-eabi/6.3.1/../../../../arm-none-eabi/lib/thumb/v6-m\libg_nano.a(lib_a-closer.o)
 .debug_frame   0x00001420       0x2c c:/program files (x86)/gnu tools arm embedded/6 2017-q1-update/bin/../lib/gcc/arm-none-eabi/6.3.1/../../../../arm-none-eabi/lib/thumb/v6-m\libg_nano.a(lib_a-fstatr.o)
 .debug_frame   0x0000144c       0x2c c:/program files (x86)/gnu tools arm embedded/6 2017-q1-update/bin/../lib/gcc/arm-none-eabi/6.3.1/../../../../arm-none-eabi/lib/thumb/v6-m\libg_nano.a(lib_a-isattyr.o)
 .debug_frame   0x00001478       0x2c c:/program files (x86)/gnu tools arm embedded/6 2017-q1-update/bin/../lib/gcc/arm-none-eabi/6.3.1/../../../../arm-none-eabi/lib/thumb/v6-m\libg_nano.a(lib_a-lseekr.o)
 .debug_frame   0x000014a4       0x20 c:/program files (x86)/gnu tools arm embedded/6 2017-q1-update/bin/../lib/gcc/arm-none-eabi/6.3.1/../../../../arm-none-eabi/lib/thumb/v6-m\libg_nano.a(lib_a-memchr-stub.o)
 .debug_frame   0x000014c4       0x30 c:/program files (x86)/gnu tools arm embedded/6 2017-q1-update/bin/../lib/gcc/arm-none-eabi/6.3.1/../../../../arm-none-eabi/lib/thumb/v6-m\libg_nano.a(lib_a-mlock.o)
 .debug_frame   0x000014f4       0x2c c:/program files (x86)/gnu tools arm embedded/6 2017-q1-update/bin/../lib/gcc/arm-none-eabi/6.3.1/../../../../arm-none-eabi/lib/thumb/v6-m\libg_nano.a(lib_a-readr.o)
 .debug_frame   0x00001520       0x20 c:/program files (x86)/gnu tools arm embedded/6 2017-q1-update/bin/../lib/gcc/arm-none-eabi/6.3.1/../../../../arm-none-eabi/lib/thumb/v6-m\libnosys.a(sbrk.o)
 .debug_frame   0x00001540       0x20 c:/program files (x86)/gnu tools arm embedded/6 2017-q1-update/bin/../lib/gcc/arm-none-eabi/6.3.1/../../../../arm-none-eabi/lib/thumb/v6-m\libnosys.a(_exit.o)
