Archive member included to satisfy reference by file (symbol)

c:/program files (x86)/gnu arm embedded toolchain/10 2021.10/bin/../lib/gcc/arm-none-eabi/10.3.1/thumb/v6-m/nofp\libgcc.a(_udivsi3.o)
                              ./Library/clk.o (__aeabi_uidiv)
c:/program files (x86)/gnu arm embedded toolchain/10 2021.10/bin/../lib/gcc/arm-none-eabi/10.3.1/thumb/v6-m/nofp\libgcc.a(_divsi3.o)
                              ./User/main.o (__aeabi_idiv)
c:/program files (x86)/gnu arm embedded toolchain/10 2021.10/bin/../lib/gcc/arm-none-eabi/10.3.1/thumb/v6-m/nofp\libgcc.a(_dvmd_tls.o)
                              c:/program files (x86)/gnu arm embedded toolchain/10 2021.10/bin/../lib/gcc/arm-none-eabi/10.3.1/thumb/v6-m/nofp\libgcc.a(_udivsi3.o) (__aeabi_idiv0)
c:/program files (x86)/gnu arm embedded toolchain/10 2021.10/bin/../lib/gcc/arm-none-eabi/10.3.1/thumb/v6-m/nofp\libgcc.a(_fixunsdfsi.o)
                              ./User/main.o (__aeabi_d2uiz)
c:/program files (x86)/gnu arm embedded toolchain/10 2021.10/bin/../lib/gcc/arm-none-eabi/10.3.1/thumb/v6-m/nofp\libgcc.a(divsf3.o)
                              ./User/main.o (__aeabi_fdiv)
c:/program files (x86)/gnu arm embedded toolchain/10 2021.10/bin/../lib/gcc/arm-none-eabi/10.3.1/thumb/v6-m/nofp\libgcc.a(mulsf3.o)
                              ./User/main.o (__aeabi_fmul)
c:/program files (x86)/gnu arm embedded toolchain/10 2021.10/bin/../lib/gcc/arm-none-eabi/10.3.1/thumb/v6-m/nofp\libgcc.a(subsf3.o)
                              ./User/main.o (__aeabi_fsub)
c:/program files (x86)/gnu arm embedded toolchain/10 2021.10/bin/../lib/gcc/arm-none-eabi/10.3.1/thumb/v6-m/nofp\libgcc.a(fixsfsi.o)
                              ./User/main.o (__aeabi_f2iz)
c:/program files (x86)/gnu arm embedded toolchain/10 2021.10/bin/../lib/gcc/arm-none-eabi/10.3.1/thumb/v6-m/nofp\libgcc.a(floatsisf.o)
                              ./User/main.o (__aeabi_i2f)
c:/program files (x86)/gnu arm embedded toolchain/10 2021.10/bin/../lib/gcc/arm-none-eabi/10.3.1/thumb/v6-m/nofp\libgcc.a(muldf3.o)
                              ./User/main.o (__aeabi_dmul)
c:/program files (x86)/gnu arm embedded toolchain/10 2021.10/bin/../lib/gcc/arm-none-eabi/10.3.1/thumb/v6-m/nofp\libgcc.a(subdf3.o)
                              c:/program files (x86)/gnu arm embedded toolchain/10 2021.10/bin/../lib/gcc/arm-none-eabi/10.3.1/thumb/v6-m/nofp\libgcc.a(_fixunsdfsi.o) (__aeabi_dsub)
c:/program files (x86)/gnu arm embedded toolchain/10 2021.10/bin/../lib/gcc/arm-none-eabi/10.3.1/thumb/v6-m/nofp\libgcc.a(fixdfsi.o)
                              c:/program files (x86)/gnu arm embedded toolchain/10 2021.10/bin/../lib/gcc/arm-none-eabi/10.3.1/thumb/v6-m/nofp\libgcc.a(_fixunsdfsi.o) (__aeabi_d2iz)
c:/program files (x86)/gnu arm embedded toolchain/10 2021.10/bin/../lib/gcc/arm-none-eabi/10.3.1/thumb/v6-m/nofp\libgcc.a(floatsidf.o)
                              ./User/main.o (__aeabi_i2d)
c:/program files (x86)/gnu arm embedded toolchain/10 2021.10/bin/../lib/gcc/arm-none-eabi/10.3.1/thumb/v6-m/nofp\libgcc.a(extendsfdf2.o)
                              ./User/main.o (__aeabi_f2d)
c:/program files (x86)/gnu arm embedded toolchain/10 2021.10/bin/../lib/gcc/arm-none-eabi/10.3.1/thumb/v6-m/nofp\libgcc.a(truncdfsf2.o)
                              ./User/main.o (__aeabi_d2f)
c:/program files (x86)/gnu arm embedded toolchain/10 2021.10/bin/../lib/gcc/arm-none-eabi/10.3.1/thumb/v6-m/nofp\libgcc.a(_arm_cmpdf2.o)
                              c:/program files (x86)/gnu arm embedded toolchain/10 2021.10/bin/../lib/gcc/arm-none-eabi/10.3.1/thumb/v6-m/nofp\libgcc.a(_fixunsdfsi.o) (__aeabi_dcmpge)
c:/program files (x86)/gnu arm embedded toolchain/10 2021.10/bin/../lib/gcc/arm-none-eabi/10.3.1/thumb/v6-m/nofp\libgcc.a(_clzsi2.o)
                              c:/program files (x86)/gnu arm embedded toolchain/10 2021.10/bin/../lib/gcc/arm-none-eabi/10.3.1/thumb/v6-m/nofp\libgcc.a(divsf3.o) (__clzsi2)
c:/program files (x86)/gnu arm embedded toolchain/10 2021.10/bin/../lib/gcc/arm-none-eabi/10.3.1/thumb/v6-m/nofp\libgcc.a(eqdf2.o)
                              c:/program files (x86)/gnu arm embedded toolchain/10 2021.10/bin/../lib/gcc/arm-none-eabi/10.3.1/thumb/v6-m/nofp\libgcc.a(_arm_cmpdf2.o) (__eqdf2)
c:/program files (x86)/gnu arm embedded toolchain/10 2021.10/bin/../lib/gcc/arm-none-eabi/10.3.1/thumb/v6-m/nofp\libgcc.a(gedf2.o)
                              c:/program files (x86)/gnu arm embedded toolchain/10 2021.10/bin/../lib/gcc/arm-none-eabi/10.3.1/thumb/v6-m/nofp\libgcc.a(_arm_cmpdf2.o) (__gedf2)
c:/program files (x86)/gnu arm embedded toolchain/10 2021.10/bin/../lib/gcc/arm-none-eabi/10.3.1/thumb/v6-m/nofp\libgcc.a(ledf2.o)
                              c:/program files (x86)/gnu arm embedded toolchain/10 2021.10/bin/../lib/gcc/arm-none-eabi/10.3.1/thumb/v6-m/nofp\libgcc.a(_arm_cmpdf2.o) (__ledf2)
[...]
Memory Configuration

Name             Origin             Length             Attributes
FLASH            0x00000000         0x00040000         xr
RAM              0x20000000         0x00005000         xrw
*default*        0x00000000         0xffffffff

Linker script and memory map

LOAD c:/program files (x86)/gnu arm embedded toolchain/10 2021.10/bin/../lib/gcc/arm-none-eabi/10.3.1/thumb/v6-m/nofp/crti.o
LOAD c:/program files (x86)/gnu arm embedded toolchain/10 2021.10/bin/../lib/gcc/arm-none-eabi/10.3.1/thumb/v6-m/nofp/crtbegin.o
LOAD c:/program files (x86)/gnu arm embedded toolchain/10 2021.10/bin/../lib/gcc/arm-none-eabi/10.3.1/../../../../arm-none-eabi/lib/thumb/v6-m/nofp/crt0.o
LOAD ./User/main.o
LOAD ./Library/clk.o
LOAD ./Library/gpio.o
LOAD ./Library/retarget.o
LOAD ./Library/rfm69_function.o
LOAD ./Library/spi.o
LOAD ./Library/sys.o
LOAD ./Library/timer.o
LOAD ./Library/uart.o
LOAD ./CMSIS/GCC/_syscalls.o
LOAD ./CMSIS/GCC/startup_M0564.o
LOAD ./CMSIS/system_M0564.o
START GROUP
LOAD c:/program files (x86)/gnu arm embedded toolchain/10 2021.10/bin/../lib/gcc/arm-none-eabi/10.3.1/thumb/v6-m/nofp\libgcc.a
LOAD c:/program files (x86)/gnu arm embedded toolchain/10 2021.10/bin/../lib/gcc/arm-none-eabi/10.3.1/../../../../arm-none-eabi/lib/thumb/v6-m/nofp\libg_nano.a
LOAD c:/program files (x86)/gnu arm embedded toolchain/10 2021.10/bin/../lib/gcc/arm-none-eabi/10.3.1/../../../../arm-none-eabi/lib/thumb/v6-m/nofp\libc_nano.a
END GROUP
START GROUP
LOAD c:/program files (x86)/gnu arm embedded toolchain/10 2021.10/bin/../lib/gcc/arm-none-eabi/10.3.1/thumb/v6-m/nofp\libgcc.a
LOAD c:/program files (x86)/gnu arm embedded toolchain/10 2021.10/bin/../lib/gcc/arm-none-eabi/10.3.1/../../../../arm-none-eabi/lib/thumb/v6-m/nofp\libc_nano.a
END GROUP
LOAD c:/program files (x86)/gnu arm embedded toolchain/10 2021.10/bin/../lib/gcc/arm-none-eabi/10.3.1/thumb/v6-m/nofp/crtend.o
LOAD c:/program files (x86)/gnu arm embedded toolchain/10 2021.10/bin/../lib/gcc/arm-none-eabi/10.3.1/thumb/v6-m/nofp/crtn.o
START GROUP
LOAD c:/program files (x86)/gnu arm embedded toolchain/10 2021.10/bin/../lib/gcc/arm-none-eabi/10.3.1/thumb/v6-m/nofp\libgcc.a
LOAD c:/program files (x86)/gnu arm embedded toolchain/10 2021.10/bin/../lib/gcc/arm-none-eabi/10.3.1/../../../../arm-none-eabi/lib/thumb/v6-m/nofp\libc.a
LOAD c:/program files (x86)/gnu arm embedded toolchain/10 2021.10/bin/../lib/gcc/arm-none-eabi/10.3.1/../../../../arm-none-eabi/lib/thumb/v6-m/nofp\libm.a
LOAD c:/program files (x86)/gnu arm embedded toolchain/10 2021.10/bin/../lib/gcc/arm-none-eabi/10.3.1/../../../../arm-none-eabi/lib/thumb/v6-m/nofp\libnosys.a
END GROUP

.text           0x00000000     0x35b4
 *(.vectors)
 .vectors       0x00000000       0xbc ./CMSIS/GCC/startup_M0564.o
                0x00000000                __Vectors
                0x000000bc                __Vectors_End = .
                0x000000bc                __Vectors_Size = (__Vectors_End - __Vectors)
                0x20000728                __end__ = .
 *(.text*)
 .text          0x000000bc       0x48 c:/program files (x86)/gnu arm embedded toolchain/10 2021.10/bin/../lib/gcc/arm-none-eabi/10.3.1/thumb/v6-m/nofp/crtbegin.o
 .text          0x00000104       0x80 c:/program files (x86)/gnu arm embedded toolchain/10 2021.10/bin/../lib/gcc/arm-none-eabi/10.3.1/../../../../arm-none-eabi/lib/thumb/v6-m/nofp/crt0.o
                0x00000104                _stack_init
                0x00000110                _start
                0x00000110                _mainCRTStartup
 .text.crc_calcul
                0x00000184       0x48 ./User/main.o
                0x00000184                crc_calcul
 .text.receive  0x000001cc       0xa4 ./User/main.o
                0x000001cc                receive
 .text.reset_rfm69
                0x00000270       0x28 ./User/main.o
                0x00000270                reset_rfm69
 .text.TMR0_IRQHandler
                0x00000298       0x28 ./User/main.o
                0x00000298                TMR0_IRQHandler
 .text.UART2_TEST_HANDLE
                0x000002c0       0x50 ./User/main.o
                0x000002c0                UART2_TEST_HANDLE
 .text.UART02_IRQHandler
                0x00000310        0x8 ./User/main.o
                0x00000310                UART02_IRQHandler
 .text.UART2_Init
                0x00000318       0x30 ./User/main.o
                0x00000318                UART2_Init
 .text.UART1_Init
                0x00000348       0x30 ./User/main.o
                0x00000348                UART1_Init
 .text.SPI_Init
                0x00000378       0x44 ./User/main.o
                0x00000378                SPI_Init
 .text.SPI0_IRQHandler
                0x000003bc       0x40 ./User/main.o
                0x000003bc                SPI0_IRQHandler
 .text.GPCDEF_IRQHandler
                0x000003fc       0x6c ./User/main.o
                0x000003fc                GPCDEF_IRQHandler
 .text.SYS_Init
                0x00000468      0x114 ./User/main.o
                0x00000468                SYS_Init
 .text.RFMair   0x0000057c      0x224 ./User/main.o
                0x0000057c                RFMair
 .text.gsm_init
                0x000007a0       0x70 ./User/main.o
                0x000007a0                gsm_init
 .text.gsm_datacall
                0x00000810       0xc4 ./User/main.o
                0x00000810                gsm_datacall
 .text.gsm_connect
                0x000008d4       0xa8 ./User/main.o
                0x000008d4                gsm_connect
 .text.gsm_query
                0x0000097c       0x74 ./User/main.o
                0x0000097c                gsm_query
 .text.loop_delay
                0x000009f0       0x20 ./User/main.o
                0x000009f0                loop_delay
 .text.gsm_get_snapshot
                0x00000a10      0x158 ./User/main.o
                0x00000a10                gsm_get_snapshot
 .text.gsm_http_report_data
                0x00000b68      0x1c8 ./User/main.o
                0x00000b68                gsm_http_report_data
 .text.UART_Write_main
                0x00000d30       0x18 ./User/main.o
                0x00000d30                UART_Write_main
 .text.UART1_TEST_HANDLE
                0x00000d48       0xcc ./User/main.o
                0x00000d48                UART1_TEST_HANDLE
 .text.UART1_IRQHandler
                0x00000e14       0x24 ./User/main.o
                0x00000e14                UART1_IRQHandler
 .text.gsm_idle
                0x00000e38       0x5c ./User/main.o
                0x00000e38                gsm_idle
 .text.main     0x00000e94      0x198 ./User/main.o
                0x00000e94                main
 .text.CLK_GetHCLKFreq
                0x0000102c       0x10 ./Library/clk.o
                0x0000102c                CLK_GetHCLKFreq
 .text.CLK_SetModuleClock
                0x0000103c       0x84 ./Library/clk.o
                0x0000103c                CLK_SetModuleClock
 .text.CLK_EnableModuleClock
                0x000010c0       0x38 ./Library/clk.o
                0x000010c0                CLK_EnableModuleClock
 .text.GPIO_SetMode
                0x000010f8       0x2a ./Library/gpio.o
                0x000010f8                GPIO_SetMode
 .text.GPIO_EnableInt
                0x00001122       0x1a ./Library/gpio.o
                0x00001122                GPIO_EnableInt
 .text.stackDump
                0x0000113c       0x68 ./Library/retarget.o
 .text.Hard_Fault_Handler
                0x000011a4       0x18 ./Library/retarget.o
                0x000011a4                Hard_Fault_Handler
 .text.HardFault_Handler
                0x000011bc       0x20 ./Library/retarget.o
                0x000011bc                HardFault_Handler
 .text._write   0x000011dc       0x40 ./Library/retarget.o
                0x000011dc                _write
 .text._read    0x0000121c       0x18 ./Library/retarget.o
                0x0000121c                _read
 .text.ReadRegister
                0x00001234       0x4c ./Library/rfm69_function.o
                0x00001234                ReadRegister
 .text.WriteRegisterister
                0x00001280       0x44 ./Library/rfm69_function.o
                0x00001280                WriteRegisterister
 .text.SetRFMode
                0x000012c4       0xdc ./Library/rfm69_function.o
                0x000012c4                SetRFMode
 .text.InitRFChip
                0x000013a0       0x98 ./Library/rfm69_function.o
                0x000013a0                InitRFChip
 .text.receiveInit
                0x00001438       0x70 ./Library/rfm69_function.o
                0x00001438                receiveInit
 .text.ReceiveByte
                0x000014a8        0xc ./Library/rfm69_function.o
                0x000014a8                ReceiveByte
 .text.ReceiveRfFrame
                0x000014b4       0xcc ./Library/rfm69_function.o
                0x000014b4                ReceiveRfFrame
 .text.SPI_Open
                0x00001580      0x26c ./Library/spi.o
                0x00001580                SPI_Open
 .text.SPI_SetFIFO
                0x000017ec       0x18 ./Library/spi.o
                0x000017ec                SPI_SetFIFO
 .text.SPI_EnableInt
                0x00001804       0x84 ./Library/spi.o
                0x00001804                SPI_EnableInt
 .text.TIMER_GetModuleClock
                0x00001888       0x84 ./Library/timer.o
                0x00001888                TIMER_GetModuleClock
 .text.TIMER_Open
                0x0000190c       0x70 ./Library/timer.o
                0x0000190c                TIMER_Open
 .text.TIMER_Delay
                0x0000197c      0x104 ./Library/timer.o
                0x0000197c                TIMER_Delay
 .text.UART_EnableInt
                0x00001a80       0x3c ./Library/uart.o
                0x00001a80                UART_EnableInt
 .text.UART_Open
                0x00001abc       0xe8 ./Library/uart.o
                0x00001abc                UART_Open
 .text.UART_Read
                0x00001ba4       0x2c ./Library/uart.o
                0x00001ba4                UART_Read
 .text.UART_Write
                0x00001bd0       0x36 ./Library/uart.o
                0x00001bd0                UART_Write
 .text._close   0x00001c06       0x10 ./CMSIS/GCC/_syscalls.o
                0x00001c06                _close
 .text._fstat   0x00001c16       0x10 ./CMSIS/GCC/_syscalls.o
                0x00001c16                _fstat
 .text._isatty  0x00001c26        0xe ./CMSIS/GCC/_syscalls.o
                0x00001c26                _isatty
 .text._lseek   0x00001c34       0x10 ./CMSIS/GCC/_syscalls.o
                0x00001c34                _lseek
 .text          0x00001c44       0x34 ./CMSIS/GCC/startup_M0564.o
                0x00001c44                Reset_Handler
                0x00001c6c                I2C0_IRQHandler
                0x00001c6c                SysTick_Handler
                0x00001c6c                PWM1_IRQHandler
                0x00001c6c                PendSV_Handler
                0x00001c6c                NMI_Handler
                0x00001c6c                I2C1_IRQHandler
                0x00001c6c                EINT135_IRQHandler
                0x00001c6c                SPI1_IRQHandler
                0x00001c6c                EINT024_IRQHandler
                0x00001c6c                RTC_IRQHandler
                0x00001c6c                PWRWU_IRQHandler
                0x00001c6c                ACMP01_IRQHandler
                0x00001c6c                SC01_IRQHandler
                0x00001c6c                Default_Handler
                0x00001c6c                ADC_IRQHandler
                0x00001c6c                TMR2_IRQHandler
                0x00001c6c                USCI_IRQHandler
                0x00001c6c                BOD_IRQHandler
                0x00001c6c                WDT_IRQHandler
                0x00001c6c                SVC_Handler
                0x00001c6c                PDMA_IRQHandler
                0x00001c6c                GPAB_IRQHandler
                0x00001c6c                PWM0_IRQHandler
                0x00001c6c                TMR3_IRQHandler
                0x00001c6c                TMR1_IRQHandler
                0x00001c6c                CLKDIRC_IRQHandler
 .text.SystemCoreClockUpdate
                0x00001c78       0xac ./CMSIS/system_M0564.o
                0x00001c78                SystemCoreClockUpdate
 .text.SystemInit
                0x00001d24        0x2 ./CMSIS/system_M0564.o
                0x00001d24                SystemInit
 *fill*         0x00001d26        0x2 
 .text          0x00001d28      0x114 c:/program files (x86)/gnu arm embedded toolchain/10 2021.10/bin/../lib/gcc/arm-none-eabi/10.3.1/thumb/v6-m/nofp\libgcc.a(_udivsi3.o)
                0x00001d28                __aeabi_uidiv
                0x00001d28                __udivsi3
                0x00001e34                __aeabi_uidivmod
 .text          0x00001e3c        0x4 c:/program files (x86)/gnu arm embedded toolchain/10 2021.10/bin/../lib/gcc/arm-none-eabi/10.3.1/thumb/v6-m/nofp\libgcc.a(_dvmd_tls.o)
                0x00001e3c                __aeabi_idiv0
                0x00001e3c                __aeabi_ldiv0
 .text.__errno  0x00001e40        0xc c:/program files (x86)/gnu arm embedded toolchain/10 2021.10/bin/../lib/gcc/arm-none-eabi/10.3.1/../../../../arm-none-eabi/lib/thumb/v6-m/nofp\libg_nano.a(lib_a-errno.o)
                0x00001e40                __errno
 .text.exit     0x00001e4c       0x2c c:/program files (x86)/gnu arm embedded toolchain/10 2021.10/bin/../lib/gcc/arm-none-eabi/10.3.1/../../../../arm-none-eabi/lib/thumb/v6-m/nofp\libg_nano.a(lib_a-exit.o)
                0x00001e4c                exit
 .text.__libc_init_array
                0x00001e78       0x48 c:/program files (x86)/gnu arm embedded toolchain/10 2021.10/bin/../lib/gcc/arm-none-eabi/10.3.1/../../../../arm-none-eabi/lib/thumb/v6-m/nofp\libg_nano.a(lib_a-init.o)
                0x00001e78                __libc_init_array
 .text.__itoa   0x00001ec0       0x30 c:/program files (x86)/gnu arm embedded toolchain/10 2021.10/bin/../lib/gcc/arm-none-eabi/10.3.1/../../../../arm-none-eabi/lib/thumb/v6-m/nofp\libg_nano.a(lib_a-itoa.o)
                0x00001ec0                __itoa
 .text.itoa     0x00001ef0        0x8 c:/program files (x86)/gnu arm embedded toolchain/10 2021.10/bin/../lib/gcc/arm-none-eabi/10.3.1/../../../../arm-none-eabi/lib/thumb/v6-m/nofp\libg_nano.a(lib_a-itoa.o)
                0x00001ef0                itoa
 .text.memcpy   0x00001ef8       0x12 c:/program files (x86)/gnu arm embedded toolchain/10 2021.10/bin/../lib/gcc/arm-none-eabi/10.3.1/../../../../arm-none-eabi/lib/thumb/v6-m/nofp\libg_nano.a(lib_a-memcpy-stub.o)
                0x00001ef8                memcpy
 .text.memset   0x00001f0a       0x10 c:/program files (x86)/gnu arm embedded toolchain/10 2021.10/bin/../lib/gcc/arm-none-eabi/10.3.1/../../../../arm-none-eabi/lib/thumb/v6-m/nofp\libg_nano.a(lib_a-memset.o)
                0x00001f0a                memset
 *fill*         0x00001f1a        0x2 
 .text.printf   0x00001f1c       0x34 c:/program files (x86)/gnu arm embedded toolchain/10 2021.10/bin/../lib/gcc/arm-none-eabi/10.3.1/../../../../arm-none-eabi/lib/thumb/v6-m/nofp\libg_nano.a(lib_a-printf.o)
                0x00001f1c                iprintf
                0x00001f1c                printf
 .text._puts_r  0x00001f50       0xe4 c:/program files (x86)/gnu arm embedded toolchain/10 2021.10/bin/../lib/gcc/arm-none-eabi/10.3.1/../../../../arm-none-eabi/lib/thumb/v6-m/nofp\libg_nano.a(lib_a-puts.o)
                0x00001f50                _puts_r
 .text.puts     0x00002034       0x14 c:/program files (x86)/gnu arm embedded toolchain/10 2021.10/bin/../lib/gcc/arm-none-eabi/10.3.1/../../../../arm-none-eabi/lib/thumb/v6-m/nofp\libg_nano.a(lib_a-puts.o)
                0x00002034                puts
 .text.strcat   0x00002048       0x1a c:/program files (x86)/gnu arm embedded toolchain/10 2021.10/bin/../lib/gcc/arm-none-eabi/10.3.1/../../../../arm-none-eabi/lib/thumb/v6-m/nofp\libg_nano.a(lib_a-strcat.o)
                0x00002048                strcat
 .text          0x00002062        0xe c:/program files (x86)/gnu arm embedded toolchain/10 2021.10/bin/../lib/gcc/arm-none-eabi/10.3.1/../../../../arm-none-eabi/lib/thumb/v6-m/nofp\libg_nano.a(lib_a-strlen.o)
                0x00002062                strlen
 .text.strstr   0x00002070       0x2c c:/program files (x86)/gnu arm embedded toolchain/10 2021.10/bin/../lib/gcc/arm-none-eabi/10.3.1/../../../../arm-none-eabi/lib/thumb/v6-m/nofp\libg_nano.a(lib_a-strstr.o)
                0x00002070                strstr
 .text.__utoa   0x0000209c       0x6c c:/program files (x86)/gnu arm embedded toolchain/10 2021.10/bin/../lib/gcc/arm-none-eabi/10.3.1/../../../../arm-none-eabi/lib/thumb/v6-m/nofp\libg_nano.a(lib_a-utoa.o)
                0x0000209c                __utoa
 .text.__swbuf_r
                0x00002108       0xac c:/program files (x86)/gnu arm embedded toolchain/10 2021.10/bin/../lib/gcc/arm-none-eabi/10.3.1/../../../../arm-none-eabi/lib/thumb/v6-m/nofp\libg_nano.a(lib_a-wbuf.o)
                0x00002108                __swbuf_r
 .text.__swsetup_r
                0x000021b4       0xf0 c:/program files (x86)/gnu arm embedded toolchain/10 2021.10/bin/../lib/gcc/arm-none-eabi/10.3.1/../../../../arm-none-eabi/lib/thumb/v6-m/nofp\libg_nano.a(lib_a-wsetup.o)
                0x000021b4                __swsetup_r
 .text.__sflush_r
                0x000022a4      0x118 c:/program files (x86)/gnu arm embedded toolchain/10 2021.10/bin/../lib/gcc/arm-none-eabi/10.3.1/../../../../arm-none-eabi/lib/thumb/v6-m/nofp\libg_nano.a(lib_a-fflush.o)
                0x000022a4                __sflush_r
 .text._fflush_r
                0x000023bc       0x80 c:/program files (x86)/gnu arm embedded toolchain/10 2021.10/bin/../lib/gcc/arm-none-eabi/10.3.1/../../../../arm-none-eabi/lib/thumb/v6-m/nofp\libg_nano.a(lib_a-fflush.o)
                0x000023bc                _fflush_r
 .text.std      0x0000243c       0x48 c:/program files (x86)/gnu arm embedded toolchain/10 2021.10/bin/../lib/gcc/arm-none-eabi/10.3.1/../../../../arm-none-eabi/lib/thumb/v6-m/nofp\libg_nano.a(lib_a-findfp.o)
 .text._cleanup_r
                0x00002484       0x10 c:/program files (x86)/gnu arm embedded toolchain/10 2021.10/bin/../lib/gcc/arm-none-eabi/10.3.1/../../../../arm-none-eabi/lib/thumb/v6-m/nofp\libg_nano.a(lib_a-findfp.o)
                0x00002484                _cleanup_r
 .text.__sfmoreglue
                0x00002494       0x2c c:/program files (x86)/gnu arm embedded toolchain/10 2021.10/bin/../lib/gcc/arm-none-eabi/10.3.1/../../../../arm-none-eabi/lib/thumb/v6-m/nofp\libg_nano.a(lib_a-findfp.o)
                0x00002494                __sfmoreglue
 .text.__sfp_lock_acquire
                0x000024c0       0x10 c:/program files (x86)/gnu arm embedded toolchain/10 2021.10/bin/../lib/gcc/arm-none-eabi/10.3.1/../../../../arm-none-eabi/lib/thumb/v6-m/nofp\libg_nano.a(lib_a-findfp.o)
                0x000024c0                __sfp_lock_acquire
 .text.__sfp_lock_release
                0x000024d0       0x10 c:/program files (x86)/gnu arm embedded toolchain/10 2021.10/bin/../lib/gcc/arm-none-eabi/10.3.1/../../../../arm-none-eabi/lib/thumb/v6-m/nofp\libg_nano.a(lib_a-findfp.o)
                0x000024d0                __sfp_lock_release
 .text.__sinit_lock_acquire
                0x000024e0       0x10 c:/program files (x86)/gnu arm embedded toolchain/10 2021.10/bin/../lib/gcc/arm-none-eabi/10.3.1/../../../../arm-none-eabi/lib/thumb/v6-m/nofp\libg_nano.a(lib_a-findfp.o)
                0x000024e0                __sinit_lock_acquire
 .text.__sinit_lock_release
                0x000024f0       0x10 c:/program files (x86)/gnu arm embedded toolchain/10 2021.10/bin/../lib/gcc/arm-none-eabi/10.3.1/../../../../arm-none-eabi/lib/thumb/v6-m/nofp\libg_nano.a(lib_a-findfp.o)
                0x000024f0                __sinit_lock_release
 .text.__sinit  0x00002500       0x70 c:/program files (x86)/gnu arm embedded toolchain/10 2021.10/bin/../lib/gcc/arm-none-eabi/10.3.1/../../../../arm-none-eabi/lib/thumb/v6-m/nofp\libg_nano.a(lib_a-findfp.o)
                0x00002500                __sinit
 .text.__sfp    0x00002570       0x90 c:/program files (x86)/gnu arm embedded toolchain/10 2021.10/bin/../lib/gcc/arm-none-eabi/10.3.1/../../../../arm-none-eabi/lib/thumb/v6-m/nofp\libg_nano.a(lib_a-findfp.o)
                0x00002570                __sfp
 .text._fwalk_reent
                0x00002600       0x40 c:/program files (x86)/gnu arm embedded toolchain/10 2021.10/bin/../lib/gcc/arm-none-eabi/10.3.1/../../../../arm-none-eabi/lib/thumb/v6-m/nofp\libg_nano.a(lib_a-fwalk.o)
                0x00002600                _fwalk_reent
 .text.__retarget_lock_init_recursive
                0x00002640        0x2 c:/program files (x86)/gnu arm embedded toolchain/10 2021.10/bin/../lib/gcc/arm-none-eabi/10.3.1/../../../../arm-none-eabi/lib/thumb/v6-m/nofp\libg_nano.a(lib_a-lock.o)
                0x00002640                __retarget_lock_init_recursive
 .text.__retarget_lock_acquire_recursive
                0x00002642        0x2 c:/program files (x86)/gnu arm embedded toolchain/10 2021.10/bin/../lib/gcc/arm-none-eabi/10.3.1/../../../../arm-none-eabi/lib/thumb/v6-m/nofp\libg_nano.a(lib_a-lock.o)
                0x00002642                __retarget_lock_acquire_recursive
 .text.__retarget_lock_release_recursive
                0x00002644        0x2 c:/program files (x86)/gnu arm embedded toolchain/10 2021.10/bin/../lib/gcc/arm-none-eabi/10.3.1/../../../../arm-none-eabi/lib/thumb/v6-m/nofp\libg_nano.a(lib_a-lock.o)
                0x00002644                __retarget_lock_release_recursive
 *fill*         0x00002646        0x2 
 .text.__swhatbuf_r
                0x00002648       0x50 c:/program files (x86)/gnu arm embedded toolchain/10 2021.10/bin/../lib/gcc/arm-none-eabi/10.3.1/../../../../arm-none-eabi/lib/thumb/v6-m/nofp\libg_nano.a(lib_a-makebuf.o)
                0x00002648                __swhatbuf_r
 .text.__smakebuf_r
                0x00002698       0x88 c:/program files (x86)/gnu arm embedded toolchain/10 2021.10/bin/../lib/gcc/arm-none-eabi/10.3.1/../../../../arm-none-eabi/lib/thumb/v6-m/nofp\libg_nano.a(lib_a-makebuf.o)
                0x00002698                __smakebuf_r
 .text._free_r  0x00002720       0x94 c:/program files (x86)/gnu arm embedded toolchain/10 2021.10/bin/../lib/gcc/arm-none-eabi/10.3.1/../../../../arm-none-eabi/lib/thumb/v6-m/nofp\libg_nano.a(lib_a-nano-freer.o)
                0x00002720                _free_r
 .text.sbrk_aligned
                0x000027b4       0x44 c:/program files (x86)/gnu arm embedded toolchain/10 2021.10/bin/../lib/gcc/arm-none-eabi/10.3.1/../../../../arm-none-eabi/lib/thumb/v6-m/nofp\libg_nano.a(lib_a-nano-mallocr.o)
 .text._malloc_r
                0x000027f8       0xec c:/program files (x86)/gnu arm embedded toolchain/10 2021.10/bin/../lib/gcc/arm-none-eabi/10.3.1/../../../../arm-none-eabi/lib/thumb/v6-m/nofp\libg_nano.a(lib_a-nano-mallocr.o)
                0x000027f8                _malloc_r
 .text.__sfputc_r
                0x000028e4       0x2a c:/program files (x86)/gnu arm embedded toolchain/10 2021.10/bin/../lib/gcc/arm-none-eabi/10.3.1/../../../../arm-none-eabi/lib/thumb/v6-m/nofp\libg_nano.a(lib_a-nano-vfprintf.o)
 .text.__sfputs_r
                0x0000290e       0x24 c:/program files (x86)/gnu arm embedded toolchain/10 2021.10/bin/../lib/gcc/arm-none-eabi/10.3.1/../../../../arm-none-eabi/lib/thumb/v6-m/nofp\libg_nano.a(lib_a-nano-vfprintf.o)
                0x0000290e                __sfputs_r
 *fill*         0x00002932        0x2 
 .text._vfprintf_r
                0x00002934      0x274 c:/program files (x86)/gnu arm embedded toolchain/10 2021.10/bin/../lib/gcc/arm-none-eabi/10.3.1/../../../../arm-none-eabi/lib/thumb/v6-m/nofp\libg_nano.a(lib_a-nano-vfprintf.o)
                0x00002934                _vfprintf_r
                0x00002934                _vfiprintf_r
 .text._printf_common
                0x00002ba8       0xde c:/program files (x86)/gnu arm embedded toolchain/10 2021.10/bin/../lib/gcc/arm-none-eabi/10.3.1/../../../../arm-none-eabi/lib/thumb/v6-m/nofp\libg_nano.a(lib_a-nano-vfprintf_i.o)
                0x00002ba8                _printf_common
 *fill*         0x00002c86        0x2 
 .text._printf_i
                0x00002c88      0x224 c:/program files (x86)/gnu arm embedded toolchain/10 2021.10/bin/../lib/gcc/arm-none-eabi/10.3.1/../../../../arm-none-eabi/lib/thumb/v6-m/nofp\libg_nano.a(lib_a-nano-vfprintf_i.o)
                0x00002c88                _printf_i
 .text._sbrk_r  0x00002eac       0x24 c:/program files (x86)/gnu arm embedded toolchain/10 2021.10/bin/../lib/gcc/arm-none-eabi/10.3.1/../../../../arm-none-eabi/lib/thumb/v6-m/nofp\libg_nano.a(lib_a-sbrkr.o)
                0x00002eac                _sbrk_r
 .text.__sread  0x00002ed0       0x28 c:/program files (x86)/gnu arm embedded toolchain/10 2021.10/bin/../lib/gcc/arm-none-eabi/10.3.1/../../../../arm-none-eabi/lib/thumb/v6-m/nofp\libg_nano.a(lib_a-stdio.o)
                0x00002ed0                __sread
 .text.__swrite
                0x00002ef8       0x38 c:/program files (x86)/gnu arm embedded toolchain/10 2021.10/bin/../lib/gcc/arm-none-eabi/10.3.1/../../../../arm-none-eabi/lib/thumb/v6-m/nofp\libg_nano.a(lib_a-stdio.o)
                0x00002ef8                __swrite
 .text.__sseek  0x00002f30       0x2c c:/program files (x86)/gnu arm embedded toolchain/10 2021.10/bin/../lib/gcc/arm-none-eabi/10.3.1/../../../../arm-none-eabi/lib/thumb/v6-m/nofp\libg_nano.a(lib_a-stdio.o)
                0x00002f30                __sseek
 .text.__sclose
                0x00002f5c        0xc c:/program files (x86)/gnu arm embedded toolchain/10 2021.10/bin/../lib/gcc/arm-none-eabi/10.3.1/../../../../arm-none-eabi/lib/thumb/v6-m/nofp\libg_nano.a(lib_a-stdio.o)
                0x00002f5c                __sclose
 .text._write_r
                0x00002f68       0x28 c:/program files (x86)/gnu arm embedded toolchain/10 2021.10/bin/../lib/gcc/arm-none-eabi/10.3.1/../../../../arm-none-eabi/lib/thumb/v6-m/nofp\libg_nano.a(lib_a-writer.o)
                0x00002f68                _write_r
 .text._close_r
                0x00002f90       0x24 c:/program files (x86)/gnu arm embedded toolchain/10 2021.10/bin/../lib/gcc/arm-none-eabi/10.3.1/../../../../arm-none-eabi/lib/thumb/v6-m/nofp\libg_nano.a(lib_a-closer.o)
                0x00002f90                _close_r
 .text._fstat_r
                0x00002fb4       0x24 c:/program files (x86)/gnu arm embedded toolchain/10 2021.10/bin/../lib/gcc/arm-none-eabi/10.3.1/../../../../arm-none-eabi/lib/thumb/v6-m/nofp\libg_nano.a(lib_a-fstatr.o)
                0x00002fb4                _fstat_r
 .text._isatty_r
                0x00002fd8       0x24 c:/program files (x86)/gnu arm embedded toolchain/10 2021.10/bin/../lib/gcc/arm-none-eabi/10.3.1/../../../../arm-none-eabi/lib/thumb/v6-m/nofp\libg_nano.a(lib_a-isattyr.o)
                0x00002fd8                _isatty_r
 .text._lseek_r
                0x00002ffc       0x28 c:/program files (x86)/gnu arm embedded toolchain/10 2021.10/bin/../lib/gcc/arm-none-eabi/10.3.1/../../../../arm-none-eabi/lib/thumb/v6-m/nofp\libg_nano.a(lib_a-lseekr.o)
                0x00002ffc                _lseek_r
 .text.memchr   0x00003024       0x16 c:/program files (x86)/gnu arm embedded toolchain/10 2021.10/bin/../lib/gcc/arm-none-eabi/10.3.1/../../../../arm-none-eabi/lib/thumb/v6-m/nofp\libg_nano.a(lib_a-memchr-stub.o)
                0x00003024                memchr
 *fill*         0x0000303a        0x2 
 .text.__malloc_lock
                0x0000303c       0x10 c:/program files (x86)/gnu arm embedded toolchain/10 2021.10/bin/../lib/gcc/arm-none-eabi/10.3.1/../../../../arm-none-eabi/lib/thumb/v6-m/nofp\libg_nano.a(lib_a-mlock.o)
                0x0000303c                __malloc_lock
 .text.__malloc_unlock
                0x0000304c       0x10 c:/program files (x86)/gnu arm embedded toolchain/10 2021.10/bin/../lib/gcc/arm-none-eabi/10.3.1/../../../../arm-none-eabi/lib/thumb/v6-m/nofp\libg_nano.a(lib_a-mlock.o)
                0x0000304c                __malloc_unlock
 .text._read_r  0x0000305c       0x28 c:/program files (x86)/gnu arm embedded toolchain/10 2021.10/bin/../lib/gcc/arm-none-eabi/10.3.1/../../../../arm-none-eabi/lib/thumb/v6-m/nofp\libg_nano.a(lib_a-readr.o)
                0x0000305c                _read_r
 .text          0x00003084       0x14 c:/program files (x86)/gnu arm embedded toolchain/10 2021.10/bin/../lib/gcc/arm-none-eabi/10.3.1/thumb/v6-m/nofp\libgcc.a(_thumb1_case_shi.o)
                0x00003084                __gnu_thumb1_case_shi
 .text._sbrk    0x00003098       0x1c c:/program files (x86)/gnu arm embedded toolchain/10 2021.10/bin/../lib/gcc/arm-none-eabi/10.3.1/../../../../arm-none-eabi/lib/thumb/v6-m/nofp\libnosys.a(sbrk.o)
                0x00003098                _sbrk
 .text._exit    0x000030b4        0x4 c:/program files (x86)/gnu arm embedded toolchain/10 2021.10/bin/../lib/gcc/arm-none-eabi/10.3.1/../../../../arm-none-eabi/lib/thumb/v6-m/nofp\libnosys.a(_exit.o)
                0x000030b4                _exit
 *(.init)
 .init          0x000030b8        0x4 c:/program files (x86)/gnu arm embedded toolchain/10 2021.10/bin/../lib/gcc/arm-none-eabi/10.3.1/thumb/v6-m/nofp/crti.o
                0x000030b8                _init
 .init          0x000030bc        0x8 c:/program files (x86)/gnu arm embedded toolchain/10 2021.10/bin/../lib/gcc/arm-none-eabi/10.3.1/thumb/v6-m/nofp/crtn.o
 *(.fini)
 .fini          0x000030c4        0x4 c:/program files (x86)/gnu arm embedded toolchain/10 2021.10/bin/../lib/gcc/arm-none-eabi/10.3.1/thumb/v6-m/nofp/crti.o
                0x000030c4                _fini
 .fini          0x000030c8        0x8 c:/program files (x86)/gnu arm embedded toolchain/10 2021.10/bin/../lib/gcc/arm-none-eabi/10.3.1/thumb/v6-m/nofp/crtn.o
 *crtbegin.o(.ctors)
 *crtbegin?.o(.ctors)
 *(EXCLUDE_FILE(*crtend.o *crtend?.o) .ctors)
 *(SORT_BY_NAME(.ctors.*))
 *(.ctors)
 *crtbegin.o(.dtors)
 *crtbegin?.o(.dtors)
 *(EXCLUDE_FILE(*crtend.o *crtend?.o) .dtors)
 *(SORT_BY_NAME(.dtors.*))
 *(.dtors)
 *(.rodata*)
 .rodata.RFMair.str1.4
                0x000030d0        0x0 ./User/main.o
                                  0x2 (size before relaxing)
 .rodata.gsm_init.str1.4
                0x000030d0       0x2a ./User/main.o
 *fill*         0x000030fa        0x2 
 .rodata.gsm_init
                0x000030fc       0x1c ./User/main.o
 .rodata.gsm_datacall.str1.4
                0x00003118       0x60 ./User/main.o
 .rodata.gsm_datacall
                0x00003178       0x2c ./User/main.o
 .rodata.gsm_connect.str1.4
                0x000031a4       0x1c ./User/main.o
 .rodata.gsm_connect
                0x000031c0       0x28 ./User/main.o
 .rodata.gsm_query.str1.4
                0x000031e8        0xf ./User/main.o
                                 0x13 (size before relaxing)
 *fill*         0x000031f7        0x1 
 .rodata.gsm_get_snapshot.str1.4
                0x000031f8       0xa7 ./User/main.o
 *fill*         0x0000329f        0x1 
 .rodata.gsm_get_snapshot
                0x000032a0       0x44 ./User/main.o
 .rodata.gsm_http_report_data.str1.4
                0x000032e4       0x66 ./User/main.o
                                 0x6a (size before relaxing)
 *fill*         0x0000334a        0x2 
 .rodata.gsm_http_report_data
                0x0000334c       0x4c ./User/main.o
 .rodata.UART1_TEST_HANDLE.str1.4
                0x00003398       0x12 ./User/main.o
 *fill*         0x000033aa        0x2 
 .rodata.gsm_idle.str1.4
                0x000033ac       0x22 ./User/main.o
 *fill*         0x000033ce        0x2 
 .rodata.main.str1.4
                0x000033d0       0x1b ./User/main.o
 *fill*         0x000033eb        0x1 
 .rodata.main   0x000033ec       0x20 ./User/main.o
 .rodata        0x0000340c       0x1c ./Library/clk.o
 .rodata.stackDump.str1.4
                0x00003428       0x60 ./Library/retarget.o
 .rodata.Hard_Fault_Handler.str1.4
                0x00003488       0x16 ./Library/retarget.o
 *fill*         0x0000349e        0x2 
 .rodata        0x000034a0       0x20 ./Library/timer.o
 .rodata        0x000034c0       0x10 ./Library/uart.o
 .rodata.gau32ClkSrcTbl
                0x000034d0       0x20 ./CMSIS/system_M0564.o
                0x000034d0                gau32ClkSrcTbl
 .rodata._global_impure_ptr
                0x000034f0        0x4 c:/program files (x86)/gnu arm embedded toolchain/10 2021.10/bin/../lib/gcc/arm-none-eabi/10.3.1/../../../../arm-none-eabi/lib/thumb/v6-m/nofp\libg_nano.a(lib_a-impure.o)
                0x000034f0                _global_impure_ptr
 .rodata.__utoa.str1.1
                0x000034f4       0x25 c:/program files (x86)/gnu arm embedded toolchain/10 2021.10/bin/../lib/gcc/arm-none-eabi/10.3.1/../../../../arm-none-eabi/lib/thumb/v6-m/nofp\libg_nano.a(lib_a-utoa.o)
 *fill*         0x00003519        0x3 
 .rodata.__sf_fake_stderr
                0x0000351c       0x20 c:/program files (x86)/gnu arm embedded toolchain/10 2021.10/bin/../lib/gcc/arm-none-eabi/10.3.1/../../../../arm-none-eabi/lib/thumb/v6-m/nofp\libg_nano.a(lib_a-findfp.o)
                0x0000351c                __sf_fake_stderr
 .rodata.__sf_fake_stdin
                0x0000353c       0x20 c:/program files (x86)/gnu arm embedded toolchain/10 2021.10/bin/../lib/gcc/arm-none-eabi/10.3.1/../../../../arm-none-eabi/lib/thumb/v6-m/nofp\libg_nano.a(lib_a-findfp.o)
                0x0000353c                __sf_fake_stdin
 .rodata.__sf_fake_stdout
                0x0000355c       0x20 c:/program files (x86)/gnu arm embedded toolchain/10 2021.10/bin/../lib/gcc/arm-none-eabi/10.3.1/../../../../arm-none-eabi/lib/thumb/v6-m/nofp\libg_nano.a(lib_a-findfp.o)
                0x0000355c                __sf_fake_stdout
 .rodata._vfprintf_r.str1.1
                0x0000357c       0x11 c:/program files (x86)/gnu arm embedded toolchain/10 2021.10/bin/../lib/gcc/arm-none-eabi/10.3.1/../../../../arm-none-eabi/lib/thumb/v6-m/nofp\libg_nano.a(lib_a-nano-vfprintf.o)
 .rodata._printf_i.str1.1
                0x0000358d       0x22 c:/program files (x86)/gnu arm embedded toolchain/10 2021.10/bin/../lib/gcc/arm-none-eabi/10.3.1/../../../../arm-none-eabi/lib/thumb/v6-m/nofp\libg_nano.a(lib_a-nano-vfprintf_i.o)
 *(.eh_frame*)
 *fill*         0x000035af        0x1 
 .eh_frame      0x000035b0        0x0 c:/program files (x86)/gnu arm embedded toolchain/10 2021.10/bin/../lib/gcc/arm-none-eabi/10.3.1/thumb/v6-m/nofp/crtbegin.o
 .eh_frame      0x000035b0        0x4 c:/program files (x86)/gnu arm embedded toolchain/10 2021.10/bin/../lib/gcc/arm-none-eabi/10.3.1/thumb/v6-m/nofp/crtend.o

.glue_7         0x000035b4        0x0
 .glue_7        0x000035b4        0x0 linker stubs

.glue_7t        0x000035b4        0x0
 .glue_7t       0x000035b4        0x0 linker stubs

.vfp11_veneer   0x000035b4        0x0
 .vfp11_veneer  0x000035b4        0x0 linker stubs

.v4_bx          0x000035b4        0x0
 .v4_bx         0x000035b4        0x0 linker stubs

.iplt           0x000035b4        0x0
 .iplt          0x000035b4        0x0 c:/program files (x86)/gnu arm embedded toolchain/10 2021.10/bin/../lib/gcc/arm-none-eabi/10.3.1/thumb/v6-m/nofp/crtbegin.o

.ARM.extab
 *(.ARM.extab* .gnu.linkonce.armextab.*)
                0x000035b4                __exidx_start = .

.ARM.exidx      0x000035b4        0x8
 *(.ARM.exidx* .gnu.linkonce.armexidx.*)
 .ARM.exidx     0x000035b4        0x8 c:/program files (x86)/gnu arm embedded toolchain/10 2021.10/bin/../lib/gcc/arm-none-eabi/10.3.1/../../../../arm-none-eabi/lib/thumb/v6-m/nofp/crt0.o
                                 0x10 (size before relaxing)
                0x000035bc                __exidx_end = .
                0x000035bc                __etext = .

.rel.dyn        0x000035bc        0x0
 .rel.iplt      0x000035bc        0x0 c:/program files (x86)/gnu arm embedded toolchain/10 2021.10/bin/../lib/gcc/arm-none-eabi/10.3.1/thumb/v6-m/nofp/crtbegin.o

.data           0x20000000      0x1d0 load address 0x000035bc
                0x20000000                __data_start__ = .
 *(vtable)
 *(.data*)
 .data.DBQUOTE  0x20000000        0x1 ./User/main.o
                0x20000000                DBQUOTE
 *fill*         0x20000001        0x3 
 .data.Humidity
                0x20000004       0x1e ./User/main.o
                0x20000004                Humidity
 *fill*         0x20000022        0x2 
 .data.NOx      0x20000024       0x1e ./User/main.o
                0x20000024                NOx
 *fill*         0x20000042        0x2 
 .data.PM1      0x20000044       0x1e ./User/main.o
                0x20000044                PM1
 *fill*         0x20000062        0x2 
 .data.PM10     0x20000064       0x1e ./User/main.o
                0x20000064                PM10
 *fill*         0x20000082        0x2 
 .data.PM2      0x20000084       0x1e ./User/main.o
                0x20000084                PM2
 *fill*         0x200000a2        0x2 
 .data.PM4      0x200000a4       0x1e ./User/main.o
                0x200000a4                PM4
 *fill*         0x200000c2        0x2 
 .data.Temparature
                0x200000c4       0x1e ./User/main.o
                0x200000c4                Temparature
 *fill*         0x200000e2        0x2 
 .data.VOC      0x200000e4       0x1e ./User/main.o
                0x200000e4                VOC
 .data.gsmState
                0x20000102        0x1 ./User/main.o
                0x20000102                gsmState
 .data.PreMode  0x20000103        0x1 ./Library/rfm69_function.o
 .data.RFState  0x20000104        0x1 ./Library/rfm69_function.o
                0x20000104                RFState
 *fill*         0x20000105        0x3 
 .data.RegistersCfg
                0x20000108       0x50 ./Library/rfm69_function.o
                0x20000108                RegistersCfg
 .data.CyclesPerUs
                0x20000158        0x4 ./CMSIS/system_M0564.o
                0x20000158                CyclesPerUs
 .data.PllClock
                0x2000015c        0x4 ./CMSIS/system_M0564.o
                0x2000015c                PllClock
 .data.SystemCoreClock
                0x20000160        0x4 ./CMSIS/system_M0564.o
                0x20000160                SystemCoreClock
 .data._impure_ptr
                0x20000164        0x4 c:/program files (x86)/gnu arm embedded toolchain/10 2021.10/bin/../lib/gcc/arm-none-eabi/10.3.1/../../../../arm-none-eabi/lib/thumb/v6-m/nofp\libg_nano.a(lib_a-impure.o)
                0x20000164                _impure_ptr
 .data.impure_data
                0x20000168       0x60 c:/program files (x86)/gnu arm embedded toolchain/10 2021.10/bin/../lib/gcc/arm-none-eabi/10.3.1/../../../../arm-none-eabi/lib/thumb/v6-m/nofp\libg_nano.a(lib_a-impure.o)
                0x200001c8                . = ALIGN (0x4)
                0x200001c8                PROVIDE (__preinit_array_start = .)
 *(.preinit_array)
                0x200001c8                PROVIDE (__preinit_array_end = .)
                0x200001c8                . = ALIGN (0x4)
                0x200001c8                PROVIDE (__init_array_start = .)
 *(SORT_BY_NAME(.init_array.*))
 *(.init_array)
 .init_array    0x200001c8        0x4 c:/program files (x86)/gnu arm embedded toolchain/10 2021.10/bin/../lib/gcc/arm-none-eabi/10.3.1/thumb/v6-m/nofp/crtbegin.o
                0x200001cc                PROVIDE (__init_array_end = .)
                0x200001cc                . = ALIGN (0x4)
                [!provide]                PROVIDE (__fini_array_start = .)
 *(SORT_BY_NAME(.fini_array.*))
 *(.fini_array)
 .fini_array    0x200001cc        0x4 c:/program files (x86)/gnu arm embedded toolchain/10 2021.10/bin/../lib/gcc/arm-none-eabi/10.3.1/thumb/v6-m/nofp/crtbegin.o
                [!provide]                PROVIDE (__fini_array_end = .)
 *(.jcr*)
                0x200001d0                . = ALIGN (0x4)
                0x200001d0                __data_end__ = .

.igot.plt       0x200001d0        0x0 load address 0x0000378c
 .igot.plt      0x200001d0        0x0 c:/program files (x86)/gnu arm embedded toolchain/10 2021.10/bin/../lib/gcc/arm-none-eabi/10.3.1/thumb/v6-m/nofp/crtbegin.o

.bss            0x200001d0      0x554 load address 0x0000378c
                0x200001d0                . = ALIGN (0x4)
                0x200001d0                __bss_start__ = .
 *(.bss*)
 .bss           0x200001d0       0x1c c:/program files (x86)/gnu arm embedded toolchain/10 2021.10/bin/../lib/gcc/arm-none-eabi/10.3.1/thumb/v6-m/nofp/crtbegin.o
 .bss.IMEI      0x200001ec       0x14 ./User/main.o
                0x200001ec                IMEI
 .bss.RFM       0x20000200        0x2 ./User/main.o
                0x20000200                RFM
 *fill*         0x20000202        0x2 
 .bss.RFbuffer  0x20000204       0x1e ./User/main.o
                0x20000204                RFbuffer
 .bss.RFbufferSize
                0x20000222        0x1 ./User/main.o
                0x20000222                RFbufferSize
 *fill*         0x20000223        0x1 
 .bss.Rec_cpy   0x20000224       0x1e ./User/main.o
                0x20000224                Rec_cpy
 *fill*         0x20000242        0x2 
 .bss.UART1_RX_BUF
                0x20000244       0xfa ./User/main.o
                0x20000244                UART1_RX_BUF
 *fill*         0x2000033e        0x2 
 .bss.UART2_RX_BUF
                0x20000340      0x1f4 ./User/main.o
                0x20000340                UART2_RX_BUF
 .bss.WLC       0x20000534        0xa ./User/main.o
                0x20000534                WLC
 *fill*         0x2000053e        0x2 
 .bss.WLC1      0x20000540        0x8 ./User/main.o
                0x20000540                WLC1
 .bss.buffvalue
                0x20000548       0x32 ./User/main.o
                0x20000548                buffvalue
 .bss.configMode
                0x2000057a        0x1 ./User/main.o
                0x2000057a                configMode
 .bss.count_1   0x2000057b        0x1 ./User/main.o
                0x2000057b                count_1
 .bss.count_2   0x2000057c        0x2 ./User/main.o
                0x2000057c                count_2
 .bss.crc_rec   0x2000057e        0x2 ./User/main.o
                0x2000057e                crc_rec
 .bss.databbuf  0x20000580       0x1e ./User/main.o
                0x20000580                databbuf
 *fill*         0x2000059e        0x2 
 .bss.humidity  0x200005a0        0x3 ./User/main.o
                0x200005a0                humidity
 .bss.loopCount
                0x200005a3        0x1 ./User/main.o
                0x200005a3                loopCount
 .bss.loopDelay
                0x200005a4        0x1 ./User/main.o
                0x200005a4                loopDelay
 .bss.newWord_1
                0x200005a5        0x1 ./User/main.o
                0x200005a5                newWord_1
 *fill*         0x200005a6        0x2 
 .bss.nox       0x200005a8        0x3 ./User/main.o
                0x200005a8                nox
 *fill*         0x200005ab        0x1 
 .bss.pm1       0x200005ac        0x3 ./User/main.o
                0x200005ac                pm1
 *fill*         0x200005af        0x1 
 .bss.pm10      0x200005b0        0x3 ./User/main.o
                0x200005b0                pm10
 *fill*         0x200005b3        0x1 
 .bss.pm2       0x200005b4        0x3 ./User/main.o
                0x200005b4                pm2
 *fill*         0x200005b7        0x1 
 .bss.pm4       0x200005b8        0x3 ./User/main.o
                0x200005b8                pm4
 .bss.readIMEI  0x200005bb        0x1 ./User/main.o
                0x200005bb                readIMEI
 .bss.recBuf    0x200005bc        0xf ./User/main.o
                0x200005bc                recBuf
 .bss.recFlag   0x200005cb        0x1 ./User/main.o
                0x200005cb                recFlag
 .bss.sendBuf   0x200005cc        0xf ./User/main.o
                0x200005cc                sendBuf
 .bss.size      0x200005db        0x1 ./User/main.o
                0x200005db                size
 .bss.spi_rec_count
                0x200005dc        0x1 ./User/main.o
                0x200005dc                spi_rec_count
 *fill*         0x200005dd        0x3 
 .bss.spi_rec_data
                0x200005e0        0xf ./User/main.o
                0x200005e0                spi_rec_data
 *fill*         0x200005ef        0x1 
 .bss.temparature
                0x200005f0        0x3 ./User/main.o
                0x200005f0                temparature
 *fill*         0x200005f3        0x1 
 .bss.testurl   0x200005f4       0xfa ./User/main.o
                0x200005f4                testurl
 .bss.timeOut   0x200006ee        0x1 ./User/main.o
                0x200006ee                timeOut
 .bss.tloopCount
                0x200006ef        0x1 ./User/main.o
                0x200006ef                tloopCount
 .bss.txFlag    0x200006f0        0x1 ./User/main.o
                0x200006f0                txFlag
 *fill*         0x200006f1        0x3 
 .bss.voc       0x200006f4        0x3 ./User/main.o
                0x200006f4                voc
 *fill*         0x200006f7        0x1 
 .bss.ByteCounter
                0x200006f8        0x2 ./Library/rfm69_function.o
 .bss.RFFramePos
                0x200006fa        0x1 ./Library/rfm69_function.o
 .bss.RFFrameSize
                0x200006fb        0x1 ./Library/rfm69_function.o
 .bss.SyncSize  0x200006fc        0x1 ./Library/rfm69_function.o
 *fill*         0x200006fd        0x3 
 .bss.SyncValue
                0x20000700        0x8 ./Library/rfm69_function.o
 .bss.pRFFrame  0x20000708        0x4 ./Library/rfm69_function.o
 .bss.value23   0x2000070c        0x1 ./Library/rfm69_function.o
                0x2000070c                value23
 *fill*         0x2000070d        0x3 
 .bss.errno     0x20000710        0x4 ./CMSIS/GCC/_syscalls.o
                0x20000710                errno
 .bss.__lock___malloc_recursive_mutex
                0x20000714        0x1 c:/program files (x86)/gnu arm embedded toolchain/10 2021.10/bin/../lib/gcc/arm-none-eabi/10.3.1/../../../../arm-none-eabi/lib/thumb/v6-m/nofp\libg_nano.a(lib_a-lock.o)
                0x20000714                __lock___malloc_recursive_mutex
 .bss.__lock___sfp_recursive_mutex
                0x20000715        0x1 c:/program files (x86)/gnu arm embedded toolchain/10 2021.10/bin/../lib/gcc/arm-none-eabi/10.3.1/../../../../arm-none-eabi/lib/thumb/v6-m/nofp\libg_nano.a(lib_a-lock.o)
                0x20000715                __lock___sfp_recursive_mutex
 .bss.__lock___sinit_recursive_mutex
                0x20000716        0x1 c:/program files (x86)/gnu arm embedded toolchain/10 2021.10/bin/../lib/gcc/arm-none-eabi/10.3.1/../../../../arm-none-eabi/lib/thumb/v6-m/nofp\libg_nano.a(lib_a-lock.o)
                0x20000716                __lock___sinit_recursive_mutex
 *fill*         0x20000717        0x1 
 .bss.__malloc_free_list
                0x20000718        0x4 c:/program files (x86)/gnu arm embedded toolchain/10 2021.10/bin/../lib/gcc/arm-none-eabi/10.3.1/../../../../arm-none-eabi/lib/thumb/v6-m/nofp\libg_nano.a(lib_a-nano-mallocr.o)
                0x20000718                __malloc_free_list
 .bss.__malloc_sbrk_start
                0x2000071c        0x4 c:/program files (x86)/gnu arm embedded toolchain/10 2021.10/bin/../lib/gcc/arm-none-eabi/10.3.1/../../../../arm-none-eabi/lib/thumb/v6-m/nofp\libg_nano.a(lib_a-nano-mallocr.o)
                0x2000071c                __malloc_sbrk_start
 .bss.heap_end.0
                0x20000720        0x4 c:/program files (x86)/gnu arm embedded toolchain/10 2021.10/bin/../lib/gcc/arm-none-eabi/10.3.1/../../../../arm-none-eabi/lib/thumb/v6-m/nofp\libnosys.a(sbrk.o)
 *(COMMON)
                0x20000724                . = ALIGN (0x4)
                0x20000724                __bss_end__ = .

.heap           0x20000728      0x100
                0x20000728                __HeapBase = .
                0x20000728                __end__ = .
                0x20000728                end = __end__
 *(.heap*)
 .heap          0x20000728      0x100 ./CMSIS/GCC/startup_M0564.o
                0x20000828                __HeapLimit = .

.stack_dummy    0x20000728      0x400
 *(.stack*)
 .stack         0x20000728      0x400 ./CMSIS/GCC/startup_M0564.o
                0x20005000                __StackTop = (ORIGIN (RAM) + LENGTH (RAM))
                0x20004c00                __StackLimit = (__StackTop - SIZEOF (.stack_dummy))
                0x20005000                PROVIDE (__stack = __StackTop)
                0x00000001                ASSERT ((__StackLimit >= __HeapLimit), region RAM overflowed with stack)
OUTPUT(RFMAIR.elf elf32-littlearm)
LOAD linker stubs

.ARM.attributes
                0x00000000       0x28
 .ARM.attributes
                0x00000000       0x1e c:/program files (x86)/gnu arm embedded toolchain/10 2021.10/bin/../lib/gcc/arm-none-eabi/10.3.1/thumb/v6-m/nofp/crti.o
 .ARM.attributes
                0x0000001e       0x2c c:/program files (x86)/gnu arm embedded toolchain/10 2021.10/bin/../lib/gcc/arm-none-eabi/10.3.1/thumb/v6-m/nofp/crtbegin.o
 .ARM.attributes
                0x0000004a       0x1b c:/program files (x86)/gnu arm embedded toolchain/10 2021.10/bin/../lib/gcc/arm-none-eabi/10.3.1/../../../../arm-none-eabi/lib/thumb/v6-m/nofp/crt0.o
 .ARM.attributes
                0x00000065       0x2c ./User/main.o
 .ARM.attributes
                0x00000091       0x2c ./Library/clk.o
 .ARM.attributes
                0x000000bd       0x2c ./Library/gpio.o
 .ARM.attributes
                0x000000e9       0x2c ./Library/retarget.o
 .ARM.attributes
                0x00000115       0x2c ./Library/rfm69_function.o
 .ARM.attributes
                0x00000141       0x2c ./Library/spi.o
 .ARM.attributes
                0x0000016d       0x2c ./Library/timer.o
 .ARM.attributes
                0x00000199       0x2c ./Library/uart.o
 .ARM.attributes
                0x000001c5       0x2c ./CMSIS/GCC/_syscalls.o
 .ARM.attributes
                0x000001f1       0x1b ./CMSIS/GCC/startup_M0564.o
 .ARM.attributes
                0x0000020c       0x2c ./CMSIS/system_M0564.o
 .ARM.attributes
                0x00000238       0x1e c:/program files (x86)/gnu arm embedded toolchain/10 2021.10/bin/../lib/gcc/arm-none-eabi/10.3.1/thumb/v6-m/nofp\libgcc.a(_udivsi3.o)
 .ARM.attributes
                0x00000256       0x1e c:/program files (x86)/gnu arm embedded toolchain/10 2021.10/bin/../lib/gcc/arm-none-eabi/10.3.1/thumb/v6-m/nofp\libgcc.a(_dvmd_tls.o)
 .ARM.attributes
                0x00000274       0x2c c:/program files (x86)/gnu arm embedded toolchain/10 2021.10/bin/../lib/gcc/arm-none-eabi/10.3.1/../../../../arm-none-eabi/lib/thumb/v6-m/nofp\libg_nano.a(lib_a-errno.o)
 .ARM.attributes
                0x000002a0       0x2c c:/program files (x86)/gnu arm embedded toolchain/10 2021.10/bin/../lib/gcc/arm-none-eabi/10.3.1/../../../../arm-none-eabi/lib/thumb/v6-m/nofp\libg_nano.a(lib_a-exit.o)
 .ARM.attributes
                0x000002cc       0x2c c:/program files (x86)/gnu arm embedded toolchain/10 2021.10/bin/../lib/gcc/arm-none-eabi/10.3.1/../../../../arm-none-eabi/lib/thumb/v6-m/nofp\libg_nano.a(lib_a-impure.o)
 .ARM.attributes
                0x000002f8       0x2c c:/program files (x86)/gnu arm embedded toolchain/10 2021.10/bin/../lib/gcc/arm-none-eabi/10.3.1/../../../../arm-none-eabi/lib/thumb/v6-m/nofp\libg_nano.a(lib_a-init.o)
 .ARM.attributes
                0x00000324       0x2c c:/program files (x86)/gnu arm embedded toolchain/10 2021.10/bin/../lib/gcc/arm-none-eabi/10.3.1/../../../../arm-none-eabi/lib/thumb/v6-m/nofp\libg_nano.a(lib_a-itoa.o)
 .ARM.attributes
                0x00000350       0x2c c:/program files (x86)/gnu arm embedded toolchain/10 2021.10/bin/../lib/gcc/arm-none-eabi/10.3.1/../../../../arm-none-eabi/lib/thumb/v6-m/nofp\libg_nano.a(lib_a-memcpy-stub.o)
 .ARM.attributes
                0x0000037c       0x2c c:/program files (x86)/gnu arm embedded toolchain/10 2021.10/bin/../lib/gcc/arm-none-eabi/10.3.1/../../../../arm-none-eabi/lib/thumb/v6-m/nofp\libg_nano.a(lib_a-memset.o)
 .ARM.attributes
                0x000003a8       0x2c c:/program files (x86)/gnu arm embedded toolchain/10 2021.10/bin/../lib/gcc/arm-none-eabi/10.3.1/../../../../arm-none-eabi/lib/thumb/v6-m/nofp\libg_nano.a(lib_a-printf.o)
 .ARM.attributes
                0x000003d4       0x2c c:/program files (x86)/gnu arm embedded toolchain/10 2021.10/bin/../lib/gcc/arm-none-eabi/10.3.1/../../../../arm-none-eabi/lib/thumb/v6-m/nofp\libg_nano.a(lib_a-puts.o)
 .ARM.attributes
                0x00000400       0x2c c:/program files (x86)/gnu arm embedded toolchain/10 2021.10/bin/../lib/gcc/arm-none-eabi/10.3.1/../../../../arm-none-eabi/lib/thumb/v6-m/nofp\libg_nano.a(lib_a-strcat.o)
 .ARM.attributes
                0x0000042c       0x1c c:/program files (x86)/gnu arm embedded toolchain/10 2021.10/bin/../lib/gcc/arm-none-eabi/10.3.1/../../../../arm-none-eabi/lib/thumb/v6-m/nofp\libg_nano.a(lib_a-strlen.o)
 .ARM.attributes
                0x00000448       0x2c c:/program files (x86)/gnu arm embedded toolchain/10 2021.10/bin/../lib/gcc/arm-none-eabi/10.3.1/../../../../arm-none-eabi/lib/thumb/v6-m/nofp\libg_nano.a(lib_a-strstr.o)
 .ARM.attributes
                0x00000474       0x2c c:/program files (x86)/gnu arm embedded toolchain/10 2021.10/bin/../lib/gcc/arm-none-eabi/10.3.1/../../../../arm-none-eabi/lib/thumb/v6-m/nofp\libg_nano.a(lib_a-utoa.o)
 .ARM.attributes
                0x000004a0       0x2c c:/program files (x86)/gnu arm embedded toolchain/10 2021.10/bin/../lib/gcc/arm-none-eabi/10.3.1/../../../../arm-none-eabi/lib/thumb/v6-m/nofp\libg_nano.a(lib_a-wbuf.o)
 .ARM.attributes
                0x000004cc       0x2c c:/program files (x86)/gnu arm embedded toolchain/10 2021.10/bin/../lib/gcc/arm-none-eabi/10.3.1/../../../../arm-none-eabi/lib/thumb/v6-m/nofp\libg_nano.a(lib_a-wsetup.o)
 .ARM.attributes
                0x000004f8       0x2c c:/program files (x86)/gnu arm embedded toolchain/10 2021.10/bin/../lib/gcc/arm-none-eabi/10.3.1/../../../../arm-none-eabi/lib/thumb/v6-m/nofp\libg_nano.a(lib_a-fflush.o)
 .ARM.attributes
                0x00000524       0x2c c:/program files (x86)/gnu arm embedded toolchain/10 2021.10/bin/../lib/gcc/arm-none-eabi/10.3.1/../../../../arm-none-eabi/lib/thumb/v6-m/nofp\libg_nano.a(lib_a-findfp.o)
 .ARM.attributes
                0x00000550       0x2c c:/program files (x86)/gnu arm embedded toolchain/10 2021.10/bin/../lib/gcc/arm-none-eabi/10.3.1/../../../../arm-none-eabi/lib/thumb/v6-m/nofp\libg_nano.a(lib_a-fwalk.o)
 .ARM.attributes
                0x0000057c       0x2c c:/program files (x86)/gnu arm embedded toolchain/10 2021.10/bin/../lib/gcc/arm-none-eabi/10.3.1/../../../../arm-none-eabi/lib/thumb/v6-m/nofp\libg_nano.a(lib_a-lock.o)
 .ARM.attributes
                0x000005a8       0x2c c:/program files (x86)/gnu arm embedded toolchain/10 2021.10/bin/../lib/gcc/arm-none-eabi/10.3.1/../../../../arm-none-eabi/lib/thumb/v6-m/nofp\libg_nano.a(lib_a-makebuf.o)
 .ARM.attributes
                0x000005d4       0x2c c:/program files (x86)/gnu arm embedded toolchain/10 2021.10/bin/../lib/gcc/arm-none-eabi/10.3.1/../../../../arm-none-eabi/lib/thumb/v6-m/nofp\libg_nano.a(lib_a-nano-freer.o)
 .ARM.attributes
                0x00000600       0x2c c:/program files (x86)/gnu arm embedded toolchain/10 2021.10/bin/../lib/gcc/arm-none-eabi/10.3.1/../../../../arm-none-eabi/lib/thumb/v6-m/nofp\libg_nano.a(lib_a-nano-mallocr.o)
 .ARM.attributes
                0x0000062c       0x2c c:/program files (x86)/gnu arm embedded toolchain/10 2021.10/bin/../lib/gcc/arm-none-eabi/10.3.1/../../../../arm-none-eabi/lib/thumb/v6-m/nofp\libg_nano.a(lib_a-nano-vfprintf.o)
 .ARM.attributes
                0x00000658       0x2c c:/program files (x86)/gnu arm embedded toolchain/10 2021.10/bin/../lib/gcc/arm-none-eabi/10.3.1/../../../../arm-none-eabi/lib/thumb/v6-m/nofp\libg_nano.a(lib_a-nano-vfprintf_i.o)
 .ARM.attributes
                0x00000684       0x2c c:/program files (x86)/gnu arm embedded toolchain/10 2021.10/bin/../lib/gcc/arm-none-eabi/10.3.1/../../../../arm-none-eabi/lib/thumb/v6-m/nofp\libg_nano.a(lib_a-sbrkr.o)
 .ARM.attributes
                0x000006b0       0x2c c:/program files (x86)/gnu arm embedded toolchain/10 2021.10/bin/../lib/gcc/arm-none-eabi/10.3.1/../../../../arm-none-eabi/lib/thumb/v6-m/nofp\libg_nano.a(lib_a-stdio.o)
 .ARM.attributes
                0x000006dc       0x2c c:/program files (x86)/gnu arm embedded toolchain/10 2021.10/bin/../lib/gcc/arm-none-eabi/10.3.1/../../../../arm-none-eabi/lib/thumb/v6-m/nofp\libg_nano.a(lib_a-writer.o)
 .ARM.attributes
                0x00000708       0x2c c:/program files (x86)/gnu arm embedded toolchain/10 2021.10/bin/../lib/gcc/arm-none-eabi/10.3.1/../../../../arm-none-eabi/lib/thumb/v6-m/nofp\libg_nano.a(lib_a-closer.o)
 .ARM.attributes
                0x00000734       0x2c c:/program files (x86)/gnu arm embedded toolchain/10 2021.10/bin/../lib/gcc/arm-none-eabi/10.3.1/../../../../arm-none-eabi/lib/thumb/v6-m/nofp\libg_nano.a(lib_a-fstatr.o)
 .ARM.attributes
                0x00000760       0x2c c:/program files (x86)/gnu arm embedded toolchain/10 2021.10/bin/../lib/gcc/arm-none-eabi/10.3.1/../../../../arm-none-eabi/lib/thumb/v6-m/nofp\libg_nano.a(lib_a-isattyr.o)
 .ARM.attributes
                0x0000078c       0x2c c:/program files (x86)/gnu arm embedded toolchain/10 2021.10/bin/../lib/gcc/arm-none-eabi/10.3.1/../../../../arm-none-eabi/lib/thumb/v6-m/nofp\libg_nano.a(lib_a-lseekr.o)
 .ARM.attributes
                0x000007b8       0x2c c:/program files (x86)/gnu arm embedded toolchain/10 2021.10/bin/../lib/gcc/arm-none-eabi/10.3.1/../../../../arm-none-eabi/lib/thumb/v6-m/nofp\libg_nano.a(lib_a-memchr-stub.o)
 .ARM.attributes
                0x000007e4       0x2c c:/program files (x86)/gnu arm embedded toolchain/10 2021.10/bin/../lib/gcc/arm-none-eabi/10.3.1/../../../../arm-none-eabi/lib/thumb/v6-m/nofp\libg_nano.a(lib_a-mlock.o)
 .ARM.attributes
                0x00000810       0x2c c:/program files (x86)/gnu arm embedded toolchain/10 2021.10/bin/../lib/gcc/arm-none-eabi/10.3.1/../../../../arm-none-eabi/lib/thumb/v6-m/nofp\libg_nano.a(lib_a-readr.o)
 .ARM.attributes
                0x0000083c       0x1e c:/program files (x86)/gnu arm embedded toolchain/10 2021.10/bin/../lib/gcc/arm-none-eabi/10.3.1/thumb/v6-m/nofp\libgcc.a(_thumb1_case_shi.o)
 .ARM.attributes
                0x0000085a       0x2c c:/program files (x86)/gnu arm embedded toolchain/10 2021.10/bin/../lib/gcc/arm-none-eabi/10.3.1/thumb/v6-m/nofp/crtend.o
 .ARM.attributes
                0x00000886       0x1e c:/program files (x86)/gnu arm embedded toolchain/10 2021.10/bin/../lib/gcc/arm-none-eabi/10.3.1/thumb/v6-m/nofp/crtn.o
 .ARM.attributes
                0x000008a4       0x2c c:/program files (x86)/gnu arm embedded toolchain/10 2021.10/bin/../lib/gcc/arm-none-eabi/10.3.1/../../../../arm-none-eabi/lib/thumb/v6-m/nofp\libnosys.a(sbrk.o)
 .ARM.attributes
                0x000008d0       0x2c c:/program files (x86)/gnu arm embedded toolchain/10 2021.10/bin/../lib/gcc/arm-none-eabi/10.3.1/../../../../arm-none-eabi/lib/thumb/v6-m/nofp\libnosys.a(_exit.o)

.comment        0x00000000       0x49
 .comment       0x00000000       0x49 ./User/main.o
                                 0x4a (size before relaxing)
 .comment       0x00000049       0x4a ./Library/clk.o
 .comment       0x00000049       0x4a ./Library/gpio.o
 .comment       0x00000049       0x4a ./Library/retarget.o
 .comment       0x00000049       0x4a ./Library/rfm69_function.o
 .comment       0x00000049       0x4a ./Library/spi.o
 .comment       0x00000049       0x4a ./Library/timer.o
 .comment       0x00000049       0x4a ./Library/uart.o
 .comment       0x00000049       0x4a ./CMSIS/GCC/_syscalls.o
 .comment       0x00000049       0x4a ./CMSIS/system_M0564.o

.debug_info     0x00000000     0x9da0
 .debug_info    0x00000000     0x40bf ./User/main.o
 .debug_info    0x000040bf      0xb0d ./Library/clk.o
 .debug_info    0x00004bcc      0x21d ./Library/gpio.o
 .debug_info    0x00004de9      0xe0b ./Library/retarget.o
 .debug_info    0x00005bf4      0xab0 ./Library/rfm69_function.o
 .debug_info    0x000066a4     0x11f0 ./Library/spi.o
 .debug_info    0x00007894      0x889 ./Library/timer.o
 .debug_info    0x0000811d      0xd90 ./Library/uart.o
 .debug_info    0x00008ead      0xa9a ./CMSIS/GCC/_syscalls.o
 .debug_info    0x00009947       0x26 ./CMSIS/GCC/startup_M0564.o
 .debug_info    0x0000996d      0x433 ./CMSIS/system_M0564.o

.debug_abbrev   0x00000000     0x1910
 .debug_abbrev  0x00000000      0x526 ./User/main.o
 .debug_abbrev  0x00000526      0x2c9 ./Library/clk.o
 .debug_abbrev  0x000007ef       0xff ./Library/gpio.o
 .debug_abbrev  0x000008ee      0x332 ./Library/retarget.o
 .debug_abbrev  0x00000c20      0x239 ./Library/rfm69_function.o
 .debug_abbrev  0x00000e59      0x2aa ./Library/spi.o
 .debug_abbrev  0x00001103      0x218 ./Library/timer.o
 .debug_abbrev  0x0000131b      0x2cd ./Library/uart.o
 .debug_abbrev  0x000015e8      0x19f ./CMSIS/GCC/_syscalls.o
 .debug_abbrev  0x00001787       0x14 ./CMSIS/GCC/startup_M0564.o
 .debug_abbrev  0x0000179b      0x175 ./CMSIS/system_M0564.o

.debug_loc      0x00000000     0x3da5
 .debug_loc     0x00000000      0x7e5 ./User/main.o
 .debug_loc     0x000007e5      0x6d7 ./Library/clk.o
 .debug_loc     0x00000ebc       0x48 ./Library/gpio.o
 .debug_loc     0x00000f04      0x1e3 ./Library/retarget.o
 .debug_loc     0x000010e7      0x491 ./Library/rfm69_function.o
 .debug_loc     0x00001578     0x1347 ./Library/spi.o
 .debug_loc     0x000028bf      0x547 ./Library/timer.o
 .debug_loc     0x00002e06      0x8bf ./Library/uart.o
 .debug_loc     0x000036c5      0x5ed ./CMSIS/GCC/_syscalls.o
 .debug_loc     0x00003cb2       0xf3 ./CMSIS/system_M0564.o

.debug_aranges  0x00000000      0x5e8
 .debug_aranges
                0x00000000      0x120 ./User/main.o
 .debug_aranges
                0x00000120       0xd0 ./Library/clk.o
 .debug_aranges
                0x000001f0       0x30 ./Library/gpio.o
 .debug_aranges
                0x00000220       0x78 ./Library/retarget.o
 .debug_aranges
                0x00000298       0x70 ./Library/rfm69_function.o
 .debug_aranges
                0x00000308       0xc8 ./Library/spi.o
 .debug_aranges
                0x000003d0       0x78 ./Library/timer.o
 .debug_aranges
                0x00000448       0x88 ./Library/uart.o
 .debug_aranges
                0x000004d0       0xd0 ./CMSIS/GCC/_syscalls.o
 .debug_aranges
                0x000005a0       0x20 ./CMSIS/GCC/startup_M0564.o
 .debug_aranges
                0x000005c0       0x28 ./CMSIS/system_M0564.o

.debug_ranges   0x00000000      0x5f0
 .debug_ranges  0x00000000      0x178 ./User/main.o
 .debug_ranges  0x00000178       0xc0 ./Library/clk.o
 .debug_ranges  0x00000238       0x20 ./Library/gpio.o
 .debug_ranges  0x00000258       0x68 ./Library/retarget.o
 .debug_ranges  0x000002c0       0x60 ./Library/rfm69_function.o
 .debug_ranges  0x00000320       0xb8 ./Library/spi.o
 .debug_ranges  0x000003d8       0x68 ./Library/timer.o
 .debug_ranges  0x00000440       0xc0 ./Library/uart.o
 .debug_ranges  0x00000500       0xc0 ./CMSIS/GCC/_syscalls.o
 .debug_ranges  0x000005c0       0x30 ./CMSIS/system_M0564.o

.debug_line     0x00000000     0x534d
 .debug_line    0x00000000     0x12e0 ./User/main.o
 .debug_line    0x000012e0      0x8a6 ./Library/clk.o
 .debug_line    0x00001b86      0x209 ./Library/gpio.o
 .debug_line    0x00001d8f      0x4c7 ./Library/retarget.o
 .debug_line    0x00002256      0x6fc ./Library/rfm69_function.o
 .debug_line    0x00002952     0x1399 ./Library/spi.o
 .debug_line    0x00003ceb      0x59e ./Library/timer.o
 .debug_line    0x00004289      0x84c ./Library/uart.o
 .debug_line    0x00004ad5      0x5a7 ./CMSIS/GCC/_syscalls.o
 .debug_line    0x0000507c       0x6a ./CMSIS/GCC/startup_M0564.o
 .debug_line    0x000050e6      0x267 ./CMSIS/system_M0564.o

.debug_str      0x00000000     0x218b
 .debug_str     0x00000000     0x10d3 ./User/main.o
                               0x121e (size before relaxing)
 .debug_str     0x000010d3      0x305 ./Library/clk.o
                                0x5ac (size before relaxing)
 .debug_str     0x000013d8       0x4f ./Library/gpio.o
                                0x241 (size before relaxing)
 .debug_str     0x00001427      0x433 ./Library/retarget.o
                                0x69c (size before relaxing)
 .debug_str     0x0000185a       0xfa ./Library/rfm69_function.o
                                0x497 (size before relaxing)
 .debug_str     0x00001954      0x23d ./Library/spi.o
                                0x680 (size before relaxing)
 .debug_str     0x00001b91      0x167 ./Library/timer.o
                                0x513 (size before relaxing)
 .debug_str     0x00001cf8      0x1a1 ./Library/uart.o
                                0x707 (size before relaxing)
 .debug_str     0x00001e99      0x275 ./CMSIS/GCC/_syscalls.o
                                0x4b2 (size before relaxing)
 .debug_str     0x0000210e       0x2b ./CMSIS/GCC/startup_M0564.o
                                 0x69 (size before relaxing)
 .debug_str     0x00002139       0x52 ./CMSIS/system_M0564.o
                                0x337 (size before relaxing)

.debug_frame    0x00000000     0x18a8
 .debug_frame   0x00000000      0x384 ./User/main.o
 .debug_frame   0x00000384      0x210 ./Library/clk.o
 .debug_frame   0x00000594       0x54 ./Library/gpio.o
 .debug_frame   0x000005e8      0x100 ./Library/retarget.o
 .debug_frame   0x000006e8      0x134 ./Library/rfm69_function.o
 .debug_frame   0x0000081c      0x1f4 ./Library/spi.o
 .debug_frame   0x00000a10      0x10c ./Library/timer.o
 .debug_frame   0x00000b1c      0x15c ./Library/uart.o
 .debug_frame   0x00000c78      0x230 ./CMSIS/GCC/_syscalls.o
 .debug_frame   0x00000ea8       0x3c ./CMSIS/system_M0564.o
 .debug_frame   0x00000ee4       0x20 c:/program files (x86)/gnu arm embedded toolchain/10 2021.10/bin/../lib/gcc/arm-none-eabi/10.3.1/thumb/v6-m/nofp\libgcc.a(_udivsi3.o)
 .debug_frame   0x00000f04       0x20 c:/program files (x86)/gnu arm embedded toolchain/10 2021.10/bin/../lib/gcc/arm-none-eabi/10.3.1/../../../../arm-none-eabi/lib/thumb/v6-m/nofp\libg_nano.a(lib_a-errno.o)
 .debug_frame   0x00000f24       0x28 c:/program files (x86)/gnu arm embedded toolchain/10 2021.10/bin/../lib/gcc/arm-none-eabi/10.3.1/../../../../arm-none-eabi/lib/thumb/v6-m/nofp\libg_nano.a(lib_a-exit.o)
 .debug_frame   0x00000f4c       0x2c c:/program files (x86)/gnu arm embedded toolchain/10 2021.10/bin/../lib/gcc/arm-none-eabi/10.3.1/../../../../arm-none-eabi/lib/thumb/v6-m/nofp\libg_nano.a(lib_a-init.o)
 .debug_frame   0x00000f78       0x40 c:/program files (x86)/gnu arm embedded toolchain/10 2021.10/bin/../lib/gcc/arm-none-eabi/10.3.1/../../../../arm-none-eabi/lib/thumb/v6-m/nofp\libg_nano.a(lib_a-itoa.o)
 .debug_frame   0x00000fb8       0x28 c:/program files (x86)/gnu arm embedded toolchain/10 2021.10/bin/../lib/gcc/arm-none-eabi/10.3.1/../../../../arm-none-eabi/lib/thumb/v6-m/nofp\libg_nano.a(lib_a-memcpy-stub.o)
 .debug_frame   0x00000fe0       0x20 c:/program files (x86)/gnu arm embedded toolchain/10 2021.10/bin/../lib/gcc/arm-none-eabi/10.3.1/../../../../arm-none-eabi/lib/thumb/v6-m/nofp\libg_nano.a(lib_a-memset.o)
 .debug_frame   0x00001000       0x50 c:/program files (x86)/gnu arm embedded toolchain/10 2021.10/bin/../lib/gcc/arm-none-eabi/10.3.1/../../../../arm-none-eabi/lib/thumb/v6-m/nofp\libg_nano.a(lib_a-printf.o)
 .debug_frame   0x00001050       0x44 c:/program files (x86)/gnu arm embedded toolchain/10 2021.10/bin/../lib/gcc/arm-none-eabi/10.3.1/../../../../arm-none-eabi/lib/thumb/v6-m/nofp\libg_nano.a(lib_a-puts.o)
 .debug_frame   0x00001094       0x28 c:/program files (x86)/gnu arm embedded toolchain/10 2021.10/bin/../lib/gcc/arm-none-eabi/10.3.1/../../../../arm-none-eabi/lib/thumb/v6-m/nofp\libg_nano.a(lib_a-strcat.o)
 .debug_frame   0x000010bc       0x2c c:/program files (x86)/gnu arm embedded toolchain/10 2021.10/bin/../lib/gcc/arm-none-eabi/10.3.1/../../../../arm-none-eabi/lib/thumb/v6-m/nofp\libg_nano.a(lib_a-strstr.o)
 .debug_frame   0x000010e8       0x48 c:/program files (x86)/gnu arm embedded toolchain/10 2021.10/bin/../lib/gcc/arm-none-eabi/10.3.1/../../../../arm-none-eabi/lib/thumb/v6-m/nofp\libg_nano.a(lib_a-utoa.o)
 .debug_frame   0x00001130       0x48 c:/program files (x86)/gnu arm embedded toolchain/10 2021.10/bin/../lib/gcc/arm-none-eabi/10.3.1/../../../../arm-none-eabi/lib/thumb/v6-m/nofp\libg_nano.a(lib_a-wbuf.o)
 .debug_frame   0x00001178       0x2c c:/program files (x86)/gnu arm embedded toolchain/10 2021.10/bin/../lib/gcc/arm-none-eabi/10.3.1/../../../../arm-none-eabi/lib/thumb/v6-m/nofp\libg_nano.a(lib_a-wsetup.o)
 .debug_frame   0x000011a4       0x68 c:/program files (x86)/gnu arm embedded toolchain/10 2021.10/bin/../lib/gcc/arm-none-eabi/10.3.1/../../../../arm-none-eabi/lib/thumb/v6-m/nofp\libg_nano.a(lib_a-fflush.o)
 .debug_frame   0x0000120c      0x170 c:/program files (x86)/gnu arm embedded toolchain/10 2021.10/bin/../lib/gcc/arm-none-eabi/10.3.1/../../../../arm-none-eabi/lib/thumb/v6-m/nofp\libg_nano.a(lib_a-findfp.o)
 .debug_frame   0x0000137c       0x58 c:/program files (x86)/gnu arm embedded toolchain/10 2021.10/bin/../lib/gcc/arm-none-eabi/10.3.1/../../../../arm-none-eabi/lib/thumb/v6-m/nofp\libg_nano.a(lib_a-fwalk.o)
 .debug_frame   0x000013d4       0xb0 c:/program files (x86)/gnu arm embedded toolchain/10 2021.10/bin/../lib/gcc/arm-none-eabi/10.3.1/../../../../arm-none-eabi/lib/thumb/v6-m/nofp\libg_nano.a(lib_a-lock.o)
 .debug_frame   0x00001484       0x54 c:/program files (x86)/gnu arm embedded toolchain/10 2021.10/bin/../lib/gcc/arm-none-eabi/10.3.1/../../../../arm-none-eabi/lib/thumb/v6-m/nofp\libg_nano.a(lib_a-makebuf.o)
 .debug_frame   0x000014d8       0x2c c:/program files (x86)/gnu arm embedded toolchain/10 2021.10/bin/../lib/gcc/arm-none-eabi/10.3.1/../../../../arm-none-eabi/lib/thumb/v6-m/nofp\libg_nano.a(lib_a-nano-freer.o)
 .debug_frame   0x00001504       0x50 c:/program files (x86)/gnu arm embedded toolchain/10 2021.10/bin/../lib/gcc/arm-none-eabi/10.3.1/../../../../arm-none-eabi/lib/thumb/v6-m/nofp\libg_nano.a(lib_a-nano-mallocr.o)
 .debug_frame   0x00001554       0x9c c:/program files (x86)/gnu arm embedded toolchain/10 2021.10/bin/../lib/gcc/arm-none-eabi/10.3.1/../../../../arm-none-eabi/lib/thumb/v6-m/nofp\libg_nano.a(lib_a-nano-vfprintf.o)
 .debug_frame   0x000015f0       0x54 c:/program files (x86)/gnu arm embedded toolchain/10 2021.10/bin/../lib/gcc/arm-none-eabi/10.3.1/../../../../arm-none-eabi/lib/thumb/v6-m/nofp\libg_nano.a(lib_a-nano-vfprintf_i.o)
 .debug_frame   0x00001644       0x2c c:/program files (x86)/gnu arm embedded toolchain/10 2021.10/bin/../lib/gcc/arm-none-eabi/10.3.1/../../../../arm-none-eabi/lib/thumb/v6-m/nofp\libg_nano.a(lib_a-sbrkr.o)
 .debug_frame   0x00001670       0x90 c:/program files (x86)/gnu arm embedded toolchain/10 2021.10/bin/../lib/gcc/arm-none-eabi/10.3.1/../../../../arm-none-eabi/lib/thumb/v6-m/nofp\libg_nano.a(lib_a-stdio.o)
 .debug_frame   0x00001700       0x2c c:/program files (x86)/gnu arm embedded toolchain/10 2021.10/bin/../lib/gcc/arm-none-eabi/10.3.1/../../../../arm-none-eabi/lib/thumb/v6-m/nofp\libg_nano.a(lib_a-writer.o)
 .debug_frame   0x0000172c       0x2c c:/program files (x86)/gnu arm embedded toolchain/10 2021.10/bin/../lib/gcc/arm-none-eabi/10.3.1/../../../../arm-none-eabi/lib/thumb/v6-m/nofp\libg_nano.a(lib_a-closer.o)
 .debug_frame   0x00001758       0x2c c:/program files (x86)/gnu arm embedded toolchain/10 2021.10/bin/../lib/gcc/arm-none-eabi/10.3.1/../../../../arm-none-eabi/lib/thumb/v6-m/nofp\libg_nano.a(lib_a-fstatr.o)
 .debug_frame   0x00001784       0x2c c:/program files (x86)/gnu arm embedded toolchain/10 2021.10/bin/../lib/gcc/arm-none-eabi/10.3.1/../../../../arm-none-eabi/lib/thumb/v6-m/nofp\libg_nano.a(lib_a-isattyr.o)
 .debug_frame   0x000017b0       0x2c c:/program files (x86)/gnu arm embedded toolchain/10 2021.10/bin/../lib/gcc/arm-none-eabi/10.3.1/../../../../arm-none-eabi/lib/thumb/v6-m/nofp\libg_nano.a(lib_a-lseekr.o)
 .debug_frame   0x000017dc       0x20 c:/program files (x86)/gnu arm embedded toolchain/10 2021.10/bin/../lib/gcc/arm-none-eabi/10.3.1/../../../../arm-none-eabi/lib/thumb/v6-m/nofp\libg_nano.a(lib_a-memchr-stub.o)
 .debug_frame   0x000017fc       0x40 c:/program files (x86)/gnu arm embedded toolchain/10 2021.10/bin/../lib/gcc/arm-none-eabi/10.3.1/../../../../arm-none-eabi/lib/thumb/v6-m/nofp\libg_nano.a(lib_a-mlock.o)
 .debug_frame   0x0000183c       0x2c c:/program files (x86)/gnu arm embedded toolchain/10 2021.10/bin/../lib/gcc/arm-none-eabi/10.3.1/../../../../arm-none-eabi/lib/thumb/v6-m/nofp\libg_nano.a(lib_a-readr.o)
 .debug_frame   0x00001868       0x20 c:/program files (x86)/gnu arm embedded toolchain/10 2021.10/bin/../lib/gcc/arm-none-eabi/10.3.1/../../../../arm-none-eabi/lib/thumb/v6-m/nofp\libnosys.a(sbrk.o)
 .debug_frame   0x00001888       0x20 c:/program files (x86)/gnu arm embedded toolchain/10 2021.10/bin/../lib/gcc/arm-none-eabi/10.3.1/../../../../arm-none-eabi/lib/thumb/v6-m/nofp\libnosys.a(_exit.o)
