Archive member included to satisfy reference by file (symbol)

c:/users/natar/onedrive/documents/venkiworkspace/10 2021.10/bin/../lib/gcc/arm-none-eabi/10.3.1/thumb/v6-m/nofp\libgcc.a(_udivsi3.o)
                              ./User/fmc.o (__aeabi_uidiv)
c:/users/natar/onedrive/documents/venkiworkspace/10 2021.10/bin/../lib/gcc/arm-none-eabi/10.3.1/thumb/v6-m/nofp\libgcc.a(_divsi3.o)
                              ./User/main.o (__aeabi_idiv)
c:/users/natar/onedrive/documents/venkiworkspace/10 2021.10/bin/../lib/gcc/arm-none-eabi/10.3.1/thumb/v6-m/nofp\libgcc.a(_dvmd_tls.o)
                              c:/users/natar/onedrive/documents/venkiworkspace/10 2021.10/bin/../lib/gcc/arm-none-eabi/10.3.1/thumb/v6-m/nofp\libgcc.a(_udivsi3.o) (__aeabi_idiv0)
c:/users/natar/onedrive/documents/venkiworkspace/10 2021.10/bin/../lib/gcc/arm-none-eabi/10.3.1/thumb/v6-m/nofp\libgcc.a(_fixunssfsi.o)
                              ./User/main.o (__aeabi_f2uiz)
c:/users/natar/onedrive/documents/venkiworkspace/10 2021.10/bin/../lib/gcc/arm-none-eabi/10.3.1/thumb/v6-m/nofp\libgcc.a(divsf3.o)
                              ./User/main.o (__aeabi_fdiv)
c:/users/natar/onedrive/documents/venkiworkspace/10 2021.10/bin/../lib/gcc/arm-none-eabi/10.3.1/thumb/v6-m/nofp\libgcc.a(mulsf3.o)
                              ./User/main.o (__aeabi_fmul)
c:/users/natar/onedrive/documents/venkiworkspace/10 2021.10/bin/../lib/gcc/arm-none-eabi/10.3.1/thumb/v6-m/nofp\libgcc.a(subsf3.o)
                              ./User/main.o (__aeabi_fsub)
c:/users/natar/onedrive/documents/venkiworkspace/10 2021.10/bin/../lib/gcc/arm-none-eabi/10.3.1/thumb/v6-m/nofp\libgcc.a(fixsfsi.o)
                              ./User/main.o (__aeabi_f2iz)
c:/users/natar/onedrive/documents/venkiworkspace/10 2021.10/bin/../lib/gcc/arm-none-eabi/10.3.1/thumb/v6-m/nofp\libgcc.a(floatsisf.o)
                              ./User/main.o (__aeabi_i2f)
c:/users/natar/onedrive/documents/venkiworkspace/10 2021.10/bin/../lib/gcc/arm-none-eabi/10.3.1/thumb/v6-m/nofp\libgcc.a(floatunsisf.o)
                              ./User/main.o (__aeabi_ui2f)
c:/users/natar/onedrive/documents/venkiworkspace/10 2021.10/bin/../lib/gcc/arm-none-eabi/10.3.1/thumb/v6-m/nofp\libgcc.a(muldf3.o)
                              ./User/main.o (__aeabi_dmul)
c:/users/natar/onedrive/documents/venkiworkspace/10 2021.10/bin/../lib/gcc/arm-none-eabi/10.3.1/thumb/v6-m/nofp\libgcc.a(floatsidf.o)
                              ./User/main.o (__aeabi_i2d)
c:/users/natar/onedrive/documents/venkiworkspace/10 2021.10/bin/../lib/gcc/arm-none-eabi/10.3.1/thumb/v6-m/nofp\libgcc.a(extendsfdf2.o)
                              ./User/main.o (__aeabi_f2d)
c:/users/natar/onedrive/documents/venkiworkspace/10 2021.10/bin/../lib/gcc/arm-none-eabi/10.3.1/thumb/v6-m/nofp\libgcc.a(truncdfsf2.o)
                              ./User/main.o (__aeabi_d2f)
c:/users/natar/onedrive/documents/venkiworkspace/10 2021.10/bin/../lib/gcc/arm-none-eabi/10.3.1/thumb/v6-m/nofp\libgcc.a(_arm_cmpsf2.o)
                              c:/users/natar/onedrive/documents/venkiworkspace/10 2021.10/bin/../lib/gcc/arm-none-eabi/10.3.1/thumb/v6-m/nofp\libgcc.a(_fixunssfsi.o) (__aeabi_fcmpge)
c:/users/natar/onedrive/documents/venkiworkspace/10 2021.10/bin/../lib/gcc/arm-none-eabi/10.3.1/thumb/v6-m/nofp\libgcc.a(_clzsi2.o)
                              c:/users/natar/onedrive/documents/venkiworkspace/10 2021.10/bin/../lib/gcc/arm-none-eabi/10.3.1/thumb/v6-m/nofp\libgcc.a(divsf3.o) (__clzsi2)
c:/users/natar/onedrive/documents/venkiworkspace/10 2021.10/bin/../lib/gcc/arm-none-eabi/10.3.1/thumb/v6-m/nofp\libgcc.a(eqsf2.o)
                              c:/users/natar/onedrive/documents/venkiworkspace/10 2021.10/bin/../lib/gcc/arm-none-eabi/10.3.1/thumb/v6-m/nofp\libgcc.a(_arm_cmpsf2.o) (__eqsf2)
c:/users/natar/onedrive/documents/venkiworkspace/10 2021.10/bin/../lib/gcc/arm-none-eabi/10.3.1/thumb/v6-m/nofp\libgcc.a(gesf2.o)
                              c:/users/natar/onedrive/documents/venkiworkspace/10 2021.10/bin/../lib/gcc/arm-none-eabi/10.3.1/thumb/v6-m/nofp\libgcc.a(_arm_cmpsf2.o) (__gesf2)
c:/users/natar/onedrive/documents/venkiworkspace/10 2021.10/bin/../lib/gcc/arm-none-eabi/10.3.1/thumb/v6-m/nofp\libgcc.a(lesf2.o)
                              c:/users/natar/onedrive/documents/venkiworkspace/10 2021.10/bin/../lib/gcc/arm-none-eabi/10.3.1/thumb/v6-m/nofp\libgcc.a(_arm_cmpsf2.o) (__lesf2)
c:/users/natar/onedrive/documents/venkiworkspace/10 2021.10/bin/../lib/gcc/arm-none-eabi/10.3.1/../../../../arm-none-eabi/lib/thumb/v6-m/nofp\libg_nano.a(lib_a-atoi.o)
                              ./User/main.o (atoi)
c:/users/natar/onedrive/documents/venkiworkspace/10 2021.10/bin/../lib/gcc/arm-none-eabi/10.3.1/../../../../arm-none-eabi/lib/thumb/v6-m/nofp\libg_nano.a(lib_a-errno.o)
                              ./CMSIS/GCC/_syscalls.o (__errno)
[...]
Memory Configuration

Name             Origin             Length             Attributes
FLASH            0x00000000         0x00010000         xr
RAM              0x20000000         0x00002000         xrw
*default*        0x00000000         0xffffffff

Linker script and memory map

LOAD c:/users/natar/onedrive/documents/venkiworkspace/10 2021.10/bin/../lib/gcc/arm-none-eabi/10.3.1/thumb/v6-m/nofp/crti.o
LOAD c:/users/natar/onedrive/documents/venkiworkspace/10 2021.10/bin/../lib/gcc/arm-none-eabi/10.3.1/thumb/v6-m/nofp/crtbegin.o
LOAD c:/users/natar/onedrive/documents/venkiworkspace/10 2021.10/bin/../lib/gcc/arm-none-eabi/10.3.1/../../../../arm-none-eabi/lib/thumb/v6-m/nofp/crt0.o
LOAD ./User/ADC.o
LOAD ./User/config.o
LOAD ./User/fmc.o
LOAD ./User/main.o
LOAD ./Library/StdDriver/adc.o
LOAD ./Library/StdDriver/gpio.o
LOAD ./Library/clk.o
LOAD ./Library/retarget.o
LOAD ./Library/sys.o
LOAD ./Library/uart.o
LOAD ./Library/wdt.o
LOAD ./CMSIS/GCC/_syscalls.o
LOAD ./CMSIS/GCC/startup_M031Series.o
LOAD ./CMSIS/system_M031Series.o
START GROUP
LOAD c:/users/natar/onedrive/documents/venkiworkspace/10 2021.10/bin/../lib/gcc/arm-none-eabi/10.3.1/thumb/v6-m/nofp\libgcc.a
LOAD c:/users/natar/onedrive/documents/venkiworkspace/10 2021.10/bin/../lib/gcc/arm-none-eabi/10.3.1/../../../../arm-none-eabi/lib/thumb/v6-m/nofp\libg_nano.a
LOAD c:/users/natar/onedrive/documents/venkiworkspace/10 2021.10/bin/../lib/gcc/arm-none-eabi/10.3.1/../../../../arm-none-eabi/lib/thumb/v6-m/nofp\libc_nano.a
END GROUP
START GROUP
LOAD c:/users/natar/onedrive/documents/venkiworkspace/10 2021.10/bin/../lib/gcc/arm-none-eabi/10.3.1/thumb/v6-m/nofp\libgcc.a
LOAD c:/users/natar/onedrive/documents/venkiworkspace/10 2021.10/bin/../lib/gcc/arm-none-eabi/10.3.1/../../../../arm-none-eabi/lib/thumb/v6-m/nofp\libc_nano.a
END GROUP
LOAD c:/users/natar/onedrive/documents/venkiworkspace/10 2021.10/bin/../lib/gcc/arm-none-eabi/10.3.1/thumb/v6-m/nofp/crtend.o
LOAD c:/users/natar/onedrive/documents/venkiworkspace/10 2021.10/bin/../lib/gcc/arm-none-eabi/10.3.1/thumb/v6-m/nofp/crtn.o
START GROUP
LOAD c:/users/natar/onedrive/documents/venkiworkspace/10 2021.10/bin/../lib/gcc/arm-none-eabi/10.3.1/thumb/v6-m/nofp\libgcc.a
LOAD c:/users/natar/onedrive/documents/venkiworkspace/10 2021.10/bin/../lib/gcc/arm-none-eabi/10.3.1/../../../../arm-none-eabi/lib/thumb/v6-m/nofp\libc.a
LOAD c:/users/natar/onedrive/documents/venkiworkspace/10 2021.10/bin/../lib/gcc/arm-none-eabi/10.3.1/../../../../arm-none-eabi/lib/thumb/v6-m/nofp\libm.a
LOAD c:/users/natar/onedrive/documents/venkiworkspace/10 2021.10/bin/../lib/gcc/arm-none-eabi/10.3.1/../../../../arm-none-eabi/lib/thumb/v6-m/nofp\libnosys.a
END GROUP

.text           0x00000000     0x97a8
 *(.vectors)
 .vectors       0x00000000       0xc0 ./CMSIS/GCC/startup_M031Series.o
                0x00000000                __Vectors
                0x000000c0                __Vectors_End = .
                0x000000c0                __Vectors_Size = (__Vectors_End - __Vectors)
                0x20001468                __end__ = .
 *(.text*)
 .text          0x000000c0       0x48 c:/users/natar/onedrive/documents/venkiworkspace/10 2021.10/bin/../lib/gcc/arm-none-eabi/10.3.1/thumb/v6-m/nofp/crtbegin.o
 .text          0x00000108       0x80 c:/users/natar/onedrive/documents/venkiworkspace/10 2021.10/bin/../lib/gcc/arm-none-eabi/10.3.1/../../../../arm-none-eabi/lib/thumb/v6-m/nofp/crt0.o
                0x00000108                _stack_init
                0x00000114                _start
                0x00000114                _mainCRTStartup
 .text.ADC_IRQHandler
                0x00000188       0x18 ./User/ADC.o
                0x00000188                ADC_IRQHandler
 .text.ADC_init
                0x000001a0       0x20 ./User/ADC.o
                0x000001a0                ADC_init
 .text.ADC_measure
                0x000001c0       0x40 ./User/ADC.o
                0x000001c0                ADC_measure
 .text.read_config_data
                0x00000200       0xb4 ./User/config.o
                0x00000200                read_config_data
 .text.configMode_app
                0x000002b4      0x27c ./User/config.o
                0x000002b4                configMode_app
 .text.parse_config_data
                0x00000530      0x110 ./User/config.o
                0x00000530                parse_config_data
 .text.relay_fmc_write_status
                0x00000640       0x6c ./User/config.o
                0x00000640                relay_fmc_write_status
 .text.relay_fmc_read_status
                0x000006ac       0x64 ./User/config.o
                0x000006ac                relay_fmc_read_status
 .text.FMC_Erase_SPROM
                0x00000710       0x70 ./User/fmc.o
                0x00000710                FMC_Erase_SPROM
 .text.FMC_Erase
                0x00000780       0x74 ./User/fmc.o
                0x00000780                FMC_Erase
 .text.FMC_Read
                0x000007f4       0x48 ./User/fmc.o
                0x000007f4                FMC_Read
 .text.FMC_Write
                0x0000083c       0x90 ./User/fmc.o
                0x0000083c                FMC_Write
 .text.SYS_Init
                0x000008cc      0x184 ./User/main.o
                0x000008cc                SYS_Init
 .text.UART0_Init
                0x00000a50       0x30 ./User/main.o
                0x00000a50                UART0_Init
 .text.UART1_Init
                0x00000a80       0x30 ./User/main.o
                0x00000a80                UART1_Init
 .text.UART2_Init
                0x00000ab0       0x30 ./User/main.o
                0x00000ab0                UART2_Init
 .text.TMR0_IRQHandler
                0x00000ae0       0x34 ./User/main.o
                0x00000ae0                TMR0_IRQHandler
 .text.gsm_init
                0x00000b14       0xbc ./User/main.o
                0x00000b14                gsm_init
 .text.gsm_datacall
                0x00000bd0       0xe4 ./User/main.o
                0x00000bd0                gsm_datacall
 .text.gsm_query
                0x00000cb4       0x78 ./User/main.o
                0x00000cb4                gsm_query
 .text.gsm_http_send_lock_status
                0x00000d2c      0x184 ./User/main.o
                0x00000d2c                gsm_http_send_lock_status
 .text.gsm_http_send_unlock_status
                0x00000eb0      0x168 ./User/main.o
                0x00000eb0                gsm_http_send_unlock_status
 .text.gsm_http_send_lightON_status
                0x00001018      0x174 ./User/main.o
                0x00001018                gsm_http_send_lightON_status
 .text.gsm_http_sending_lightOff_status
                0x0000118c      0x174 ./User/main.o
                0x0000118c                gsm_http_sending_lightOff_status
 .text.gsm_http_send_beepOn_status
                0x00001300      0x15c ./User/main.o
                0x00001300                gsm_http_send_beepOn_status
 .text.gsm_beep_on
                0x0000145c      0x15c ./User/main.o
                0x0000145c                gsm_beep_on
 .text.gsm_http_send_beepOff_status
                0x000015b8      0x174 ./User/main.o
                0x000015b8                gsm_http_send_beepOff_status
 .text.gsm_gsm_idle
                0x0000172c      0x168 ./User/main.o
                0x0000172c                gsm_gsm_idle
 .text.loop_delay
                0x00001894       0x20 ./User/main.o
                0x00001894                loop_delay
 .text.gsm_get_snapshot
                0x000018b4      0x16c ./User/main.o
                0x000018b4                gsm_get_snapshot
 .text.gsm_connect
                0x00001a20       0xb0 ./User/main.o
                0x00001a20                gsm_connect
 .text.gsm_http_report_data
                0x00001ad0      0x168 ./User/main.o
                0x00001ad0                gsm_http_report_data
 .text.pextBat_Data
                0x00001c38       0x98 ./User/main.o
                0x00001c38                pextBat_Data
 .text.reverse  0x00001cd0       0x1a ./User/main.o
                0x00001cd0                reverse
 .text.intToStr
                0x00001cea       0x50 ./User/main.o
                0x00001cea                intToStr
 *fill*         0x00001d3a        0x2 
 .text.ftoa     0x00001d3c       0x74 ./User/main.o
                0x00001d3c                ftoa
 .text.UART_Write_main
                0x00001db0       0x18 ./User/main.o
                0x00001db0                UART_Write_main
 .text.UART02_TEST_HANDLE
                0x00001dc8      0x1f8 ./User/main.o
                0x00001dc8                UART02_TEST_HANDLE
 .text.UART02_IRQHandler
                0x00001fc0        0x8 ./User/main.o
                0x00001fc0                UART02_IRQHandler
 .text.UART1_TEST_HANDLE
                0x00001fc8       0xd8 ./User/main.o
                0x00001fc8                UART1_TEST_HANDLE
 .text.UART13_IRQHandler
                0x000020a0       0x24 ./User/main.o
                0x000020a0                UART13_IRQHandler
 .text.gsm_http_send_registartion
                0x000020c4      0x1bc ./User/main.o
                0x000020c4                gsm_http_send_registartion
 .text.gsm_idle
                0x00002280       0x5c ./User/main.o
                0x00002280                gsm_idle
 .text.get_gps_data
                0x000022dc      0x8fc ./User/main.o
                0x000022dc                get_gps_data
 .text.delay_loop
                0x00002bd8       0x18 ./User/main.o
                0x00002bd8                delay_loop
 .text.beep_delay
                0x00002bf0       0x18 ./User/main.o
                0x00002bf0                beep_delay
 .text.alram    0x00002c08       0x38 ./User/main.o
                0x00002c08                alram
 .text.gsm_http_get_lock_status
                0x00002c40      0x388 ./User/main.o
                0x00002c40                gsm_http_get_lock_status
 .text.wdt_rest_beep
                0x00002fc8       0x5c ./User/main.o
                0x00002fc8                wdt_rest_beep
 .text.power_rest_beep
                0x00003024       0x24 ./User/main.o
                0x00003024                power_rest_beep
 .text.main     0x00003048      0x664 ./User/main.o
                0x00003048                main
 .text.ADC_Open
                0x000036ac       0xa4 ./Library/StdDriver/adc.o
                0x000036ac                ADC_Open
 .text.GPIO_SetMode
                0x00003750       0x2a ./Library/StdDriver/gpio.o
                0x00003750                GPIO_SetMode
 *fill*         0x0000377a        0x2 
 .text.CLK_SetModuleClock
                0x0000377c       0x88 ./Library/clk.o
                0x0000377c                CLK_SetModuleClock
 .text.CLK_EnableModuleClock
                0x00003804       0x38 ./Library/clk.o
                0x00003804                CLK_EnableModuleClock
 .text.stackDump
                0x0000383c       0x68 ./Library/retarget.o
 .text.Hard_Fault_Handler
                0x000038a4       0x18 ./Library/retarget.o
                0x000038a4                Hard_Fault_Handler
 .text.HardFault_Handler
                0x000038bc       0x20 ./Library/retarget.o
                0x000038bc                HardFault_Handler
 .text._write   0x000038dc       0x40 ./Library/retarget.o
                0x000038dc                _write
 .text._read    0x0000391c       0x18 ./Library/retarget.o
                0x0000391c                _read
 .text.UART_EnableInt
                0x00003934        0x8 ./Library/uart.o
                0x00003934                UART_EnableInt
 .text.UART_Read
                0x0000393c       0x34 ./Library/uart.o
                0x0000393c                UART_Read
 .text.UART_Write
                0x00003970       0x34 ./Library/uart.o
                0x00003970                UART_Write
 .text.WDT_Open
                0x000039a4       0x1c ./Library/wdt.o
                0x000039a4                WDT_Open
 .text._close   0x000039c0       0x10 ./CMSIS/GCC/_syscalls.o
                0x000039c0                _close
 .text._fstat   0x000039d0       0x10 ./CMSIS/GCC/_syscalls.o
                0x000039d0                _fstat
 .text._isatty  0x000039e0        0xe ./CMSIS/GCC/_syscalls.o
                0x000039e0                _isatty
 .text._lseek   0x000039ee       0x10 ./CMSIS/GCC/_syscalls.o
                0x000039ee                _lseek
 *fill*         0x000039fe        0x2 
 .text          0x00003a00       0x70 ./CMSIS/GCC/startup_M031Series.o
                0x00003a00                Reset_Handler
                0x00003a6c                I2C0_IRQHandler
                0x00003a6c                SysTick_Handler
                0x00003a6c                PWM1_IRQHandler
                0x00003a6c                PendSV_Handler
                0x00003a6c                NMI_Handler
                0x00003a6c                I2C1_IRQHandler
                0x00003a6c                EINT135_IRQHandler
                0x00003a6c                USBD_IRQHandler
                0x00003a6c                QSPI0_IRQHandler
                0x00003a6c                UART57_IRQHandler
                0x00003a6c                EINT024_IRQHandler
                0x00003a6c                RTC_IRQHandler
                0x00003a6c                PWRWU_IRQHandler
                0x00003a6c                ACMP01_IRQHandler
                0x00003a6c                BPWM1_IRQHandler
                0x00003a6c                GPABGH_IRQHandler
                0x00003a6c                Default_Handler
                0x00003a6c                CKFAIL_IRQHandler
                0x00003a6c                UART46_IRQHandler
                0x00003a6c                TMR2_IRQHandler
                0x00003a6c                BPWM0_IRQHandler
                0x00003a6c                BOD_IRQHandler
                0x00003a6c                WDT_IRQHandler
                0x00003a6c                SVC_Handler
                0x00003a6c                PDMA_IRQHandler
                0x00003a6c                ISP_IRQHandler
                0x00003a6c                PWM0_IRQHandler
                0x00003a6c                TMR3_IRQHandler
                0x00003a6c                GPCDEF_IRQHandler
                0x00003a6c                SPI0_IRQHandler
                0x00003a6c                USCI01_IRQHandler
                0x00003a6c                TMR1_IRQHandler
 .text.SystemCoreClockUpdate
                0x00003a70       0xac ./CMSIS/system_M031Series.o
                0x00003a70                SystemCoreClockUpdate
 .text.SystemInit
                0x00003b1c       0x44 ./CMSIS/system_M031Series.o
                0x00003b1c                SystemInit
 .text          0x00003b60      0x114 c:/users/natar/onedrive/documents/venkiworkspace/10 2021.10/bin/../lib/gcc/arm-none-eabi/10.3.1/thumb/v6-m/nofp\libgcc.a(_udivsi3.o)
                0x00003b60                __aeabi_uidiv
                0x00003b60                __udivsi3
                0x00003c6c                __aeabi_uidivmod
 .text          0x00003c74      0x1d4 c:/users/natar/onedrive/documents/venkiworkspace/10 2021.10/bin/../lib/gcc/arm-none-eabi/10.3.1/thumb/v6-m/nofp\libgcc.a(_divsi3.o)
                0x00003c74                __divsi3
                0x00003c74                __aeabi_idiv
                0x00003e40                __aeabi_idivmod
 .text          0x00003e48        0x4 c:/users/natar/onedrive/documents/venkiworkspace/10 2021.10/bin/../lib/gcc/arm-none-eabi/10.3.1/thumb/v6-m/nofp\libgcc.a(_dvmd_tls.o)
                0x00003e48                __aeabi_idiv0
                0x00003e48                __aeabi_ldiv0
 .text          0x00003e4c       0x30 c:/users/natar/onedrive/documents/venkiworkspace/10 2021.10/bin/../lib/gcc/arm-none-eabi/10.3.1/thumb/v6-m/nofp\libgcc.a(_fixunssfsi.o)
                0x00003e4c                __fixunssfsi
                0x00003e4c                __aeabi_f2uiz
 .text          0x00003e7c      0x230 c:/users/natar/onedrive/documents/venkiworkspace/10 2021.10/bin/../lib/gcc/arm-none-eabi/10.3.1/thumb/v6-m/nofp\libgcc.a(divsf3.o)
                0x00003e7c                __aeabi_fdiv
 .text          0x000040ac      0x24c c:/users/natar/onedrive/documents/venkiworkspace/10 2021.10/bin/../lib/gcc/arm-none-eabi/10.3.1/thumb/v6-m/nofp\libgcc.a(mulsf3.o)
                0x000040ac                __aeabi_fmul
 .text          0x000042f8      0x35c c:/users/natar/onedrive/documents/venkiworkspace/10 2021.10/bin/../lib/gcc/arm-none-eabi/10.3.1/thumb/v6-m/nofp\libgcc.a(subsf3.o)
                0x000042f8                __aeabi_fsub
 .text          0x00004654       0x40 c:/users/natar/onedrive/documents/venkiworkspace/10 2021.10/bin/../lib/gcc/arm-none-eabi/10.3.1/thumb/v6-m/nofp\libgcc.a(fixsfsi.o)
                0x00004654                __aeabi_f2iz
 .text          0x00004694       0x9c c:/users/natar/onedrive/documents/venkiworkspace/10 2021.10/bin/../lib/gcc/arm-none-eabi/10.3.1/thumb/v6-m/nofp\libgcc.a(floatsisf.o)
                0x00004694                __aeabi_i2f
 .text          0x00004730       0x84 c:/users/natar/onedrive/documents/venkiworkspace/10 2021.10/bin/../lib/gcc/arm-none-eabi/10.3.1/thumb/v6-m/nofp\libgcc.a(floatunsisf.o)
                0x00004730                __aeabi_ui2f
 .text          0x000047b4      0x4d8 c:/users/natar/onedrive/documents/venkiworkspace/10 2021.10/bin/../lib/gcc/arm-none-eabi/10.3.1/thumb/v6-m/nofp\libgcc.a(muldf3.o)
                0x000047b4                __aeabi_dmul
 .text          0x00004c8c       0x60 c:/users/natar/onedrive/documents/venkiworkspace/10 2021.10/bin/../lib/gcc/arm-none-eabi/10.3.1/thumb/v6-m/nofp\libgcc.a(floatsidf.o)
                0x00004c8c                __aeabi_i2d
 .text          0x00004cec       0x90 c:/users/natar/onedrive/documents/venkiworkspace/10 2021.10/bin/../lib/gcc/arm-none-eabi/10.3.1/thumb/v6-m/nofp\libgcc.a(extendsfdf2.o)
                0x00004cec                __aeabi_f2d
 .text          0x00004d7c      0x110 c:/users/natar/onedrive/documents/venkiworkspace/10 2021.10/bin/../lib/gcc/arm-none-eabi/10.3.1/thumb/v6-m/nofp\libgcc.a(truncdfsf2.o)
                0x00004d7c                __aeabi_d2f
 .text          0x00004e8c       0x74 c:/users/natar/onedrive/documents/venkiworkspace/10 2021.10/bin/../lib/gcc/arm-none-eabi/10.3.1/thumb/v6-m/nofp\libgcc.a(_arm_cmpsf2.o)
                0x00004e8c                __aeabi_cfrcmple
                0x00004e94                __aeabi_cfcmpeq
                0x00004e94                __aeabi_cfcmple
                0x00004ea4                __aeabi_fcmpeq
                0x00004eb0                __aeabi_fcmplt
                0x00004ec4                __aeabi_fcmple
                0x00004ed8                __aeabi_fcmpgt
                0x00004eec                __aeabi_fcmpge
 .text          0x00004f00       0x3c c:/users/natar/onedrive/documents/venkiworkspace/10 2021.10/bin/../lib/gcc/arm-none-eabi/10.3.1/thumb/v6-m/nofp\libgcc.a(_clzsi2.o)
                0x00004f00                __clzsi2
 .text          0x00004f3c       0x4c c:/users/natar/onedrive/documents/venkiworkspace/10 2021.10/bin/../lib/gcc/arm-none-eabi/10.3.1/thumb/v6-m/nofp\libgcc.a(eqsf2.o)
                0x00004f3c                __eqsf2
                0x00004f3c                __nesf2
 .text          0x00004f88       0x8c c:/users/natar/onedrive/documents/venkiworkspace/10 2021.10/bin/../lib/gcc/arm-none-eabi/10.3.1/thumb/v6-m/nofp\libgcc.a(gesf2.o)
                0x00004f88                __gesf2
                0x00004f88                __gtsf2
 .text          0x00005014       0x88 c:/users/natar/onedrive/documents/venkiworkspace/10 2021.10/bin/../lib/gcc/arm-none-eabi/10.3.1/thumb/v6-m/nofp\libgcc.a(lesf2.o)
                0x00005014                __ltsf2
                0x00005014                __lesf2
 .text.atoi     0x0000509c        0xc c:/users/natar/onedrive/documents/venkiworkspace/10 2021.10/bin/../lib/gcc/arm-none-eabi/10.3.1/../../../../arm-none-eabi/lib/thumb/v6-m/nofp\libg_nano.a(lib_a-atoi.o)
                0x0000509c                atoi
 .text.__errno  0x000050a8        0xc c:/users/natar/onedrive/documents/venkiworkspace/10 2021.10/bin/../lib/gcc/arm-none-eabi/10.3.1/../../../../arm-none-eabi/lib/thumb/v6-m/nofp\libg_nano.a(lib_a-errno.o)
                0x000050a8                __errno
 .text.exit     0x000050b4       0x2c c:/users/natar/onedrive/documents/venkiworkspace/10 2021.10/bin/../lib/gcc/arm-none-eabi/10.3.1/../../../../arm-none-eabi/lib/thumb/v6-m/nofp\libg_nano.a(lib_a-exit.o)
                0x000050b4                exit
 .text.__libc_init_array
                0x000050e0       0x48 c:/users/natar/onedrive/documents/venkiworkspace/10 2021.10/bin/../lib/gcc/arm-none-eabi/10.3.1/../../../../arm-none-eabi/lib/thumb/v6-m/nofp\libg_nano.a(lib_a-init.o)
                0x000050e0                __libc_init_array
 .text.__itoa   0x00005128       0x30 c:/users/natar/onedrive/documents/venkiworkspace/10 2021.10/bin/../lib/gcc/arm-none-eabi/10.3.1/../../../../arm-none-eabi/lib/thumb/v6-m/nofp\libg_nano.a(lib_a-itoa.o)
                0x00005128                __itoa
 .text.itoa     0x00005158        0x8 c:/users/natar/onedrive/documents/venkiworkspace/10 2021.10/bin/../lib/gcc/arm-none-eabi/10.3.1/../../../../arm-none-eabi/lib/thumb/v6-m/nofp\libg_nano.a(lib_a-itoa.o)
                0x00005158                itoa
 .text.memcpy   0x00005160       0x12 c:/users/natar/onedrive/documents/venkiworkspace/10 2021.10/bin/../lib/gcc/arm-none-eabi/10.3.1/../../../../arm-none-eabi/lib/thumb/v6-m/nofp\libg_nano.a(lib_a-memcpy-stub.o)
                0x00005160                memcpy
 .text.memset   0x00005172       0x10 c:/users/natar/onedrive/documents/venkiworkspace/10 2021.10/bin/../lib/gcc/arm-none-eabi/10.3.1/../../../../arm-none-eabi/lib/thumb/v6-m/nofp\libg_nano.a(lib_a-memset.o)
                0x00005172                memset
 *fill*         0x00005182        0x2 
 .text.printf   0x00005184       0x34 c:/users/natar/onedrive/documents/venkiworkspace/10 2021.10/bin/../lib/gcc/arm-none-eabi/10.3.1/../../../../arm-none-eabi/lib/thumb/v6-m/nofp\libg_nano.a(lib_a-printf.o)
                0x00005184                iprintf
                0x00005184                printf
 .text._puts_r  0x000051b8       0xe4 c:/users/natar/onedrive/documents/venkiworkspace/10 2021.10/bin/../lib/gcc/arm-none-eabi/10.3.1/../../../../arm-none-eabi/lib/thumb/v6-m/nofp\libg_nano.a(lib_a-puts.o)
                0x000051b8                _puts_r
 .text.puts     0x0000529c       0x14 c:/users/natar/onedrive/documents/venkiworkspace/10 2021.10/bin/../lib/gcc/arm-none-eabi/10.3.1/../../../../arm-none-eabi/lib/thumb/v6-m/nofp\libg_nano.a(lib_a-puts.o)
                0x0000529c                puts
 .text.strcat   0x000052b0       0x1a c:/users/natar/onedrive/documents/venkiworkspace/10 2021.10/bin/../lib/gcc/arm-none-eabi/10.3.1/../../../../arm-none-eabi/lib/thumb/v6-m/nofp\libg_nano.a(lib_a-strcat.o)
                0x000052b0                strcat
 .text.strchr   0x000052ca       0x1c c:/users/natar/onedrive/documents/venkiworkspace/10 2021.10/bin/../lib/gcc/arm-none-eabi/10.3.1/../../../../arm-none-eabi/lib/thumb/v6-m/nofp\libg_nano.a(lib_a-strchr.o)
                0x000052ca                strchr
 .text.strcpy   0x000052e6       0x10 c:/users/natar/onedrive/documents/venkiworkspace/10 2021.10/bin/../lib/gcc/arm-none-eabi/10.3.1/../../../../arm-none-eabi/lib/thumb/v6-m/nofp\libg_nano.a(lib_a-strcpy.o)
                0x000052e6                strcpy
 .text          0x000052f6        0xe c:/users/natar/onedrive/documents/venkiworkspace/10 2021.10/bin/../lib/gcc/arm-none-eabi/10.3.1/../../../../arm-none-eabi/lib/thumb/v6-m/nofp\libg_nano.a(lib_a-strlen.o)
                0x000052f6                strlen
 .text.strncpy  0x00005304       0x28 c:/users/natar/onedrive/documents/venkiworkspace/10 2021.10/bin/../lib/gcc/arm-none-eabi/10.3.1/../../../../arm-none-eabi/lib/thumb/v6-m/nofp\libg_nano.a(lib_a-strncpy.o)
                0x00005304                strncpy
 .text.strstr   0x0000532c       0x2c c:/users/natar/onedrive/documents/venkiworkspace/10 2021.10/bin/../lib/gcc/arm-none-eabi/10.3.1/../../../../arm-none-eabi/lib/thumb/v6-m/nofp\libg_nano.a(lib_a-strstr.o)
                0x0000532c                strstr
 .text._strtol_l.constprop.0
                0x00005358      0x11c c:/users/natar/onedrive/documents/venkiworkspace/10 2021.10/bin/../lib/gcc/arm-none-eabi/10.3.1/../../../../arm-none-eabi/lib/thumb/v6-m/nofp\libg_nano.a(lib_a-strtol.o)
 .text.strtol   0x00005474       0x18 c:/users/natar/onedrive/documents/venkiworkspace/10 2021.10/bin/../lib/gcc/arm-none-eabi/10.3.1/../../../../arm-none-eabi/lib/thumb/v6-m/nofp\libg_nano.a(lib_a-strtol.o)
                0x00005474                strtol
 .text.__utoa   0x0000548c       0x6c c:/users/natar/onedrive/documents/venkiworkspace/10 2021.10/bin/../lib/gcc/arm-none-eabi/10.3.1/../../../../arm-none-eabi/lib/thumb/v6-m/nofp\libg_nano.a(lib_a-utoa.o)
                0x0000548c                __utoa
 .text.__swbuf_r
                0x000054f8       0xac c:/users/natar/onedrive/documents/venkiworkspace/10 2021.10/bin/../lib/gcc/arm-none-eabi/10.3.1/../../../../arm-none-eabi/lib/thumb/v6-m/nofp\libg_nano.a(lib_a-wbuf.o)
                0x000054f8                __swbuf_r
 .text.__swsetup_r
                0x000055a4       0xf0 c:/users/natar/onedrive/documents/venkiworkspace/10 2021.10/bin/../lib/gcc/arm-none-eabi/10.3.1/../../../../arm-none-eabi/lib/thumb/v6-m/nofp\libg_nano.a(lib_a-wsetup.o)
                0x000055a4                __swsetup_r
 .text.__sflush_r
                0x00005694      0x118 c:/users/natar/onedrive/documents/venkiworkspace/10 2021.10/bin/../lib/gcc/arm-none-eabi/10.3.1/../../../../arm-none-eabi/lib/thumb/v6-m/nofp\libg_nano.a(lib_a-fflush.o)
                0x00005694                __sflush_r
 .text._fflush_r
                0x000057ac       0x80 c:/users/natar/onedrive/documents/venkiworkspace/10 2021.10/bin/../lib/gcc/arm-none-eabi/10.3.1/../../../../arm-none-eabi/lib/thumb/v6-m/nofp\libg_nano.a(lib_a-fflush.o)
                0x000057ac                _fflush_r
 .text.std      0x0000582c       0x48 c:/users/natar/onedrive/documents/venkiworkspace/10 2021.10/bin/../lib/gcc/arm-none-eabi/10.3.1/../../../../arm-none-eabi/lib/thumb/v6-m/nofp\libg_nano.a(lib_a-findfp.o)
 .text._cleanup_r
                0x00005874       0x10 c:/users/natar/onedrive/documents/venkiworkspace/10 2021.10/bin/../lib/gcc/arm-none-eabi/10.3.1/../../../../arm-none-eabi/lib/thumb/v6-m/nofp\libg_nano.a(lib_a-findfp.o)
                0x00005874                _cleanup_r
 .text.__sfmoreglue
                0x00005884       0x2c c:/users/natar/onedrive/documents/venkiworkspace/10 2021.10/bin/../lib/gcc/arm-none-eabi/10.3.1/../../../../arm-none-eabi/lib/thumb/v6-m/nofp\libg_nano.a(lib_a-findfp.o)
                0x00005884                __sfmoreglue
 .text.__sfp_lock_acquire
                0x000058b0       0x10 c:/users/natar/onedrive/documents/venkiworkspace/10 2021.10/bin/../lib/gcc/arm-none-eabi/10.3.1/../../../../arm-none-eabi/lib/thumb/v6-m/nofp\libg_nano.a(lib_a-findfp.o)
                0x000058b0                __sfp_lock_acquire
 .text.__sfp_lock_release
                0x000058c0       0x10 c:/users/natar/onedrive/documents/venkiworkspace/10 2021.10/bin/../lib/gcc/arm-none-eabi/10.3.1/../../../../arm-none-eabi/lib/thumb/v6-m/nofp\libg_nano.a(lib_a-findfp.o)
                0x000058c0                __sfp_lock_release
 .text.__sinit_lock_acquire
                0x000058d0       0x10 c:/users/natar/onedrive/documents/venkiworkspace/10 2021.10/bin/../lib/gcc/arm-none-eabi/10.3.1/../../../../arm-none-eabi/lib/thumb/v6-m/nofp\libg_nano.a(lib_a-findfp.o)
                0x000058d0                __sinit_lock_acquire
 .text.__sinit_lock_release
                0x000058e0       0x10 c:/users/natar/onedrive/documents/venkiworkspace/10 2021.10/bin/../lib/gcc/arm-none-eabi/10.3.1/../../../../arm-none-eabi/lib/thumb/v6-m/nofp\libg_nano.a(lib_a-findfp.o)
                0x000058e0                __sinit_lock_release
 .text.__sinit  0x000058f0       0x70 c:/users/natar/onedrive/documents/venkiworkspace/10 2021.10/bin/../lib/gcc/arm-none-eabi/10.3.1/../../../../arm-none-eabi/lib/thumb/v6-m/nofp\libg_nano.a(lib_a-findfp.o)
                0x000058f0                __sinit
 .text.__sfp    0x00005960       0x90 c:/users/natar/onedrive/documents/venkiworkspace/10 2021.10/bin/../lib/gcc/arm-none-eabi/10.3.1/../../../../arm-none-eabi/lib/thumb/v6-m/nofp\libg_nano.a(lib_a-findfp.o)
                0x00005960                __sfp
 .text._fwalk_reent
                0x000059f0       0x40 c:/users/natar/onedrive/documents/venkiworkspace/10 2021.10/bin/../lib/gcc/arm-none-eabi/10.3.1/../../../../arm-none-eabi/lib/thumb/v6-m/nofp\libg_nano.a(lib_a-fwalk.o)
                0x000059f0                _fwalk_reent
 .text.__retarget_lock_init_recursive
                0x00005a30        0x2 c:/users/natar/onedrive/documents/venkiworkspace/10 2021.10/bin/../lib/gcc/arm-none-eabi/10.3.1/../../../../arm-none-eabi/lib/thumb/v6-m/nofp\libg_nano.a(lib_a-lock.o)
                0x00005a30                __retarget_lock_init_recursive
 .text.__retarget_lock_acquire_recursive
                0x00005a32        0x2 c:/users/natar/onedrive/documents/venkiworkspace/10 2021.10/bin/../lib/gcc/arm-none-eabi/10.3.1/../../../../arm-none-eabi/lib/thumb/v6-m/nofp\libg_nano.a(lib_a-lock.o)
                0x00005a32                __retarget_lock_acquire_recursive
 .text.__retarget_lock_release_recursive
                0x00005a34        0x2 c:/users/natar/onedrive/documents/venkiworkspace/10 2021.10/bin/../lib/gcc/arm-none-eabi/10.3.1/../../../../arm-none-eabi/lib/thumb/v6-m/nofp\libg_nano.a(lib_a-lock.o)
                0x00005a34                __retarget_lock_release_recursive
 *fill*         0x00005a36        0x2 
 .text.__swhatbuf_r
                0x00005a38       0x50 c:/users/natar/onedrive/documents/venkiworkspace/10 2021.10/bin/../lib/gcc/arm-none-eabi/10.3.1/../../../../arm-none-eabi/lib/thumb/v6-m/nofp\libg_nano.a(lib_a-makebuf.o)
                0x00005a38                __swhatbuf_r
 .text.__smakebuf_r
                0x00005a88       0x88 c:/users/natar/onedrive/documents/venkiworkspace/10 2021.10/bin/../lib/gcc/arm-none-eabi/10.3.1/../../../../arm-none-eabi/lib/thumb/v6-m/nofp\libg_nano.a(lib_a-makebuf.o)
                0x00005a88                __smakebuf_r
 .text._free_r  0x00005b10       0x94 c:/users/natar/onedrive/documents/venkiworkspace/10 2021.10/bin/../lib/gcc/arm-none-eabi/10.3.1/../../../../arm-none-eabi/lib/thumb/v6-m/nofp\libg_nano.a(lib_a-nano-freer.o)
                0x00005b10                _free_r
 .text.sbrk_aligned
                0x00005ba4       0x44 c:/users/natar/onedrive/documents/venkiworkspace/10 2021.10/bin/../lib/gcc/arm-none-eabi/10.3.1/../../../../arm-none-eabi/lib/thumb/v6-m/nofp\libg_nano.a(lib_a-nano-mallocr.o)
 .text._malloc_r
                0x00005be8       0xec c:/users/natar/onedrive/documents/venkiworkspace/10 2021.10/bin/../lib/gcc/arm-none-eabi/10.3.1/../../../../arm-none-eabi/lib/thumb/v6-m/nofp\libg_nano.a(lib_a-nano-mallocr.o)
                0x00005be8                _malloc_r
 .text.__sfputc_r
                0x00005cd4       0x2a c:/users/natar/onedrive/documents/venkiworkspace/10 2021.10/bin/../lib/gcc/arm-none-eabi/10.3.1/../../../../arm-none-eabi/lib/thumb/v6-m/nofp\libg_nano.a(lib_a-nano-vfprintf.o)
 .text.__sfputs_r
                0x00005cfe       0x24 c:/users/natar/onedrive/documents/venkiworkspace/10 2021.10/bin/../lib/gcc/arm-none-eabi/10.3.1/../../../../arm-none-eabi/lib/thumb/v6-m/nofp\libg_nano.a(lib_a-nano-vfprintf.o)
                0x00005cfe                __sfputs_r
 *fill*         0x00005d22        0x2 
 .text._vfprintf_r
                0x00005d24      0x274 c:/users/natar/onedrive/documents/venkiworkspace/10 2021.10/bin/../lib/gcc/arm-none-eabi/10.3.1/../../../../arm-none-eabi/lib/thumb/v6-m/nofp\libg_nano.a(lib_a-nano-vfprintf.o)
                0x00005d24                _vfprintf_r
                0x00005d24                _vfiprintf_r
 .text._printf_common
                0x00005f98       0xde c:/users/natar/onedrive/documents/venkiworkspace/10 2021.10/bin/../lib/gcc/arm-none-eabi/10.3.1/../../../../arm-none-eabi/lib/thumb/v6-m/nofp\libg_nano.a(lib_a-nano-vfprintf_i.o)
                0x00005f98                _printf_common
 *fill*         0x00006076        0x2 
 .text._printf_i
                0x00006078      0x224 c:/users/natar/onedrive/documents/venkiworkspace/10 2021.10/bin/../lib/gcc/arm-none-eabi/10.3.1/../../../../arm-none-eabi/lib/thumb/v6-m/nofp\libg_nano.a(lib_a-nano-vfprintf_i.o)
                0x00006078                _printf_i
 .text._sbrk_r  0x0000629c       0x24 c:/users/natar/onedrive/documents/venkiworkspace/10 2021.10/bin/../lib/gcc/arm-none-eabi/10.3.1/../../../../arm-none-eabi/lib/thumb/v6-m/nofp\libg_nano.a(lib_a-sbrkr.o)
                0x0000629c                _sbrk_r
 .text.__sread  0x000062c0       0x28 c:/users/natar/onedrive/documents/venkiworkspace/10 2021.10/bin/../lib/gcc/arm-none-eabi/10.3.1/../../../../arm-none-eabi/lib/thumb/v6-m/nofp\libg_nano.a(lib_a-stdio.o)
                0x000062c0                __sread
 .text.__swrite
                0x000062e8       0x38 c:/users/natar/onedrive/documents/venkiworkspace/10 2021.10/bin/../lib/gcc/arm-none-eabi/10.3.1/../../../../arm-none-eabi/lib/thumb/v6-m/nofp\libg_nano.a(lib_a-stdio.o)
                0x000062e8                __swrite
 .text.__sseek  0x00006320       0x2c c:/users/natar/onedrive/documents/venkiworkspace/10 2021.10/bin/../lib/gcc/arm-none-eabi/10.3.1/../../../../arm-none-eabi/lib/thumb/v6-m/nofp\libg_nano.a(lib_a-stdio.o)
                0x00006320                __sseek
 .text.__sclose
                0x0000634c        0xc c:/users/natar/onedrive/documents/venkiworkspace/10 2021.10/bin/../lib/gcc/arm-none-eabi/10.3.1/../../../../arm-none-eabi/lib/thumb/v6-m/nofp\libg_nano.a(lib_a-stdio.o)
                0x0000634c                __sclose
 .text._write_r
                0x00006358       0x28 c:/users/natar/onedrive/documents/venkiworkspace/10 2021.10/bin/../lib/gcc/arm-none-eabi/10.3.1/../../../../arm-none-eabi/lib/thumb/v6-m/nofp\libg_nano.a(lib_a-writer.o)
                0x00006358                _write_r
 .text._close_r
                0x00006380       0x24 c:/users/natar/onedrive/documents/venkiworkspace/10 2021.10/bin/../lib/gcc/arm-none-eabi/10.3.1/../../../../arm-none-eabi/lib/thumb/v6-m/nofp\libg_nano.a(lib_a-closer.o)
                0x00006380                _close_r
 .text._fstat_r
                0x000063a4       0x24 c:/users/natar/onedrive/documents/venkiworkspace/10 2021.10/bin/../lib/gcc/arm-none-eabi/10.3.1/../../../../arm-none-eabi/lib/thumb/v6-m/nofp\libg_nano.a(lib_a-fstatr.o)
                0x000063a4                _fstat_r
 .text._isatty_r
                0x000063c8       0x24 c:/users/natar/onedrive/documents/venkiworkspace/10 2021.10/bin/../lib/gcc/arm-none-eabi/10.3.1/../../../../arm-none-eabi/lib/thumb/v6-m/nofp\libg_nano.a(lib_a-isattyr.o)
                0x000063c8                _isatty_r
 .text._lseek_r
                0x000063ec       0x28 c:/users/natar/onedrive/documents/venkiworkspace/10 2021.10/bin/../lib/gcc/arm-none-eabi/10.3.1/../../../../arm-none-eabi/lib/thumb/v6-m/nofp\libg_nano.a(lib_a-lseekr.o)
                0x000063ec                _lseek_r
 .text.memchr   0x00006414       0x16 c:/users/natar/onedrive/documents/venkiworkspace/10 2021.10/bin/../lib/gcc/arm-none-eabi/10.3.1/../../../../arm-none-eabi/lib/thumb/v6-m/nofp\libg_nano.a(lib_a-memchr-stub.o)
                0x00006414                memchr
 *fill*         0x0000642a        0x2 
 .text.__malloc_lock
                0x0000642c       0x10 c:/users/natar/onedrive/documents/venkiworkspace/10 2021.10/bin/../lib/gcc/arm-none-eabi/10.3.1/../../../../arm-none-eabi/lib/thumb/v6-m/nofp\libg_nano.a(lib_a-mlock.o)
                0x0000642c                __malloc_lock
 .text.__malloc_unlock
                0x0000643c       0x10 c:/users/natar/onedrive/documents/venkiworkspace/10 2021.10/bin/../lib/gcc/arm-none-eabi/10.3.1/../../../../arm-none-eabi/lib/thumb/v6-m/nofp\libg_nano.a(lib_a-mlock.o)
                0x0000643c                __malloc_unlock
 .text._read_r  0x0000644c       0x28 c:/users/natar/onedrive/documents/venkiworkspace/10 2021.10/bin/../lib/gcc/arm-none-eabi/10.3.1/../../../../arm-none-eabi/lib/thumb/v6-m/nofp\libg_nano.a(lib_a-readr.o)
                0x0000644c                _read_r
 .text          0x00006474       0x14 c:/users/natar/onedrive/documents/venkiworkspace/10 2021.10/bin/../lib/gcc/arm-none-eabi/10.3.1/thumb/v6-m/nofp\libgcc.a(_thumb1_case_shi.o)
                0x00006474                __gnu_thumb1_case_shi
 .text.pow      0x00006488       0xe8 c:/users/natar/onedrive/documents/venkiworkspace/10 2021.10/bin/../lib/gcc/arm-none-eabi/10.3.1/../../../../arm-none-eabi/lib/thumb/v6-m/nofp\libm.a(lib_a-w_pow.o)
                0x00006488                pow
 .text.__ieee754_pow
                0x00006570      0xb1c c:/users/natar/onedrive/documents/venkiworkspace/10 2021.10/bin/../lib/gcc/arm-none-eabi/10.3.1/../../../../arm-none-eabi/lib/thumb/v6-m/nofp\libm.a(lib_a-e_pow.o)
                0x00006570                __ieee754_pow
 .text.__ieee754_sqrt
                0x0000708c      0x1b0 c:/users/natar/onedrive/documents/venkiworkspace/10 2021.10/bin/../lib/gcc/arm-none-eabi/10.3.1/../../../../arm-none-eabi/lib/thumb/v6-m/nofp\libm.a(lib_a-e_sqrt.o)
                0x0000708c                __ieee754_sqrt
 .text.with_errno
                0x0000723c       0x14 c:/users/natar/onedrive/documents/venkiworkspace/10 2021.10/bin/../lib/gcc/arm-none-eabi/10.3.1/../../../../arm-none-eabi/lib/thumb/v6-m/nofp\libm.a(lib_a-math_err.o)
 .text.xflow    0x00007250       0x30 c:/users/natar/onedrive/documents/venkiworkspace/10 2021.10/bin/../lib/gcc/arm-none-eabi/10.3.1/../../../../arm-none-eabi/lib/thumb/v6-m/nofp\libm.a(lib_a-math_err.o)
 .text.__math_uflow
                0x00007280       0x10 c:/users/natar/onedrive/documents/venkiworkspace/10 2021.10/bin/../lib/gcc/arm-none-eabi/10.3.1/../../../../arm-none-eabi/lib/thumb/v6-m/nofp\libm.a(lib_a-math_err.o)
                0x00007280                __math_uflow
 .text.__math_oflow
                0x00007290       0x10 c:/users/natar/onedrive/documents/venkiworkspace/10 2021.10/bin/../lib/gcc/arm-none-eabi/10.3.1/../../../../arm-none-eabi/lib/thumb/v6-m/nofp\libm.a(lib_a-math_err.o)
                0x00007290                __math_oflow
 .text.fabs     0x000072a0        0x8 c:/users/natar/onedrive/documents/venkiworkspace/10 2021.10/bin/../lib/gcc/arm-none-eabi/10.3.1/../../../../arm-none-eabi/lib/thumb/v6-m/nofp\libm.a(lib_a-s_fabs.o)
                0x000072a0                fabs
 .text.finite   0x000072a8       0x14 c:/users/natar/onedrive/documents/venkiworkspace/10 2021.10/bin/../lib/gcc/arm-none-eabi/10.3.1/../../../../arm-none-eabi/lib/thumb/v6-m/nofp\libm.a(lib_a-s_finite.o)
                0x000072a8                finite
 .text.scalbn   0x000072bc       0xf8 c:/users/natar/onedrive/documents/venkiworkspace/10 2021.10/bin/../lib/gcc/arm-none-eabi/10.3.1/../../../../arm-none-eabi/lib/thumb/v6-m/nofp\libm.a(lib_a-s_scalbn.o)
                0x000072bc                scalbn
 .text._sbrk    0x000073b4       0x1c c:/users/natar/onedrive/documents/venkiworkspace/10 2021.10/bin/../lib/gcc/arm-none-eabi/10.3.1/../../../../arm-none-eabi/lib/thumb/v6-m/nofp\libnosys.a(sbrk.o)
                0x000073b4                _sbrk
 .text._exit    0x000073d0        0x4 c:/users/natar/onedrive/documents/venkiworkspace/10 2021.10/bin/../lib/gcc/arm-none-eabi/10.3.1/../../../../arm-none-eabi/lib/thumb/v6-m/nofp\libnosys.a(_exit.o)
                0x000073d0                _exit
 .text          0x000073d4       0x7c c:/users/natar/onedrive/documents/venkiworkspace/10 2021.10/bin/../lib/gcc/arm-none-eabi/10.3.1/thumb/v6-m/nofp\libgcc.a(_arm_cmpdf2.o)
                0x000073d4                __aeabi_cdrcmple
                0x000073e4                __aeabi_cdcmple
                0x000073e4                __aeabi_cdcmpeq
                0x000073f4                __aeabi_dcmpeq
                0x00007400                __aeabi_dcmplt
                0x00007414                __aeabi_dcmple
                0x00007428                __aeabi_dcmpgt
                0x0000743c                __aeabi_dcmpge
 .text          0x00007450      0x678 c:/users/natar/onedrive/documents/venkiworkspace/10 2021.10/bin/../lib/gcc/arm-none-eabi/10.3.1/thumb/v6-m/nofp\libgcc.a(adddf3.o)
                0x00007450                __aeabi_dadd
 .text          0x00007ac8      0x5ec c:/users/natar/onedrive/documents/venkiworkspace/10 2021.10/bin/../lib/gcc/arm-none-eabi/10.3.1/thumb/v6-m/nofp\libgcc.a(divdf3.o)
                0x00007ac8                __aeabi_ddiv
 .text          0x000080b4       0x84 c:/users/natar/onedrive/documents/venkiworkspace/10 2021.10/bin/../lib/gcc/arm-none-eabi/10.3.1/thumb/v6-m/nofp\libgcc.a(eqdf2.o)
                0x000080b4                __nedf2
                0x000080b4                __eqdf2
 .text          0x00008138       0xcc c:/users/natar/onedrive/documents/venkiworkspace/10 2021.10/bin/../lib/gcc/arm-none-eabi/10.3.1/thumb/v6-m/nofp\libgcc.a(gedf2.o)
                0x00008138                __gedf2
                0x00008138                __gtdf2
 .text          0x00008204       0xc8 c:/users/natar/onedrive/documents/venkiworkspace/10 2021.10/bin/../lib/gcc/arm-none-eabi/10.3.1/thumb/v6-m/nofp\libgcc.a(ledf2.o)
                0x00008204                __ledf2
                0x00008204                __ltdf2
 .text          0x000082cc      0x724 c:/users/natar/onedrive/documents/venkiworkspace/10 2021.10/bin/../lib/gcc/arm-none-eabi/10.3.1/thumb/v6-m/nofp\libgcc.a(subdf3.o)
                0x000082cc                __aeabi_dsub
 .text          0x000089f0       0x3c c:/users/natar/onedrive/documents/venkiworkspace/10 2021.10/bin/../lib/gcc/arm-none-eabi/10.3.1/thumb/v6-m/nofp\libgcc.a(unorddf2.o)
                0x000089f0                __aeabi_dcmpun
 *(.init)
 .init          0x00008a2c        0x4 c:/users/natar/onedrive/documents/venkiworkspace/10 2021.10/bin/../lib/gcc/arm-none-eabi/10.3.1/thumb/v6-m/nofp/crti.o
                0x00008a2c                _init
 .init          0x00008a30        0x8 c:/users/natar/onedrive/documents/venkiworkspace/10 2021.10/bin/../lib/gcc/arm-none-eabi/10.3.1/thumb/v6-m/nofp/crtn.o
 *(.fini)
 .fini          0x00008a38        0x4 c:/users/natar/onedrive/documents/venkiworkspace/10 2021.10/bin/../lib/gcc/arm-none-eabi/10.3.1/thumb/v6-m/nofp/crti.o
                0x00008a38                _fini
 .fini          0x00008a3c        0x8 c:/users/natar/onedrive/documents/venkiworkspace/10 2021.10/bin/../lib/gcc/arm-none-eabi/10.3.1/thumb/v6-m/nofp/crtn.o
 *crtbegin.o(.ctors)
 *crtbegin?.o(.ctors)
 *(EXCLUDE_FILE(*crtend.o *crtend?.o) .ctors)
 *(SORT_BY_NAME(.ctors.*))
 *(.ctors)
 *crtbegin.o(.dtors)
 *crtbegin?.o(.dtors)
 *(EXCLUDE_FILE(*crtend.o *crtend?.o) .dtors)
 *(SORT_BY_NAME(.dtors.*))
 *(.dtors)
 *(.rodata*)
 .rodata.read_config_data.str1.4
                0x00008a44       0x18 ./User/config.o
 .rodata.configMode_app.str1.4
                0x00008a5c       0xd5 ./User/config.o
                                 0xd9 (size before relaxing)
 *fill*         0x00008b31        0x3 
 .rodata.gsm_init.str1.4
                0x00008b34       0x42 ./User/main.o
 *fill*         0x00008b76        0x2 
 .rodata.gsm_init
                0x00008b78       0x24 ./User/main.o
 .rodata.gsm_datacall.str1.4
                0x00008b9c       0x7b ./User/main.o
 *fill*         0x00008c17        0x1 
 .rodata.gsm_datacall
                0x00008c18       0x34 ./User/main.o
 .rodata.gsm_query.str1.4
                0x00008c4c       0x1c ./User/main.o
 .rodata.gsm_http_send_lock_status.str1.4
                0x00008c68       0xb8 ./User/main.o
                                 0xbc (size before relaxing)
 .rodata.gsm_http_send_lock_status
                0x00008d20       0x2c ./User/main.o
 .rodata.gsm_http_send_unlock_status.str1.4
                0x00008d4c       0x1e ./User/main.o
 *fill*         0x00008d6a        0x2 
 .rodata.gsm_http_send_unlock_status
                0x00008d6c       0x2c ./User/main.o
 .rodata.gsm_http_send_lightON_status.str1.4
                0x00008d98       0x41 ./User/main.o
 *fill*         0x00008dd9        0x3 
 .rodata.gsm_http_send_lightON_status
                0x00008ddc       0x34 ./User/main.o
 .rodata.gsm_http_sending_lightOff_status.str1.4
                0x00008e10       0x10 ./User/main.o
 .rodata.gsm_http_sending_lightOff_status
                0x00008e20       0x34 ./User/main.o
 .rodata.gsm_http_send_beepOn_status.str1.4
                0x00008e54       0x27 ./User/main.o
 *fill*         0x00008e7b        0x1 
 .rodata.gsm_http_send_beepOn_status
                0x00008e7c       0x34 ./User/main.o
 .rodata.gsm_beep_on
                0x00008eb0       0x34 ./User/main.o
 .rodata.gsm_http_send_beepOff_status.str1.4
                0x00008ee4        0xc ./User/main.o
 .rodata.gsm_http_send_beepOff_status
                0x00008ef0       0x34 ./User/main.o
 .rodata.gsm_gsm_idle
                0x00008f24       0x2c ./User/main.o
 .rodata.gsm_get_snapshot.str1.4
                0x00008f50       0x9b ./User/main.o
 *fill*         0x00008feb        0x1 
 .rodata.gsm_get_snapshot
                0x00008fec       0x44 ./User/main.o
 .rodata.gsm_connect.str1.4
                0x00009030        0xe ./User/main.o
 *fill*         0x0000903e        0x2 
 .rodata.gsm_connect
                0x00009040       0x24 ./User/main.o
 .rodata.gsm_http_report_data
                0x00009064       0x2c ./User/main.o
 .rodata.UART02_TEST_HANDLE.str1.4
                0x00009090       0x3e ./User/main.o
 *fill*         0x000090ce        0x2 
 .rodata.UART1_TEST_HANDLE.str1.4
                0x000090d0       0x12 ./User/main.o
 *fill*         0x000090e2        0x2 
 .rodata.gsm_http_send_registartion.str1.4
                0x000090e4       0x50 ./User/main.o
 .rodata.gsm_http_send_registartion
                0x00009134       0x34 ./User/main.o
 .rodata.gsm_idle.str1.4
                0x00009168       0x23 ./User/main.o
 *fill*         0x0000918b        0x1 
 .rodata.get_gps_data.str1.4
                0x0000918c       0xbc ./User/main.o
                                 0xc4 (size before relaxing)
 .rodata.gsm_http_get_lock_status.str1.4
                0x00009248       0x98 ./User/main.o
 .rodata.gsm_http_get_lock_status
                0x000092e0       0x3c ./User/main.o
 .rodata.main.str1.4
                0x0000931c       0x8a ./User/main.o
 *fill*         0x000093a6        0x2 
 .rodata.main   0x000093a8       0x48 ./User/main.o
 .rodata        0x000093f0       0x1c ./Library/clk.o
 .rodata.stackDump.str1.4
                0x0000940c       0x60 ./Library/retarget.o
 .rodata.Hard_Fault_Handler.str1.4
                0x0000946c       0x16 ./Library/retarget.o
 *fill*         0x00009482        0x2 
 .rodata.gau32ClkSrcTbl
                0x00009484       0x20 ./CMSIS/system_M031Series.o
                0x00009484                gau32ClkSrcTbl
 .rodata        0x000094a4       0x80 c:/users/natar/onedrive/documents/venkiworkspace/10 2021.10/bin/../lib/gcc/arm-none-eabi/10.3.1/thumb/v6-m/nofp\libgcc.a(divsf3.o)
 .rodata        0x00009524       0x40 c:/users/natar/onedrive/documents/venkiworkspace/10 2021.10/bin/../lib/gcc/arm-none-eabi/10.3.1/thumb/v6-m/nofp\libgcc.a(mulsf3.o)
 .rodata        0x00009564       0x40 c:/users/natar/onedrive/documents/venkiworkspace/10 2021.10/bin/../lib/gcc/arm-none-eabi/10.3.1/thumb/v6-m/nofp\libgcc.a(muldf3.o)
 .rodata._global_impure_ptr
                0x000095a4        0x4 c:/users/natar/onedrive/documents/venkiworkspace/10 2021.10/bin/../lib/gcc/arm-none-eabi/10.3.1/../../../../arm-none-eabi/lib/thumb/v6-m/nofp\libg_nano.a(lib_a-impure.o)
                0x000095a4                _global_impure_ptr
 .rodata.__utoa.str1.1
                0x000095a8       0x25 c:/users/natar/onedrive/documents/venkiworkspace/10 2021.10/bin/../lib/gcc/arm-none-eabi/10.3.1/../../../../arm-none-eabi/lib/thumb/v6-m/nofp\libg_nano.a(lib_a-utoa.o)
 .rodata._ctype_
                0x000095cd      0x101 c:/users/natar/onedrive/documents/venkiworkspace/10 2021.10/bin/../lib/gcc/arm-none-eabi/10.3.1/../../../../arm-none-eabi/lib/thumb/v6-m/nofp\libg_nano.a(lib_a-ctype_.o)
                0x000095cd                _ctype_
 *fill*         0x000096ce        0x2 
 .rodata.__sf_fake_stderr
                0x000096d0       0x20 c:/users/natar/onedrive/documents/venkiworkspace/10 2021.10/bin/../lib/gcc/arm-none-eabi/10.3.1/../../../../arm-none-eabi/lib/thumb/v6-m/nofp\libg_nano.a(lib_a-findfp.o)
                0x000096d0                __sf_fake_stderr
 .rodata.__sf_fake_stdin
                0x000096f0       0x20 c:/users/natar/onedrive/documents/venkiworkspace/10 2021.10/bin/../lib/gcc/arm-none-eabi/10.3.1/../../../../arm-none-eabi/lib/thumb/v6-m/nofp\libg_nano.a(lib_a-findfp.o)
                0x000096f0                __sf_fake_stdin
 .rodata.__sf_fake_stdout
                0x00009710       0x20 c:/users/natar/onedrive/documents/venkiworkspace/10 2021.10/bin/../lib/gcc/arm-none-eabi/10.3.1/../../../../arm-none-eabi/lib/thumb/v6-m/nofp\libg_nano.a(lib_a-findfp.o)
                0x00009710                __sf_fake_stdout
 .rodata._vfprintf_r.str1.1
                0x00009730       0x11 c:/users/natar/onedrive/documents/venkiworkspace/10 2021.10/bin/../lib/gcc/arm-none-eabi/10.3.1/../../../../arm-none-eabi/lib/thumb/v6-m/nofp\libg_nano.a(lib_a-nano-vfprintf.o)
 .rodata._printf_i.str1.1
                0x00009741       0x22 c:/users/natar/onedrive/documents/venkiworkspace/10 2021.10/bin/../lib/gcc/arm-none-eabi/10.3.1/../../../../arm-none-eabi/lib/thumb/v6-m/nofp\libg_nano.a(lib_a-nano-vfprintf_i.o)
 *fill*         0x00009763        0x1 
 .rodata        0x00009764       0x40 c:/users/natar/onedrive/documents/venkiworkspace/10 2021.10/bin/../lib/gcc/arm-none-eabi/10.3.1/thumb/v6-m/nofp\libgcc.a(divdf3.o)
 *(.eh_frame*)
 .eh_frame      0x000097a4        0x0 c:/users/natar/onedrive/documents/venkiworkspace/10 2021.10/bin/../lib/gcc/arm-none-eabi/10.3.1/thumb/v6-m/nofp/crtbegin.o
 .eh_frame      0x000097a4        0x4 c:/users/natar/onedrive/documents/venkiworkspace/10 2021.10/bin/../lib/gcc/arm-none-eabi/10.3.1/thumb/v6-m/nofp/crtend.o

.glue_7         0x000097a8        0x0
 .glue_7        0x000097a8        0x0 linker stubs

.glue_7t        0x000097a8        0x0
 .glue_7t       0x000097a8        0x0 linker stubs

.vfp11_veneer   0x000097a8        0x0
 .vfp11_veneer  0x000097a8        0x0 linker stubs

.v4_bx          0x000097a8        0x0
 .v4_bx         0x000097a8        0x0 linker stubs

.iplt           0x000097a8        0x0
 .iplt          0x000097a8        0x0 c:/users/natar/onedrive/documents/venkiworkspace/10 2021.10/bin/../lib/gcc/arm-none-eabi/10.3.1/thumb/v6-m/nofp/crtbegin.o

.ARM.extab
 *(.ARM.extab* .gnu.linkonce.armextab.*)
                0x000097a8                __exidx_start = .

.ARM.exidx      0x000097a8        0x8
 *(.ARM.exidx* .gnu.linkonce.armexidx.*)
 .ARM.exidx     0x000097a8        0x8 c:/users/natar/onedrive/documents/venkiworkspace/10 2021.10/bin/../lib/gcc/arm-none-eabi/10.3.1/../../../../arm-none-eabi/lib/thumb/v6-m/nofp/crt0.o
                                 0x10 (size before relaxing)
                0x000097b0                __exidx_end = .
                0x000097b0                __etext = .

.rel.dyn        0x000097b0        0x0
 .rel.iplt      0x000097b0        0x0 c:/users/natar/onedrive/documents/venkiworkspace/10 2021.10/bin/../lib/gcc/arm-none-eabi/10.3.1/thumb/v6-m/nofp/crtbegin.o

.data           0x20000000      0x79c load address 0x000097b0
                0x20000000                __data_start__ = .
 *(vtable)
 *(.data*)
 .data.configData
                0x20000000      0x618 ./User/config.o
                0x20000000                configData
 .data.u32FlashStartAddr
                0x20000618        0x4 ./User/config.o
                0x20000618                u32FlashStartAddr
 .data.DBQUOTE  0x2000061c        0x1 ./User/main.o
                0x2000061c                DBQUOTE
 *fill*         0x2000061d        0x3 
 .data.api_update
                0x20000620       0x32 ./User/main.o
                0x20000620                api_update
 *fill*         0x20000652        0x2 
 .data.battADC_LC
                0x20000654        0x4 ./User/main.o
                0x20000654                battADC_LC
 .data.battVExt
                0x20000658        0x6 ./User/main.o
                0x20000658                battVExt
 *fill*         0x2000065e        0x2 
 .data.battVInt
                0x20000660        0x6 ./User/main.o
                0x20000660                battVInt
 *fill*         0x20000666        0x2 
 .data.battint  0x20000668        0x4 ./User/main.o
                0x20000668                battint
 .data.configReadBack
                0x2000066c        0x1 ./User/main.o
                0x2000066c                configReadBack
 *fill*         0x2000066d        0x3 
 .data.delayCounter
                0x20000670        0x4 ./User/main.o
                0x20000670                delayCounter
 .data.devLock  0x20000674        0x1 ./User/main.o
                0x20000674                devLock
 *fill*         0x20000675        0x3 
 .data.gpsLatitude
                0x20000678       0x32 ./User/main.o
                0x20000678                gpsLatitude
 *fill*         0x200006aa        0x2 
 .data.gpsLongitude
                0x200006ac       0x32 ./User/main.o
                0x200006ac                gpsLongitude
 *fill*         0x200006de        0x2 
 .data.gpsSpeed
                0x200006e0       0x32 ./User/main.o
                0x200006e0                gpsSpeed
 .data.gsmState
                0x20000712        0x1 ./User/main.o
                0x20000712                gsmState
 *fill*         0x20000713        0x1 
 .data.pbattVExt
                0x20000714        0x7 ./User/main.o
                0x20000714                pbattVExt
 .data.reset_mc
                0x2000071b        0x1 ./User/main.o
                0x2000071b                reset_mc
 .data.speeed   0x2000071c        0x4 ./User/main.o
                0x2000071c                speeed
 .data.u32Prescale
                0x20000720        0x1 ./User/main.o
                0x20000720                u32Prescale
 *fill*         0x20000721        0x3 
 .data.CyclesPerUs
                0x20000724        0x4 ./CMSIS/system_M031Series.o
                0x20000724                CyclesPerUs
 .data.PllClock
                0x20000728        0x4 ./CMSIS/system_M031Series.o
                0x20000728                PllClock
 .data.SystemCoreClock
                0x2000072c        0x4 ./CMSIS/system_M031Series.o
                0x2000072c                SystemCoreClock
 .data._impure_ptr
                0x20000730        0x4 c:/users/natar/onedrive/documents/venkiworkspace/10 2021.10/bin/../lib/gcc/arm-none-eabi/10.3.1/../../../../arm-none-eabi/lib/thumb/v6-m/nofp\libg_nano.a(lib_a-impure.o)
                0x20000730                _impure_ptr
 .data.impure_data
                0x20000734       0x60 c:/users/natar/onedrive/documents/venkiworkspace/10 2021.10/bin/../lib/gcc/arm-none-eabi/10.3.1/../../../../arm-none-eabi/lib/thumb/v6-m/nofp\libg_nano.a(lib_a-impure.o)
                0x20000794                . = ALIGN (0x4)
                0x20000794                PROVIDE (__preinit_array_start = .)
 *(.preinit_array)
                0x20000794                PROVIDE (__preinit_array_end = .)
                0x20000794                . = ALIGN (0x4)
                0x20000794                PROVIDE (__init_array_start = .)
 *(SORT_BY_NAME(.init_array.*))
 *(.init_array)
 .init_array    0x20000794        0x4 c:/users/natar/onedrive/documents/venkiworkspace/10 2021.10/bin/../lib/gcc/arm-none-eabi/10.3.1/thumb/v6-m/nofp/crtbegin.o
                0x20000798                PROVIDE (__init_array_end = .)
                0x20000798                . = ALIGN (0x4)
                [!provide]                PROVIDE (__fini_array_start = .)
 *(SORT_BY_NAME(.fini_array.*))
 *(.fini_array)
 .fini_array    0x20000798        0x4 c:/users/natar/onedrive/documents/venkiworkspace/10 2021.10/bin/../lib/gcc/arm-none-eabi/10.3.1/thumb/v6-m/nofp/crtbegin.o
                [!provide]                PROVIDE (__fini_array_end = .)
 *(.jcr*)
                0x2000079c                . = ALIGN (0x4)
                0x2000079c                __data_end__ = .

.igot.plt       0x2000079c        0x0 load address 0x00009f4c
 .igot.plt      0x2000079c        0x0 c:/users/natar/onedrive/documents/venkiworkspace/10 2021.10/bin/../lib/gcc/arm-none-eabi/10.3.1/thumb/v6-m/nofp/crtbegin.o

.bss            0x2000079c      0xcc8 load address 0x00009f4c
                0x2000079c                . = ALIGN (0x4)
                0x2000079c                __bss_start__ = .
 *(.bss*)
 .bss           0x2000079c       0x1c c:/users/natar/onedrive/documents/venkiworkspace/10 2021.10/bin/../lib/gcc/arm-none-eabi/10.3.1/thumb/v6-m/nofp/crtbegin.o
 .bss.extBatt_V
                0x200007b8        0x4 ./User/ADC.o
                0x200007b8                extBatt_V
 .bss.g_u32AdcIntFlag
                0x200007bc        0x4 ./User/ADC.o
                0x200007bc                g_u32AdcIntFlag
 .bss.intBatt_V
                0x200007c0        0x4 ./User/ADC.o
                0x200007c0                intBatt_V
 .bss.SW_ver    0x200007c4       0x14 ./User/config.o
                0x200007c4                SW_ver
 .bss.SlNo      0x200007d8       0x14 ./User/config.o
                0x200007d8                SlNo
 .bss.bpoff     0x200007ec       0x14 ./User/config.o
                0x200007ec                bpoff
 .bss.cmdLen    0x20000800        0x2 ./User/config.o
                0x20000800                cmdLen
 *fill*         0x20000802        0x2 
 .bss.cmdReadBk
                0x20000804      0x1f4 ./User/config.o
                0x20000804                cmdReadBk
 .bss.command   0x200009f8      0x1f4 ./User/config.o
                0x200009f8                command
 .bss.dataWr    0x20000bec        0x1 ./User/config.o
                0x20000bec                dataWr
 *fill*         0x20000bed        0x3 
 .bss.dom       0x20000bf0       0x14 ./User/config.o
                0x20000bf0                dom
 .bss.expDataIn
                0x20000c04        0x1 ./User/config.o
                0x20000c04                expDataIn
 .bss.relay_data
                0x20000c05        0x1 ./User/config.o
                0x20000c05                relay_data
 *fill*         0x20000c06        0x2 
 .bss.tVarEnd   0x20000c08        0x4 ./User/config.o
                0x20000c08                tVarEnd
 .bss.tVarStart
                0x20000c0c        0x4 ./User/config.o
                0x20000c0c                tVarStart
 .bss.tempAddr  0x20000c10        0x4 ./User/config.o
                0x20000c10                tempAddr
 .bss.testURL_2
                0x20000c14       0x32 ./User/config.o
                0x20000c14                testURL_2
 *fill*         0x20000c46        0x2 
 .bss.u32RData  0x20000c48        0x4 ./User/config.o
                0x20000c48                u32RData
 .bss.x         0x20000c4c        0x2 ./User/config.o
                0x20000c4c                x
 *fill*         0x20000c4e        0x2 
 .bss.g_FMC_i32ErrCode
                0x20000c50        0x4 ./User/fmc.o
                0x20000c50                g_FMC_i32ErrCode
 .bss.APN_URL   0x20000c54       0x32 ./User/main.o
                0x20000c54                APN_URL
 *fill*         0x20000c86        0x2 
 .bss.BATTERY   0x20000c88       0x14 ./User/main.o
                0x20000c88                BATTERY
 .bss.BEEPON    0x20000c9c        0x1 ./User/main.o
                0x20000c9c                BEEPON
 *fill*         0x20000c9d        0x3 
 .bss.GPS_data  0x20000ca0       0x64 ./User/main.o
                0x20000ca0                GPS_data
 .bss.IMEI      0x20000d04       0x14 ./User/main.o
                0x20000d04                IMEI
 .bss.LAT_min   0x20000d18        0xa ./User/main.o
                0x20000d18                LAT_min
 *fill*         0x20000d22        0x2 
 .bss.LAT_min_cov
                0x20000d24        0xa ./User/main.o
                0x20000d24                LAT_min_cov
 *fill*         0x20000d2e        0x2 
 .bss.LAT_min_l
                0x20000d30        0x4 ./User/main.o
                0x20000d30                LAT_min_l
 .bss.LONG_min  0x20000d34        0xa ./User/main.o
                0x20000d34                LONG_min
 *fill*         0x20000d3e        0x2 
 .bss.LONG_min_cov
                0x20000d40        0xa ./User/main.o
                0x20000d40                LONG_min_cov
 *fill*         0x20000d4a        0x2 
 .bss.LONG_min_l
                0x20000d4c        0x4 ./User/main.o
                0x20000d4c                LONG_min_l
 .bss.LStat     0x20000d50        0x1 ./User/main.o
                0x20000d50                LStat
 *fill*         0x20000d51        0x3 
 .bss.Sped      0x20000d54        0x3 ./User/main.o
                0x20000d54                Sped
 *fill*         0x20000d57        0x1 
 .bss.Speed     0x20000d58        0x4 ./User/main.o
                0x20000d58                Speed
 .bss.UART0_RX_BUF
                0x20000d5c       0xfa ./User/main.o
                0x20000d5c                UART0_RX_BUF
 *fill*         0x20000e56        0x2 
 .bss.UART1_RX_BUF
                0x20000e58       0xfa ./User/main.o
                0x20000e58                UART1_RX_BUF
 *fill*         0x20000f52        0x2 
 .bss.UART2_RX_BUF
                0x20000f54       0xfa ./User/main.o
                0x20000f54                UART2_RX_BUF
 *fill*         0x2000104e        0x2 
 .bss.average   0x20001050        0x4 ./User/main.o
                0x20001050                average
 .bss.batery    0x20001054        0x1 ./User/main.o
                0x20001054                batery
 *fill*         0x20001055        0x3 
 .bss.battery   0x20001058       0x28 ./User/main.o
                0x20001058                battery
 .bss.bpon      0x20001080       0x14 ./User/main.o
                0x20001080                bpon
 .bss.cause     0x20001094        0x4 ./User/main.o
                0x20001094                cause
 .bss.charge    0x20001098        0x4 ./User/main.o
                0x20001098                charge
 .bss.cog       0x2000109c        0x4 ./User/main.o
                0x2000109c                cog
 .bss.configMod
                0x200010a0        0x1 ./User/main.o
                0x200010a0                configMod
 .bss.configMode
                0x200010a1        0x1 ./User/main.o
                0x200010a1                configMode
 .bss.count_0   0x200010a2        0x1 ./User/main.o
                0x200010a2                count_0
 .bss.count_1   0x200010a3        0x1 ./User/main.o
                0x200010a3                count_1
 .bss.count_2   0x200010a4        0x1 ./User/main.o
                0x200010a4                count_2
 .bss.dataUpdateReady
                0x200010a5        0x1 ./User/main.o
                0x200010a5                dataUpdateReady
 *fill*         0x200010a6        0x2 
 .bss.date      0x200010a8        0x4 ./User/main.o
                0x200010a8                date
 .bss.dategpsd  0x200010ac        0x3 ./User/main.o
                0x200010ac                dategpsd
 *fill*         0x200010af        0x1 
 .bss.dategpsm  0x200010b0        0x3 ./User/main.o
                0x200010b0                dategpsm
 *fill*         0x200010b3        0x1 
 .bss.dategpsy  0x200010b4        0x5 ./User/main.o
                0x200010b4                dategpsy
 *fill*         0x200010b9        0x3 
 .bss.devID     0x200010bc       0x14 ./User/main.o
                0x200010bc                devID
 .bss.deviceStatus
                0x200010d0        0x1 ./User/main.o
                0x200010d0                deviceStatus
 *fill*         0x200010d1        0x3 
 .bss.differance
                0x200010d4        0x4 ./User/main.o
                0x200010d4                differance
 .bss.ew        0x200010d8        0x4 ./User/main.o
                0x200010d8                ew
 .bss.extBattV_conv
                0x200010dc        0x4 ./User/main.o
                0x200010dc                extBattV_conv
 .bss.extBatt_Data
                0x200010e0       0x32 ./User/main.o
                0x200010e0                extBatt_Data
 *fill*         0x20001112        0x2 
 .bss.fixed     0x20001114        0x4 ./User/main.o
                0x20001114                fixed
 .bss.gpsDateData
                0x20001118       0x32 ./User/main.o
                0x20001118                gpsDateData
 .bss.gpsDebugData
                0x2000114a        0x1 ./User/main.o
                0x2000114a                gpsDebugData
 *fill*         0x2000114b        0x1 
 .bss.gpsLatitudeData
                0x2000114c       0x32 ./User/main.o
                0x2000114c                gpsLatitudeData
 *fill*         0x2000117e        0x2 
 .bss.gpsLongitudeData
                0x20001180       0x32 ./User/main.o
                0x20001180                gpsLongitudeData
 *fill*         0x200011b2        0x2 
 .bss.gpsSpeedData
                0x200011b4       0x32 ./User/main.o
                0x200011b4                gpsSpeedData
 *fill*         0x200011e6        0x2 
 .bss.gpsStatus
                0x200011e8        0x4 ./User/main.o
                0x200011e8                gpsStatus
 .bss.gpsTimeData
                0x200011ec       0x32 ./User/main.o
                0x200011ec                gpsTimeData
 *fill*         0x2000121e        0x2 
 .bss.hem       0x20001220        0x4 ./User/main.o
                0x20001220                hem
 .bss.i         0x20001224        0x1 ./User/main.o
                0x20001224                i
 *fill*         0x20001225        0x3 
 .bss.intBattV_conv
                0x20001228        0x4 ./User/main.o
                0x20001228                intBattV_conv
 .bss.intBatt_Data
                0x2000122c       0x32 ./User/main.o
                0x2000122c                intBatt_Data
 *fill*         0x2000125e        0x2 
 .bss.knot      0x20001260        0x4 ./User/main.o
                0x20001260                knot
 .bss.knotspeed
                0x20001264        0x1 ./User/main.o
                0x20001264                knotspeed
 *fill*         0x20001265        0x3 
 .bss.lat_deg   0x20001268        0x2 ./User/main.o
                0x20001268                lat_deg
 *fill*         0x2000126a        0x2 
 .bss.lat_dege  0x2000126c        0x4 ./User/main.o
                0x2000126c                lat_dege
 .bss.lat_min   0x20001270        0x2 ./User/main.o
                0x20001270                lat_min
 *fill*         0x20001272        0x2 
 .bss.lat_sec   0x20001274        0x5 ./User/main.o
                0x20001274                lat_sec
 *fill*         0x20001279        0x3 
 .bss.latitude  0x2000127c        0x4 ./User/main.o
                0x2000127c                latitude
 .bss.lockHist  0x20001280        0x1 ./User/main.o
                0x20001280                lockHist
 .bss.lockTest  0x20001281        0x1 ./User/main.o
                0x20001281                lockTest
 *fill*         0x20001282        0x2 
 .bss.long_deg  0x20001284        0x3 ./User/main.o
                0x20001284                long_deg
 *fill*         0x20001287        0x1 
 .bss.long_dege
                0x20001288        0x4 ./User/main.o
                0x20001288                long_dege
 .bss.long_min  0x2000128c        0x3 ./User/main.o
                0x2000128c                long_min
 *fill*         0x2000128f        0x1 
 .bss.long_sec  0x20001290        0x5 ./User/main.o
                0x20001290                long_sec
 *fill*         0x20001295        0x3 
 .bss.longitude
                0x20001298        0x4 ./User/main.o
                0x20001298                longitude
 .bss.loopCount
                0x2000129c        0x1 ./User/main.o
                0x2000129c                loopCount
 .bss.loopDelay
                0x2000129d        0x1 ./User/main.o
                0x2000129d                loopDelay
 *fill*         0x2000129e        0x2 
 .bss.lowbatt   0x200012a0        0x4 ./User/main.o
                0x200012a0                lowbatt
 .bss.mess_battv
                0x200012a4        0x4 ./User/main.o
                0x200012a4                mess_battv
 .bss.minLat    0x200012a8        0x2 ./User/main.o
                0x200012a8                minLat
 *fill*         0x200012aa        0x2 
 .bss.minLong   0x200012ac        0x2 ./User/main.o
                0x200012ac                minLong
 *fill*         0x200012ae        0x2 
 .bss.minutes   0x200012b0        0x4 ./User/main.o
                0x200012b0                minutes
 .bss.mv        0x200012b4        0x4 ./User/main.o
                0x200012b4                mv
 .bss.newGpsData
                0x200012b8        0x1 ./User/main.o
                0x200012b8                newGpsData
 .bss.newWord_0
                0x200012b9        0x1 ./User/main.o
                0x200012b9                newWord_0
 .bss.newWord_1
                0x200012ba        0x1 ./User/main.o
                0x200012ba                newWord_1
 .bss.newWord_2
                0x200012bb        0x1 ./User/main.o
                0x200012bb                newWord_2
 .bss.peakbatt  0x200012bc        0x4 ./User/main.o
                0x200012bc                peakbatt
 .bss.percentag
                0x200012c0        0x1 ./User/main.o
                0x200012c0                percentag
 .bss.percentage
                0x200012c1        0x1 ./User/main.o
                0x200012c1                percentage
 .bss.readIMEI  0x200012c2        0x1 ./User/main.o
                0x200012c2                readIMEI
 .bss.relay_satus
                0x200012c3        0x1 ./User/main.o
                0x200012c3                relay_satus
 .bss.rtc       0x200012c4        0x4 ./User/main.o
                0x200012c4                rtc
 .bss.secLatL   0x200012c8        0x4 ./User/main.o
                0x200012c8                secLatL
 .bss.secLatLStr
                0x200012cc        0x5 ./User/main.o
                0x200012cc                secLatLStr
 *fill*         0x200012d1        0x3 
 .bss.secLatU   0x200012d4        0x4 ./User/main.o
                0x200012d4                secLatU
 .bss.secLatUStr
                0x200012d8        0x2 ./User/main.o
                0x200012d8                secLatUStr
 *fill*         0x200012da        0x2 
 .bss.secLongL  0x200012dc        0x4 ./User/main.o
                0x200012dc                secLongL
 .bss.secLongLStr
                0x200012e0        0x5 ./User/main.o
                0x200012e0                secLongLStr
 *fill*         0x200012e5        0x3 
 .bss.secLongU  0x200012e8        0x4 ./User/main.o
                0x200012e8                secLongU
 .bss.secLongUStr
                0x200012ec        0x2 ./User/main.o
                0x200012ec                secLongUStr
 *fill*         0x200012ee        0x2 
 .bss.seconds   0x200012f0        0x4 ./User/main.o
                0x200012f0                seconds
 .bss.secondsLong
                0x200012f4        0x4 ./User/main.o
                0x200012f4                secondsLong
 .bss.srver_test
                0x200012f8        0x1 ./User/main.o
                0x200012f8                srver_test
 *fill*         0x200012f9        0x3 
 .bss.str       0x200012fc        0x3 ./User/main.o
                0x200012fc                str
 *fill*         0x200012ff        0x1 
 .bss.sum       0x20001300        0x4 ./User/main.o
                0x20001300                sum
 .bss.tEndofRMC
                0x20001304        0x4 ./User/main.o
                0x20001304                tEndofRMC
 .bss.tGRMC     0x20001308        0x4 ./User/main.o
                0x20001308                tGRMC
 .bss.testURL   0x2000130c       0xfa ./User/main.o
                0x2000130c                testURL
 .bss.timeOut   0x20001406        0x1 ./User/main.o
                0x20001406                timeOut
 *fill*         0x20001407        0x1 
 .bss.timegpsh  0x20001408        0x3 ./User/main.o
                0x20001408                timegpsh
 *fill*         0x2000140b        0x1 
 .bss.timegpsm  0x2000140c        0x3 ./User/main.o
                0x2000140c                timegpsm
 *fill*         0x2000140f        0x1 
 .bss.timegpss  0x20001410        0x3 ./User/main.o
                0x20001410                timegpss
 .bss.tloopCount
                0x20001413        0x1 ./User/main.o
                0x20001413                tloopCount
 .bss.uart_test
                0x20001414        0x1 ./User/main.o
                0x20001414                uart_test
 *fill*         0x20001415        0x3 
 .bss.webURL    0x20001418       0x32 ./User/main.o
                0x20001418                webURL
 *fill*         0x2000144a        0x2 
 .bss.g_ADC_i32ErrCode
                0x2000144c        0x4 ./Library/StdDriver/adc.o
                0x2000144c                g_ADC_i32ErrCode
 .bss.errno     0x20001450        0x4 ./CMSIS/GCC/_syscalls.o
                0x20001450                errno
 .bss.__lock___malloc_recursive_mutex
                0x20001454        0x1 c:/users/natar/onedrive/documents/venkiworkspace/10 2021.10/bin/../lib/gcc/arm-none-eabi/10.3.1/../../../../arm-none-eabi/lib/thumb/v6-m/nofp\libg_nano.a(lib_a-lock.o)
                0x20001454                __lock___malloc_recursive_mutex
 .bss.__lock___sfp_recursive_mutex
                0x20001455        0x1 c:/users/natar/onedrive/documents/venkiworkspace/10 2021.10/bin/../lib/gcc/arm-none-eabi/10.3.1/../../../../arm-none-eabi/lib/thumb/v6-m/nofp\libg_nano.a(lib_a-lock.o)
                0x20001455                __lock___sfp_recursive_mutex
 .bss.__lock___sinit_recursive_mutex
                0x20001456        0x1 c:/users/natar/onedrive/documents/venkiworkspace/10 2021.10/bin/../lib/gcc/arm-none-eabi/10.3.1/../../../../arm-none-eabi/lib/thumb/v6-m/nofp\libg_nano.a(lib_a-lock.o)
                0x20001456                __lock___sinit_recursive_mutex
 *fill*         0x20001457        0x1 
 .bss.__malloc_free_list
                0x20001458        0x4 c:/users/natar/onedrive/documents/venkiworkspace/10 2021.10/bin/../lib/gcc/arm-none-eabi/10.3.1/../../../../arm-none-eabi/lib/thumb/v6-m/nofp\libg_nano.a(lib_a-nano-mallocr.o)
                0x20001458                __malloc_free_list
 .bss.__malloc_sbrk_start
                0x2000145c        0x4 c:/users/natar/onedrive/documents/venkiworkspace/10 2021.10/bin/../lib/gcc/arm-none-eabi/10.3.1/../../../../arm-none-eabi/lib/thumb/v6-m/nofp\libg_nano.a(lib_a-nano-mallocr.o)
                0x2000145c                __malloc_sbrk_start
 .bss.heap_end.0
                0x20001460        0x4 c:/users/natar/onedrive/documents/venkiworkspace/10 2021.10/bin/../lib/gcc/arm-none-eabi/10.3.1/../../../../arm-none-eabi/lib/thumb/v6-m/nofp\libnosys.a(sbrk.o)
 *(COMMON)
                0x20001464                . = ALIGN (0x4)
                0x20001464                __bss_end__ = .

.heap           0x20001468      0x100
                0x20001468                __HeapBase = .
                0x20001468                __end__ = .
                0x20001468                end = __end__
 *(.heap*)
 .heap          0x20001468      0x100 ./CMSIS/GCC/startup_M031Series.o
                0x20001568                __HeapLimit = .

.stack_dummy    0x20001468      0x200
 *(.stack*)
 .stack         0x20001468      0x200 ./CMSIS/GCC/startup_M031Series.o
                0x20002000                __StackTop = (ORIGIN (RAM) + LENGTH (RAM))
                0x20001e00                __StackLimit = (__StackTop - SIZEOF (.stack_dummy))
                0x20002000                PROVIDE (__stack = __StackTop)
                0x00000001                ASSERT ((__StackLimit >= __HeapLimit), region RAM overflowed with stack)
OUTPUT(M03 TRCKING7670C evegah.elf elf32-littlearm)
LOAD linker stubs

.ARM.attributes
                0x00000000       0x28
 .ARM.attributes
                0x00000000       0x1e c:/users/natar/onedrive/documents/venkiworkspace/10 2021.10/bin/../lib/gcc/arm-none-eabi/10.3.1/thumb/v6-m/nofp/crti.o
 .ARM.attributes
                0x0000001e       0x2c c:/users/natar/onedrive/documents/venkiworkspace/10 2021.10/bin/../lib/gcc/arm-none-eabi/10.3.1/thumb/v6-m/nofp/crtbegin.o
 .ARM.attributes
                0x0000004a       0x1b c:/users/natar/onedrive/documents/venkiworkspace/10 2021.10/bin/../lib/gcc/arm-none-eabi/10.3.1/../../../../arm-none-eabi/lib/thumb/v6-m/nofp/crt0.o
 .ARM.attributes
                0x00000065       0x2c ./User/ADC.o
 .ARM.attributes
                0x00000091       0x2c ./User/config.o
 .ARM.attributes
                0x000000bd       0x2c ./User/fmc.o
 .ARM.attributes
                0x000000e9       0x2c ./User/main.o
 .ARM.attributes
                0x00000115       0x2c ./Library/StdDriver/adc.o
 .ARM.attributes
                0x00000141       0x2c ./Library/StdDriver/gpio.o
 .ARM.attributes
                0x0000016d       0x2c ./Library/clk.o
 .ARM.attributes
                0x00000199       0x2c ./Library/retarget.o
 .ARM.attributes
                0x000001c5       0x2c ./Library/uart.o
 .ARM.attributes
                0x000001f1       0x2c ./Library/wdt.o
 .ARM.attributes
                0x0000021d       0x2c ./CMSIS/GCC/_syscalls.o
 .ARM.attributes
                0x00000249       0x1b ./CMSIS/GCC/startup_M031Series.o
 .ARM.attributes
                0x00000264       0x2c ./CMSIS/system_M031Series.o
 .ARM.attributes
                0x00000290       0x1e c:/users/natar/onedrive/documents/venkiworkspace/10 2021.10/bin/../lib/gcc/arm-none-eabi/10.3.1/thumb/v6-m/nofp\libgcc.a(_udivsi3.o)
 .ARM.attributes
                0x000002ae       0x1e c:/users/natar/onedrive/documents/venkiworkspace/10 2021.10/bin/../lib/gcc/arm-none-eabi/10.3.1/thumb/v6-m/nofp\libgcc.a(_divsi3.o)
 .ARM.attributes
                0x000002cc       0x1e c:/users/natar/onedrive/documents/venkiworkspace/10 2021.10/bin/../lib/gcc/arm-none-eabi/10.3.1/thumb/v6-m/nofp\libgcc.a(_dvmd_tls.o)
 .ARM.attributes
                0x000002ea       0x2c c:/users/natar/onedrive/documents/venkiworkspace/10 2021.10/bin/../lib/gcc/arm-none-eabi/10.3.1/thumb/v6-m/nofp\libgcc.a(_fixunssfsi.o)
 .ARM.attributes
                0x00000316       0x2c c:/users/natar/onedrive/documents/venkiworkspace/10 2021.10/bin/../lib/gcc/arm-none-eabi/10.3.1/thumb/v6-m/nofp\libgcc.a(divsf3.o)
 .ARM.attributes
                0x00000342       0x2c c:/users/natar/onedrive/documents/venkiworkspace/10 2021.10/bin/../lib/gcc/arm-none-eabi/10.3.1/thumb/v6-m/nofp\libgcc.a(mulsf3.o)
 .ARM.attributes
                0x0000036e       0x2c c:/users/natar/onedrive/documents/venkiworkspace/10 2021.10/bin/../lib/gcc/arm-none-eabi/10.3.1/thumb/v6-m/nofp\libgcc.a(subsf3.o)
 .ARM.attributes
                0x0000039a       0x2c c:/users/natar/onedrive/documents/venkiworkspace/10 2021.10/bin/../lib/gcc/arm-none-eabi/10.3.1/thumb/v6-m/nofp\libgcc.a(fixsfsi.o)
 .ARM.attributes
                0x000003c6       0x2c c:/users/natar/onedrive/documents/venkiworkspace/10 2021.10/bin/../lib/gcc/arm-none-eabi/10.3.1/thumb/v6-m/nofp\libgcc.a(floatsisf.o)
 .ARM.attributes
                0x000003f2       0x2c c:/users/natar/onedrive/documents/venkiworkspace/10 2021.10/bin/../lib/gcc/arm-none-eabi/10.3.1/thumb/v6-m/nofp\libgcc.a(floatunsisf.o)
 .ARM.attributes
                0x0000041e       0x2c c:/users/natar/onedrive/documents/venkiworkspace/10 2021.10/bin/../lib/gcc/arm-none-eabi/10.3.1/thumb/v6-m/nofp\libgcc.a(muldf3.o)
 .ARM.attributes
                0x0000044a       0x2c c:/users/natar/onedrive/documents/venkiworkspace/10 2021.10/bin/../lib/gcc/arm-none-eabi/10.3.1/thumb/v6-m/nofp\libgcc.a(floatsidf.o)
 .ARM.attributes
                0x00000476       0x2c c:/users/natar/onedrive/documents/venkiworkspace/10 2021.10/bin/../lib/gcc/arm-none-eabi/10.3.1/thumb/v6-m/nofp\libgcc.a(extendsfdf2.o)
 .ARM.attributes
                0x000004a2       0x2c c:/users/natar/onedrive/documents/venkiworkspace/10 2021.10/bin/../lib/gcc/arm-none-eabi/10.3.1/thumb/v6-m/nofp\libgcc.a(truncdfsf2.o)
 .ARM.attributes
                0x000004ce       0x1e c:/users/natar/onedrive/documents/venkiworkspace/10 2021.10/bin/../lib/gcc/arm-none-eabi/10.3.1/thumb/v6-m/nofp\libgcc.a(_arm_cmpsf2.o)
 .ARM.attributes
                0x000004ec       0x1e c:/users/natar/onedrive/documents/venkiworkspace/10 2021.10/bin/../lib/gcc/arm-none-eabi/10.3.1/thumb/v6-m/nofp\libgcc.a(_clzsi2.o)
 .ARM.attributes
                0x0000050a       0x2c c:/users/natar/onedrive/documents/venkiworkspace/10 2021.10/bin/../lib/gcc/arm-none-eabi/10.3.1/thumb/v6-m/nofp\libgcc.a(eqsf2.o)
 .ARM.attributes
                0x00000536       0x2c c:/users/natar/onedrive/documents/venkiworkspace/10 2021.10/bin/../lib/gcc/arm-none-eabi/10.3.1/thumb/v6-m/nofp\libgcc.a(gesf2.o)
 .ARM.attributes
                0x00000562       0x2c c:/users/natar/onedrive/documents/venkiworkspace/10 2021.10/bin/../lib/gcc/arm-none-eabi/10.3.1/thumb/v6-m/nofp\libgcc.a(lesf2.o)
 .ARM.attributes
                0x0000058e       0x2c c:/users/natar/onedrive/documents/venkiworkspace/10 2021.10/bin/../lib/gcc/arm-none-eabi/10.3.1/../../../../arm-none-eabi/lib/thumb/v6-m/nofp\libg_nano.a(lib_a-atoi.o)
 .ARM.attributes
                0x000005ba       0x2c c:/users/natar/onedrive/documents/venkiworkspace/10 2021.10/bin/../lib/gcc/arm-none-eabi/10.3.1/../../../../arm-none-eabi/lib/thumb/v6-m/nofp\libg_nano.a(lib_a-errno.o)
 .ARM.attributes
                0x000005e6       0x2c c:/users/natar/onedrive/documents/venkiworkspace/10 2021.10/bin/../lib/gcc/arm-none-eabi/10.3.1/../../../../arm-none-eabi/lib/thumb/v6-m/nofp\libg_nano.a(lib_a-exit.o)
 .ARM.attributes
                0x00000612       0x2c c:/users/natar/onedrive/documents/venkiworkspace/10 2021.10/bin/../lib/gcc/arm-none-eabi/10.3.1/../../../../arm-none-eabi/lib/thumb/v6-m/nofp\libg_nano.a(lib_a-impure.o)
 .ARM.attributes
                0x0000063e       0x2c c:/users/natar/onedrive/documents/venkiworkspace/10 2021.10/bin/../lib/gcc/arm-none-eabi/10.3.1/../../../../arm-none-eabi/lib/thumb/v6-m/nofp\libg_nano.a(lib_a-init.o)
 .ARM.attributes
                0x0000066a       0x2c c:/users/natar/onedrive/documents/venkiworkspace/10 2021.10/bin/../lib/gcc/arm-none-eabi/10.3.1/../../../../arm-none-eabi/lib/thumb/v6-m/nofp\libg_nano.a(lib_a-itoa.o)
 .ARM.attributes
                0x00000696       0x2c c:/users/natar/onedrive/documents/venkiworkspace/10 2021.10/bin/../lib/gcc/arm-none-eabi/10.3.1/../../../../arm-none-eabi/lib/thumb/v6-m/nofp\libg_nano.a(lib_a-memcpy-stub.o)
 .ARM.attributes
                0x000006c2       0x2c c:/users/natar/onedrive/documents/venkiworkspace/10 2021.10/bin/../lib/gcc/arm-none-eabi/10.3.1/../../../../arm-none-eabi/lib/thumb/v6-m/nofp\libg_nano.a(lib_a-memset.o)
 .ARM.attributes
                0x000006ee       0x2c c:/users/natar/onedrive/documents/venkiworkspace/10 2021.10/bin/../lib/gcc/arm-none-eabi/10.3.1/../../../../arm-none-eabi/lib/thumb/v6-m/nofp\libg_nano.a(lib_a-printf.o)
 .ARM.attributes
                0x0000071a       0x2c c:/users/natar/onedrive/documents/venkiworkspace/10 2021.10/bin/../lib/gcc/arm-none-eabi/10.3.1/../../../../arm-none-eabi/lib/thumb/v6-m/nofp\libg_nano.a(lib_a-puts.o)
 .ARM.attributes
                0x00000746       0x2c c:/users/natar/onedrive/documents/venkiworkspace/10 2021.10/bin/../lib/gcc/arm-none-eabi/10.3.1/../../../../arm-none-eabi/lib/thumb/v6-m/nofp\libg_nano.a(lib_a-strcat.o)
 .ARM.attributes
                0x00000772       0x2c c:/users/natar/onedrive/documents/venkiworkspace/10 2021.10/bin/../lib/gcc/arm-none-eabi/10.3.1/../../../../arm-none-eabi/lib/thumb/v6-m/nofp\libg_nano.a(lib_a-strchr.o)
 .ARM.attributes
                0x0000079e       0x2c c:/users/natar/onedrive/documents/venkiworkspace/10 2021.10/bin/../lib/gcc/arm-none-eabi/10.3.1/../../../../arm-none-eabi/lib/thumb/v6-m/nofp\libg_nano.a(lib_a-strcpy.o)
 .ARM.attributes
                0x000007ca       0x1c c:/users/natar/onedrive/documents/venkiworkspace/10 2021.10/bin/../lib/gcc/arm-none-eabi/10.3.1/../../../../arm-none-eabi/lib/thumb/v6-m/nofp\libg_nano.a(lib_a-strlen.o)
 .ARM.attributes
                0x000007e6       0x2c c:/users/natar/onedrive/documents/venkiworkspace/10 2021.10/bin/../lib/gcc/arm-none-eabi/10.3.1/../../../../arm-none-eabi/lib/thumb/v6-m/nofp\libg_nano.a(lib_a-strncpy.o)
 .ARM.attributes
                0x00000812       0x2c c:/users/natar/onedrive/documents/venkiworkspace/10 2021.10/bin/../lib/gcc/arm-none-eabi/10.3.1/../../../../arm-none-eabi/lib/thumb/v6-m/nofp\libg_nano.a(lib_a-strstr.o)
 .ARM.attributes
                0x0000083e       0x2c c:/users/natar/onedrive/documents/venkiworkspace/10 2021.10/bin/../lib/gcc/arm-none-eabi/10.3.1/../../../../arm-none-eabi/lib/thumb/v6-m/nofp\libg_nano.a(lib_a-strtol.o)
 .ARM.attributes
                0x0000086a       0x2c c:/users/natar/onedrive/documents/venkiworkspace/10 2021.10/bin/../lib/gcc/arm-none-eabi/10.3.1/../../../../arm-none-eabi/lib/thumb/v6-m/nofp\libg_nano.a(lib_a-utoa.o)
 .ARM.attributes
                0x00000896       0x2c c:/users/natar/onedrive/documents/venkiworkspace/10 2021.10/bin/../lib/gcc/arm-none-eabi/10.3.1/../../../../arm-none-eabi/lib/thumb/v6-m/nofp\libg_nano.a(lib_a-wbuf.o)
 .ARM.attributes
                0x000008c2       0x2c c:/users/natar/onedrive/documents/venkiworkspace/10 2021.10/bin/../lib/gcc/arm-none-eabi/10.3.1/../../../../arm-none-eabi/lib/thumb/v6-m/nofp\libg_nano.a(lib_a-wsetup.o)
 .ARM.attributes
                0x000008ee       0x2c c:/users/natar/onedrive/documents/venkiworkspace/10 2021.10/bin/../lib/gcc/arm-none-eabi/10.3.1/../../../../arm-none-eabi/lib/thumb/v6-m/nofp\libg_nano.a(lib_a-ctype_.o)
 .ARM.attributes
                0x0000091a       0x2c c:/users/natar/onedrive/documents/venkiworkspace/10 2021.10/bin/../lib/gcc/arm-none-eabi/10.3.1/../../../../arm-none-eabi/lib/thumb/v6-m/nofp\libg_nano.a(lib_a-fflush.o)
 .ARM.attributes
                0x00000946       0x2c c:/users/natar/onedrive/documents/venkiworkspace/10 2021.10/bin/../lib/gcc/arm-none-eabi/10.3.1/../../../../arm-none-eabi/lib/thumb/v6-m/nofp\libg_nano.a(lib_a-findfp.o)
 .ARM.attributes
                0x00000972       0x2c c:/users/natar/onedrive/documents/venkiworkspace/10 2021.10/bin/../lib/gcc/arm-none-eabi/10.3.1/../../../../arm-none-eabi/lib/thumb/v6-m/nofp\libg_nano.a(lib_a-fwalk.o)
 .ARM.attributes
                0x0000099e       0x2c c:/users/natar/onedrive/documents/venkiworkspace/10 2021.10/bin/../lib/gcc/arm-none-eabi/10.3.1/../../../../arm-none-eabi/lib/thumb/v6-m/nofp\libg_nano.a(lib_a-lock.o)
 .ARM.attributes
                0x000009ca       0x2c c:/users/natar/onedrive/documents/venkiworkspace/10 2021.10/bin/../lib/gcc/arm-none-eabi/10.3.1/../../../../arm-none-eabi/lib/thumb/v6-m/nofp\libg_nano.a(lib_a-makebuf.o)
 .ARM.attributes
                0x000009f6       0x2c c:/users/natar/onedrive/documents/venkiworkspace/10 2021.10/bin/../lib/gcc/arm-none-eabi/10.3.1/../../../../arm-none-eabi/lib/thumb/v6-m/nofp\libg_nano.a(lib_a-nano-freer.o)
 .ARM.attributes
                0x00000a22       0x2c c:/users/natar/onedrive/documents/venkiworkspace/10 2021.10/bin/../lib/gcc/arm-none-eabi/10.3.1/../../../../arm-none-eabi/lib/thumb/v6-m/nofp\libg_nano.a(lib_a-nano-mallocr.o)
 .ARM.attributes
                0x00000a4e       0x2c c:/users/natar/onedrive/documents/venkiworkspace/10 2021.10/bin/../lib/gcc/arm-none-eabi/10.3.1/../../../../arm-none-eabi/lib/thumb/v6-m/nofp\libg_nano.a(lib_a-nano-vfprintf.o)
 .ARM.attributes
                0x00000a7a       0x2c c:/users/natar/onedrive/documents/venkiworkspace/10 2021.10/bin/../lib/gcc/arm-none-eabi/10.3.1/../../../../arm-none-eabi/lib/thumb/v6-m/nofp\libg_nano.a(lib_a-nano-vfprintf_i.o)
 .ARM.attributes
                0x00000aa6       0x2c c:/users/natar/onedrive/documents/venkiworkspace/10 2021.10/bin/../lib/gcc/arm-none-eabi/10.3.1/../../../../arm-none-eabi/lib/thumb/v6-m/nofp\libg_nano.a(lib_a-sbrkr.o)
 .ARM.attributes
                0x00000ad2       0x2c c:/users/natar/onedrive/documents/venkiworkspace/10 2021.10/bin/../lib/gcc/arm-none-eabi/10.3.1/../../../../arm-none-eabi/lib/thumb/v6-m/nofp\libg_nano.a(lib_a-stdio.o)
 .ARM.attributes
                0x00000afe       0x2c c:/users/natar/onedrive/documents/venkiworkspace/10 2021.10/bin/../lib/gcc/arm-none-eabi/10.3.1/../../../../arm-none-eabi/lib/thumb/v6-m/nofp\libg_nano.a(lib_a-writer.o)
 .ARM.attributes
                0x00000b2a       0x2c c:/users/natar/onedrive/documents/venkiworkspace/10 2021.10/bin/../lib/gcc/arm-none-eabi/10.3.1/../../../../arm-none-eabi/lib/thumb/v6-m/nofp\libg_nano.a(lib_a-closer.o)
 .ARM.attributes
                0x00000b56       0x2c c:/users/natar/onedrive/documents/venkiworkspace/10 2021.10/bin/../lib/gcc/arm-none-eabi/10.3.1/../../../../arm-none-eabi/lib/thumb/v6-m/nofp\libg_nano.a(lib_a-fstatr.o)
 .ARM.attributes
                0x00000b82       0x2c c:/users/natar/onedrive/documents/venkiworkspace/10 2021.10/bin/../lib/gcc/arm-none-eabi/10.3.1/../../../../arm-none-eabi/lib/thumb/v6-m/nofp\libg_nano.a(lib_a-isattyr.o)
 .ARM.attributes
                0x00000bae       0x2c c:/users/natar/onedrive/documents/venkiworkspace/10 2021.10/bin/../lib/gcc/arm-none-eabi/10.3.1/../../../../arm-none-eabi/lib/thumb/v6-m/nofp\libg_nano.a(lib_a-lseekr.o)
 .ARM.attributes
                0x00000bda       0x2c c:/users/natar/onedrive/documents/venkiworkspace/10 2021.10/bin/../lib/gcc/arm-none-eabi/10.3.1/../../../../arm-none-eabi/lib/thumb/v6-m/nofp\libg_nano.a(lib_a-memchr-stub.o)
 .ARM.attributes
                0x00000c06       0x2c c:/users/natar/onedrive/documents/venkiworkspace/10 2021.10/bin/../lib/gcc/arm-none-eabi/10.3.1/../../../../arm-none-eabi/lib/thumb/v6-m/nofp\libg_nano.a(lib_a-mlock.o)
 .ARM.attributes
                0x00000c32       0x2c c:/users/natar/onedrive/documents/venkiworkspace/10 2021.10/bin/../lib/gcc/arm-none-eabi/10.3.1/../../../../arm-none-eabi/lib/thumb/v6-m/nofp\libg_nano.a(lib_a-readr.o)
 .ARM.attributes
                0x00000c5e       0x1e c:/users/natar/onedrive/documents/venkiworkspace/10 2021.10/bin/../lib/gcc/arm-none-eabi/10.3.1/thumb/v6-m/nofp\libgcc.a(_thumb1_case_shi.o)
 .ARM.attributes
                0x00000c7c       0x2c c:/users/natar/onedrive/documents/venkiworkspace/10 2021.10/bin/../lib/gcc/arm-none-eabi/10.3.1/thumb/v6-m/nofp/crtend.o
 .ARM.attributes
                0x00000ca8       0x1e c:/users/natar/onedrive/documents/venkiworkspace/10 2021.10/bin/../lib/gcc/arm-none-eabi/10.3.1/thumb/v6-m/nofp/crtn.o
 .ARM.attributes
                0x00000cc6       0x2c c:/users/natar/onedrive/documents/venkiworkspace/10 2021.10/bin/../lib/gcc/arm-none-eabi/10.3.1/../../../../arm-none-eabi/lib/thumb/v6-m/nofp\libm.a(lib_a-w_pow.o)
 .ARM.attributes
                0x00000cf2       0x2c c:/users/natar/onedrive/documents/venkiworkspace/10 2021.10/bin/../lib/gcc/arm-none-eabi/10.3.1/../../../../arm-none-eabi/lib/thumb/v6-m/nofp\libm.a(lib_a-e_pow.o)
 .ARM.attributes
                0x00000d1e       0x2c c:/users/natar/onedrive/documents/venkiworkspace/10 2021.10/bin/../lib/gcc/arm-none-eabi/10.3.1/../../../../arm-none-eabi/lib/thumb/v6-m/nofp\libm.a(lib_a-e_sqrt.o)
 .ARM.attributes
                0x00000d4a       0x2c c:/users/natar/onedrive/documents/venkiworkspace/10 2021.10/bin/../lib/gcc/arm-none-eabi/10.3.1/../../../../arm-none-eabi/lib/thumb/v6-m/nofp\libm.a(lib_a-math_err.o)
 .ARM.attributes
                0x00000d76       0x2c c:/users/natar/onedrive/documents/venkiworkspace/10 2021.10/bin/../lib/gcc/arm-none-eabi/10.3.1/../../../../arm-none-eabi/lib/thumb/v6-m/nofp\libm.a(lib_a-s_fabs.o)
 .ARM.attributes
                0x00000da2       0x2c c:/users/natar/onedrive/documents/venkiworkspace/10 2021.10/bin/../lib/gcc/arm-none-eabi/10.3.1/../../../../arm-none-eabi/lib/thumb/v6-m/nofp\libm.a(lib_a-s_finite.o)
 .ARM.attributes
                0x00000dce       0x2c c:/users/natar/onedrive/documents/venkiworkspace/10 2021.10/bin/../lib/gcc/arm-none-eabi/10.3.1/../../../../arm-none-eabi/lib/thumb/v6-m/nofp\libm.a(lib_a-s_scalbn.o)
 .ARM.attributes
                0x00000dfa       0x2c c:/users/natar/onedrive/documents/venkiworkspace/10 2021.10/bin/../lib/gcc/arm-none-eabi/10.3.1/../../../../arm-none-eabi/lib/thumb/v6-m/nofp\libnosys.a(sbrk.o)
 .ARM.attributes
                0x00000e26       0x2c c:/users/natar/onedrive/documents/venkiworkspace/10 2021.10/bin/../lib/gcc/arm-none-eabi/10.3.1/../../../../arm-none-eabi/lib/thumb/v6-m/nofp\libnosys.a(_exit.o)
 .ARM.attributes
                0x00000e52       0x1e c:/users/natar/onedrive/documents/venkiworkspace/10 2021.10/bin/../lib/gcc/arm-none-eabi/10.3.1/thumb/v6-m/nofp\libgcc.a(_arm_cmpdf2.o)
 .ARM.attributes
                0x00000e70       0x2c c:/users/natar/onedrive/documents/venkiworkspace/10 2021.10/bin/../lib/gcc/arm-none-eabi/10.3.1/thumb/v6-m/nofp\libgcc.a(adddf3.o)
 .ARM.attributes
                0x00000e9c       0x2c c:/users/natar/onedrive/documents/venkiworkspace/10 2021.10/bin/../lib/gcc/arm-none-eabi/10.3.1/thumb/v6-m/nofp\libgcc.a(divdf3.o)
 .ARM.attributes
                0x00000ec8       0x2c c:/users/natar/onedrive/documents/venkiworkspace/10 2021.10/bin/../lib/gcc/arm-none-eabi/10.3.1/thumb/v6-m/nofp\libgcc.a(eqdf2.o)
 .ARM.attributes
                0x00000ef4       0x2c c:/users/natar/onedrive/documents/venkiworkspace/10 2021.10/bin/../lib/gcc/arm-none-eabi/10.3.1/thumb/v6-m/nofp\libgcc.a(gedf2.o)
 .ARM.attributes
                0x00000f20       0x2c c:/users/natar/onedrive/documents/venkiworkspace/10 2021.10/bin/../lib/gcc/arm-none-eabi/10.3.1/thumb/v6-m/nofp\libgcc.a(ledf2.o)
 .ARM.attributes
                0x00000f4c       0x2c c:/users/natar/onedrive/documents/venkiworkspace/10 2021.10/bin/../lib/gcc/arm-none-eabi/10.3.1/thumb/v6-m/nofp\libgcc.a(subdf3.o)
 .ARM.attributes
                0x00000f78       0x2c c:/users/natar/onedrive/documents/venkiworkspace/10 2021.10/bin/../lib/gcc/arm-none-eabi/10.3.1/thumb/v6-m/nofp\libgcc.a(unorddf2.o)

.comment        0x00000000       0x49
 .comment       0x00000000       0x49 ./User/ADC.o