Archive member included to satisfy reference by file (symbol)

c:/users/natar/onedrive/documents/venkiworkspace/10 2021.10/bin/../lib/gcc/arm-none-eabi/10.3.1/thumb/v6-m/nofp\libgcc.a(_udivsi3.o)
                              ./User/main.o (__aeabi_uidiv)
c:/users/natar/onedrive/documents/venkiworkspace/10 2021.10/bin/../lib/gcc/arm-none-eabi/10.3.1/thumb/v6-m/nofp\libgcc.a(_divsi3.o)
                              ./User/main.o (__aeabi_idiv)
c:/users/natar/onedrive/documents/venkiworkspace/10 2021.10/bin/../lib/gcc/arm-none-eabi/10.3.1/thumb/v6-m/nofp\libgcc.a(_dvmd_tls.o)
                              c:/users/natar/onedrive/documents/venkiworkspace/10 2021.10/bin/../lib/gcc/arm-none-eabi/10.3.1/thumb/v6-m/nofp\libgcc.a(_udivsi3.o) (__aeabi_idiv0)
c:/users/natar/onedrive/documents/venkiworkspace/10 2021.10/bin/../lib/gcc/arm-none-eabi/10.3.1/thumb/v6-m/nofp\libgcc.a(_fixunssfsi.o)
                              ./User/main.o (__aeabi_f2uiz)
c:/users/natar/onedrive/documents/venkiworkspace/10 2021.10/bin/../lib/gcc/arm-none-eabi/10.3.1/thumb/v6-m/nofp\libgcc.a(divsf3.o)
                              ./User/main.o (__aeabi_fdiv)
c:/users/natar/onedrive/documents/venkiworkspace/10 2021.10/bin/../lib/gcc/arm-none-eabi/10.3.1/thumb/v6-m/nofp\libgcc.a(mulsf3.o)
                              ./User/main.o (__aeabi_fmul)
c:/users/natar/onedrive/documents/venkiworkspace/10 2021.10/bin/../lib/gcc/arm-none-eabi/10.3.1/thumb/v6-m/nofp\libgcc.a(subsf3.o)
                              ./User/main.o (__aeabi_fsub)
c:/users/natar/onedrive/documents/venkiworkspace/10 2021.10/bin/../lib/gcc/arm-none-eabi/10.3.1/thumb/v6-m/nofp\libgcc.a(fixsfsi.o)
                              ./User/main.o (__aeabi_f2iz)
c:/users/natar/onedrive/documents/venkiworkspace/10 2021.10/bin/../lib/gcc/arm-none-eabi/10.3.1/thumb/v6-m/nofp\libgcc.a(floatsisf.o)
                              ./User/main.o (__aeabi_i2f)
c:/users/natar/onedrive/documents/venkiworkspace/10 2021.10/bin/../lib/gcc/arm-none-eabi/10.3.1/thumb/v6-m/nofp\libgcc.a(floatunsisf.o)
                              ./User/main.o (__aeabi_ui2f)
c:/users/natar/onedrive/documents/venkiworkspace/10 2021.10/bin/../lib/gcc/arm-none-eabi/10.3.1/thumb/v6-m/nofp\libgcc.a(muldf3.o)
                              ./User/main.o (__aeabi_dmul)
c:/users/natar/onedrive/documents/venkiworkspace/10 2021.10/bin/../lib/gcc/arm-none-eabi/10.3.1/thumb/v6-m/nofp\libgcc.a(floatsidf.o)
                              ./User/main.o (__aeabi_i2d)
c:/users/natar/onedrive/documents/venkiworkspace/10 2021.10/bin/../lib/gcc/arm-none-eabi/10.3.1/thumb/v6-m/nofp\libgcc.a(extendsfdf2.o)
                              ./User/main.o (__aeabi_f2d)
c:/users/natar/onedrive/documents/venkiworkspace/10 2021.10/bin/../lib/gcc/arm-none-eabi/10.3.1/thumb/v6-m/nofp\libgcc.a(truncdfsf2.o)
                              ./User/main.o (__aeabi_d2f)
c:/users/natar/onedrive/documents/venkiworkspace/10 2021.10/bin/../lib/gcc/arm-none-eabi/10.3.1/thumb/v6-m/nofp\libgcc.a(_arm_cmpsf2.o)
                              c:/users/natar/onedrive/documents/venkiworkspace/10 2021.10/bin/../lib/gcc/arm-none-eabi/10.3.1/thumb/v6-m/nofp\libgcc.a(_fixunssfsi.o) (__aeabi_fcmpge)
c:/users/natar/onedrive/documents/venkiworkspace/10 2021.10/bin/../lib/gcc/arm-none-eabi/10.3.1/thumb/v6-m/nofp\libgcc.a(_clzsi2.o)
                              c:/users/natar/onedrive/documents/venkiworkspace/10 2021.10/bin/../lib/gcc/arm-none-eabi/10.3.1/thumb/v6-m/nofp\libgcc.a(divsf3.o) (__clzsi2)
c:/users/natar/onedrive/documents/venkiworkspace/10 2021.10/bin/../lib/gcc/arm-none-eabi/10.3.1/thumb/v6-m/nofp\libgcc.a(eqsf2.o)
                              c:/users/natar/onedrive/documents/venkiworkspace/10 2021.10/bin/../lib/gcc/arm-none-eabi/10.3.1/thumb/v6-m/nofp\libgcc.a(_arm_cmpsf2.o) (__eqsf2)
c:/users/natar/onedrive/documents/venkiworkspace/10 2021.10/bin/../lib/gcc/arm-none-eabi/10.3.1/thumb/v6-m/nofp\libgcc.a(gesf2.o)
                              c:/users/natar/onedrive/documents/venkiworkspace/10 2021.10/bin/../lib/gcc/arm-none-eabi/10.3.1/thumb/v6-m/nofp\libgcc.a(_arm_cmpsf2.o) (__gesf2)
c:/users/natar/onedrive/documents/venkiworkspace/10 2021.10/bin/../lib/gcc/arm-none-eabi/10.3.1/thumb/v6-m/nofp\libgcc.a(lesf2.o)
                              c:/users/natar/onedrive/documents/venkiworkspace/10 2021.10/bin/../lib/gcc/arm-none-eabi/10.3.1/thumb/v6-m/nofp\libgcc.a(_arm_cmpsf2.o) (__lesf2)
c:/users/natar/onedrive/documents/venkiworkspace/10 2021.10/bin/../lib/gcc/arm-none-eabi/10.3.1/../../../../arm-none-eabi/lib/thumb/v6-m/nofp\libg_nano.a(lib_a-atoi.o)
                              ./User/main.o (atoi)
c:/users/natar/onedrive/documents/venkiworkspace/10 2021.10/bin/../lib/gcc/arm-none-eabi/10.3.1/../../../../arm-none-eabi/lib/thumb/v6-m/nofp\libg_nano.a(lib_a-errno.o)
                              ./CMSIS/GCC/_syscalls.o (__errno)
[...]
Memory Configuration

Name             Origin             Length             Attributes
FLASH            0x00000000         0x00040000         xr
RAM              0x20000000         0x00005000         xrw
*default*        0x00000000         0xffffffff

Linker script and memory map

LOAD c:/users/natar/onedrive/documents/venkiworkspace/10 2021.10/bin/../lib/gcc/arm-none-eabi/10.3.1/thumb/v6-m/nofp/crti.o
LOAD c:/users/natar/onedrive/documents/venkiworkspace/10 2021.10/bin/../lib/gcc/arm-none-eabi/10.3.1/thumb/v6-m/nofp/crtbegin.o
LOAD c:/users/natar/onedrive/documents/venkiworkspace/10 2021.10/bin/../lib/gcc/arm-none-eabi/10.3.1/../../../../arm-none-eabi/lib/thumb/v6-m/nofp/crt0.o
LOAD ./User/ADC.o
LOAD ./User/config.o
LOAD ./User/gpio.o
LOAD ./User/main.o
LOAD ./User/pwm.o
LOAD ./Library/StdDriver/timer.o
LOAD ./Library/adc.o
LOAD ./Library/clk.o
LOAD ./Library/retarget.o
LOAD ./Library/sys.o
LOAD ./Library/uart.o
LOAD ./CMSIS/GCC/_syscalls.o
LOAD ./CMSIS/GCC/startup_M0564.o
LOAD ./CMSIS/system_M0564.o
START GROUP
LOAD c:/users/natar/onedrive/documents/venkiworkspace/10 2021.10/bin/../lib/gcc/arm-none-eabi/10.3.1/thumb/v6-m/nofp\libgcc.a
LOAD c:/users/natar/onedrive/documents/venkiworkspace/10 2021.10/bin/../lib/gcc/arm-none-eabi/10.3.1/../../../../arm-none-eabi/lib/thumb/v6-m/nofp\libg_nano.a
LOAD c:/users/natar/onedrive/documents/venkiworkspace/10 2021.10/bin/../lib/gcc/arm-none-eabi/10.3.1/../../../../arm-none-eabi/lib/thumb/v6-m/nofp\libc_nano.a
END GROUP
START GROUP
LOAD c:/users/natar/onedrive/documents/venkiworkspace/10 2021.10/bin/../lib/gcc/arm-none-eabi/10.3.1/thumb/v6-m/nofp\libgcc.a
LOAD c:/users/natar/onedrive/documents/venkiworkspace/10 2021.10/bin/../lib/gcc/arm-none-eabi/10.3.1/../../../../arm-none-eabi/lib/thumb/v6-m/nofp\libc_nano.a
END GROUP
LOAD c:/users/natar/onedrive/documents/venkiworkspace/10 2021.10/bin/../lib/gcc/arm-none-eabi/10.3.1/thumb/v6-m/nofp/crtend.o
LOAD c:/users/natar/onedrive/documents/venkiworkspace/10 2021.10/bin/../lib/gcc/arm-none-eabi/10.3.1/thumb/v6-m/nofp/crtn.o
START GROUP
LOAD c:/users/natar/onedrive/documents/venkiworkspace/10 2021.10/bin/../lib/gcc/arm-none-eabi/10.3.1/thumb/v6-m/nofp\libgcc.a
LOAD c:/users/natar/onedrive/documents/venkiworkspace/10 2021.10/bin/../lib/gcc/arm-none-eabi/10.3.1/../../../../arm-none-eabi/lib/thumb/v6-m/nofp\libc.a
LOAD c:/users/natar/onedrive/documents/venkiworkspace/10 2021.10/bin/../lib/gcc/arm-none-eabi/10.3.1/../../../../arm-none-eabi/lib/thumb/v6-m/nofp\libm.a
LOAD c:/users/natar/onedrive/documents/venkiworkspace/10 2021.10/bin/../lib/gcc/arm-none-eabi/10.3.1/../../../../arm-none-eabi/lib/thumb/v6-m/nofp\libnosys.a
END GROUP

.text           0x00000000     0xa088
 *(.vectors)
 .vectors       0x00000000       0xbc ./CMSIS/GCC/startup_M0564.o
                0x00000000                __Vectors
                0x000000bc                __Vectors_End = .
                0x000000bc                __Vectors_Size = (__Vectors_End - __Vectors)
                0x20001580                __end__ = .
 *(.text*)
 .text          0x000000bc       0x48 c:/users/natar/onedrive/documents/venkiworkspace/10 2021.10/bin/../lib/gcc/arm-none-eabi/10.3.1/thumb/v6-m/nofp/crtbegin.o
 .text          0x00000104       0x80 c:/users/natar/onedrive/documents/venkiworkspace/10 2021.10/bin/../lib/gcc/arm-none-eabi/10.3.1/../../../../arm-none-eabi/lib/thumb/v6-m/nofp/crt0.o
                0x00000104                _stack_init
                0x00000110                _start
                0x00000110                _mainCRTStartup
 .text.ADC_IRQHandler
                0x00000184       0x18 ./User/ADC.o
                0x00000184                ADC_IRQHandler
 .text.ADC_init
                0x0000019c       0x20 ./User/ADC.o
                0x0000019c                ADC_init
 .text.ADC_measure
                0x000001bc       0x40 ./User/ADC.o
                0x000001bc                ADC_measure
 .text.read_config_data
                0x000001fc       0xcc ./User/config.o
                0x000001fc                read_config_data
 .text.configMode_app
                0x000002c8      0x2e0 ./User/config.o
                0x000002c8                configMode_app
 .text.parse_config_data
                0x000005a8      0x110 ./User/config.o
                0x000005a8                parse_config_data
 .text.GPIO_SetMode
                0x000006b8       0x2a ./User/gpio.o
                0x000006b8                GPIO_SetMode
 .text.GPIO_EnableInt
                0x000006e2       0x1a ./User/gpio.o
                0x000006e2                GPIO_EnableInt
 .text.TMR0_IRQHandler
                0x000006fc       0x4c ./User/main.o
                0x000006fc                TMR0_IRQHandler
 .text.UART0_Init
                0x00000748       0x30 ./User/main.o
                0x00000748                UART0_Init
 .text.UART1_Init
                0x00000778       0x30 ./User/main.o
                0x00000778                UART1_Init
 .text.UART2_Init
                0x000007a8       0x30 ./User/main.o
                0x000007a8                UART2_Init
 .text.SYS_Init
                0x000007d8      0x300 ./User/main.o
                0x000007d8                SYS_Init
 .text.GPCDEF_IRQHandler
                0x00000ad8       0x44 ./User/main.o
                0x00000ad8                GPCDEF_IRQHandler
 .text.gsm_init
                0x00000b1c       0x70 ./User/main.o
                0x00000b1c                gsm_init
 .text.gsm_datacall
                0x00000b8c       0xe4 ./User/main.o
                0x00000b8c                gsm_datacall
 .text.gsm_connect
                0x00000c70       0xa0 ./User/main.o
                0x00000c70                gsm_connect
 .text.gsm_query
                0x00000d10       0x80 ./User/main.o
                0x00000d10                gsm_query
 .text.gsm_http_report_data
                0x00000d90      0x180 ./User/main.o
                0x00000d90                gsm_http_report_data
 .text.gsm_http_send_lock_status
                0x00000f10      0x1a4 ./User/main.o
                0x00000f10                gsm_http_send_lock_status
 .text.gsm_http_send_unlock_status
                0x000010b4      0x1a4 ./User/main.o
                0x000010b4                gsm_http_send_unlock_status
 .text.gsm_http_send_lightON_status
                0x00001258      0x194 ./User/main.o
                0x00001258                gsm_http_send_lightON_status
 .text.gsm_http_send_lightOff_status
                0x000013ec      0x194 ./User/main.o
                0x000013ec                gsm_http_send_lightOff_status
 .text.gsm_http_send_beepOn_status
                0x00001580      0x194 ./User/main.o
                0x00001580                gsm_http_send_beepOn_status
 .text.gsm_http_send_beepOff_status
                0x00001714      0x194 ./User/main.o
                0x00001714                gsm_http_send_beepOff_status
 .text.loop_delay
                0x000018a8       0x20 ./User/main.o
                0x000018a8                loop_delay
 .text.gsm_get_snapshot
                0x000018c8      0x160 ./User/main.o
                0x000018c8                gsm_get_snapshot
 .text.pextBat_Data
                0x00001a28       0x90 ./User/main.o
                0x00001a28                pextBat_Data
 .text.reverse  0x00001ab8       0x1a ./User/main.o
                0x00001ab8                reverse
 .text.intToStr
                0x00001ad2       0x50 ./User/main.o
                0x00001ad2                intToStr
 *fill*         0x00001b22        0x2 
 .text.ftoa     0x00001b24       0x74 ./User/main.o
                0x00001b24                ftoa
 .text.beep_on  0x00001b98       0x18 ./User/main.o
                0x00001b98                beep_on
 .text.beep_off
                0x00001bb0        0xc ./User/main.o
                0x00001bb0                beep_off
 .text.beep_on_off
                0x00001bbc       0x2c ./User/main.o
                0x00001bbc                beep_on_off
 .text.beep_control
                0x00001be8       0x98 ./User/main.o
                0x00001be8                beep_control
 .text.alram    0x00001c80       0x5c ./User/main.o
                0x00001c80                alram
 .text.delay_loop
                0x00001cdc       0x18 ./User/main.o
                0x00001cdc                delay_loop
 .text.delay_loop_2
                0x00001cf4       0x18 ./User/main.o
                0x00001cf4                delay_loop_2
 .text.delay_loop_4
                0x00001d0c       0x24 ./User/main.o
                0x00001d0c                delay_loop_4
 .text.UART_Write_main
                0x00001d30       0x18 ./User/main.o
                0x00001d30                UART_Write_main
 .text.UART2_TEST_HANDLE
                0x00001d48      0x338 ./User/main.o
                0x00001d48                UART2_TEST_HANDLE
 .text.UART02_IRQHandler
                0x00002080        0x8 ./User/main.o
                0x00002080                UART02_IRQHandler
 .text.UART1_TEST_HANDLE
                0x00002088       0xcc ./User/main.o
                0x00002088                UART1_TEST_HANDLE
 .text.UART1_IRQHandler
                0x00002154       0x24 ./User/main.o
                0x00002154                UART1_IRQHandler
 .text.gsm_http_get_lock_status
                0x00002178      0x6ac ./User/main.o
                0x00002178                gsm_http_get_lock_status
 .text.gsm_http_send_registartion
                0x00002824      0x1bc ./User/main.o
                0x00002824                gsm_http_send_registartion
 .text.gsm_idle
                0x000029e0       0x5c ./User/main.o
                0x000029e0                gsm_idle
 .text.get_gps_data
                0x00002a3c      0x8c4 ./User/main.o
                0x00002a3c                get_gps_data
 .text.stepper_motor_drv
                0x00003300       0xd0 ./User/main.o
                0x00003300                stepper_motor_drv
 .text.rotate_unlock
                0x000033d0       0x34 ./User/main.o
                0x000033d0                rotate_unlock
 .text.lock_bike
                0x00003404       0x60 ./User/main.o
                0x00003404                lock_bike
 .text.rotate_lock
                0x00003464       0x34 ./User/main.o
                0x00003464                rotate_lock
 .text.unlock_bike
                0x00003498       0x60 ./User/main.o
                0x00003498                unlock_bike
 .text.main     0x000034f8      0x730 ./User/main.o
                0x000034f8                main
 .text.TIMER_GetModuleClock
                0x00003c28       0x84 ./Library/StdDriver/timer.o
                0x00003c28                TIMER_GetModuleClock
 .text.TIMER_Open
                0x00003cac       0x70 ./Library/StdDriver/timer.o
                0x00003cac                TIMER_Open
 .text.TIMER_Delay
                0x00003d1c      0x104 ./Library/StdDriver/timer.o
                0x00003d1c                TIMER_Delay
 .text.ADC_Open
                0x00003e20       0x24 ./Library/adc.o
                0x00003e20                ADC_Open
 .text.CLK_SetModuleClock
                0x00003e44       0x84 ./Library/clk.o
                0x00003e44                CLK_SetModuleClock
 .text.CLK_EnableModuleClock
                0x00003ec8       0x38 ./Library/clk.o
                0x00003ec8                CLK_EnableModuleClock
 .text.CLK_WaitClockReady
                0x00003f00       0x28 ./Library/clk.o
                0x00003f00                CLK_WaitClockReady
 .text.CLK_SetHCLK
                0x00003f28       0x4c ./Library/clk.o
                0x00003f28                CLK_SetHCLK
 .text.stackDump
                0x00003f74       0x68 ./Library/retarget.o
 .text.Hard_Fault_Handler
                0x00003fdc       0x18 ./Library/retarget.o
                0x00003fdc                Hard_Fault_Handler
 .text.HardFault_Handler
                0x00003ff4       0x20 ./Library/retarget.o
                0x00003ff4                HardFault_Handler
 .text._write   0x00004014       0x40 ./Library/retarget.o
                0x00004014                _write
 .text._read    0x00004054       0x18 ./Library/retarget.o
                0x00004054                _read
 .text.UART_EnableInt
                0x0000406c       0x3c ./Library/uart.o
                0x0000406c                UART_EnableInt
 .text.UART_Read
                0x000040a8       0x2c ./Library/uart.o
                0x000040a8                UART_Read
 .text.UART_Write
                0x000040d4       0x36 ./Library/uart.o
                0x000040d4                UART_Write
 .text._close   0x0000410a       0x10 ./CMSIS/GCC/_syscalls.o
                0x0000410a                _close
 .text._fstat   0x0000411a       0x10 ./CMSIS/GCC/_syscalls.o
                0x0000411a                _fstat
 .text._isatty  0x0000412a        0xe ./CMSIS/GCC/_syscalls.o
                0x0000412a                _isatty
 .text._lseek   0x00004138       0x10 ./CMSIS/GCC/_syscalls.o
                0x00004138                _lseek
 .text          0x00004148       0x34 ./CMSIS/GCC/startup_M0564.o
                0x00004148                Reset_Handler
                0x00004170                I2C0_IRQHandler
                0x00004170                SysTick_Handler
                0x00004170                PWM1_IRQHandler
                0x00004170                PendSV_Handler
                0x00004170                NMI_Handler
                0x00004170                I2C1_IRQHandler
                0x00004170                EINT135_IRQHandler
                0x00004170                SPI1_IRQHandler
                0x00004170                EINT024_IRQHandler
                0x00004170                RTC_IRQHandler
                0x00004170                PWRWU_IRQHandler
                0x00004170                ACMP01_IRQHandler
                0x00004170                SC01_IRQHandler
                0x00004170                Default_Handler
                0x00004170                TMR2_IRQHandler
                0x00004170                USCI_IRQHandler
                0x00004170                BOD_IRQHandler
                0x00004170                WDT_IRQHandler
                0x00004170                SVC_Handler
                0x00004170                PDMA_IRQHandler
                0x00004170                GPAB_IRQHandler
                0x00004170                PWM0_IRQHandler
                0x00004170                TMR3_IRQHandler
                0x00004170                SPI0_IRQHandler
                0x00004170                TMR1_IRQHandler
                0x00004170                CLKDIRC_IRQHandler
 .text.SystemCoreClockUpdate
                0x0000417c       0xac ./CMSIS/system_M0564.o
                0x0000417c                SystemCoreClockUpdate
 .text.SystemInit
                0x00004228        0x2 ./CMSIS/system_M0564.o
                0x00004228                SystemInit
 *fill*         0x0000422a        0x2 
 .text          0x0000422c      0x114 c:/users/natar/onedrive/documents/venkiworkspace/10 2021.10/bin/../lib/gcc/arm-none-eabi/10.3.1/thumb/v6-m/nofp\libgcc.a(_udivsi3.o)
                0x0000422c                __aeabi_uidiv
                0x0000422c                __udivsi3
                0x00004338                __aeabi_uidivmod
 .text          0x00004340      0x1d4 c:/users/natar/onedrive/documents/venkiworkspace/10 2021.10/bin/../lib/gcc/arm-none-eabi/10.3.1/thumb/v6-m/nofp\libgcc.a(_divsi3.o)
                0x00004340                __divsi3
                0x00004340                __aeabi_idiv
                0x0000450c                __aeabi_idivmod
 .text          0x00004514        0x4 c:/users/natar/onedrive/documents/venkiworkspace/10 2021.10/bin/../lib/gcc/arm-none-eabi/10.3.1/thumb/v6-m/nofp\libgcc.a(_dvmd_tls.o)
                0x00004514                __aeabi_idiv0
                0x00004514                __aeabi_ldiv0
 .text          0x00004518       0x30 c:/users/natar/onedrive/documents/venkiworkspace/10 2021.10/bin/../lib/gcc/arm-none-eabi/10.3.1/thumb/v6-m/nofp\libgcc.a(_fixunssfsi.o)
                0x00004518                __fixunssfsi
                0x00004518                __aeabi_f2uiz
 .text          0x00004548      0x230 c:/users/natar/onedrive/documents/venkiworkspace/10 2021.10/bin/../lib/gcc/arm-none-eabi/10.3.1/thumb/v6-m/nofp\libgcc.a(divsf3.o)
                0x00004548                __aeabi_fdiv
 .text          0x00004778      0x24c c:/users/natar/onedrive/documents/venkiworkspace/10 2021.10/bin/../lib/gcc/arm-none-eabi/10.3.1/thumb/v6-m/nofp\libgcc.a(mulsf3.o)
                0x00004778                __aeabi_fmul
 .text          0x000049c4      0x35c c:/users/natar/onedrive/documents/venkiworkspace/10 2021.10/bin/../lib/gcc/arm-none-eabi/10.3.1/thumb/v6-m/nofp\libgcc.a(subsf3.o)
                0x000049c4                __aeabi_fsub
 .text          0x00004d20       0x40 c:/users/natar/onedrive/documents/venkiworkspace/10 2021.10/bin/../lib/gcc/arm-none-eabi/10.3.1/thumb/v6-m/nofp\libgcc.a(fixsfsi.o)
                0x00004d20                __aeabi_f2iz
 .text          0x00004d60       0x9c c:/users/natar/onedrive/documents/venkiworkspace/10 2021.10/bin/../lib/gcc/arm-none-eabi/10.3.1/thumb/v6-m/nofp\libgcc.a(floatsisf.o)
                0x00004d60                __aeabi_i2f
 .text          0x00004dfc       0x84 c:/users/natar/onedrive/documents/venkiworkspace/10 2021.10/bin/../lib/gcc/arm-none-eabi/10.3.1/thumb/v6-m/nofp\libgcc.a(floatunsisf.o)
                0x00004dfc                __aeabi_ui2f
 .text          0x00004e80      0x4d8 c:/users/natar/onedrive/documents/venkiworkspace/10 2021.10/bin/../lib/gcc/arm-none-eabi/10.3.1/thumb/v6-m/nofp\libgcc.a(muldf3.o)
                0x00004e80                __aeabi_dmul
 .text          0x00005358       0x60 c:/users/natar/onedrive/documents/venkiworkspace/10 2021.10/bin/../lib/gcc/arm-none-eabi/10.3.1/thumb/v6-m/nofp\libgcc.a(floatsidf.o)
                0x00005358                __aeabi_i2d
 .text          0x000053b8       0x90 c:/users/natar/onedrive/documents/venkiworkspace/10 2021.10/bin/../lib/gcc/arm-none-eabi/10.3.1/thumb/v6-m/nofp\libgcc.a(extendsfdf2.o)
                0x000053b8                __aeabi_f2d
 .text          0x00005448      0x110 c:/users/natar/onedrive/documents/venkiworkspace/10 2021.10/bin/../lib/gcc/arm-none-eabi/10.3.1/thumb/v6-m/nofp\libgcc.a(truncdfsf2.o)
                0x00005448                __aeabi_d2f
 .text          0x00005558       0x74 c:/users/natar/onedrive/documents/venkiworkspace/10 2021.10/bin/../lib/gcc/arm-none-eabi/10.3.1/thumb/v6-m/nofp\libgcc.a(_arm_cmpsf2.o)
                0x00005558                __aeabi_cfrcmple
                0x00005560                __aeabi_cfcmpeq
                0x00005560                __aeabi_cfcmple
                0x00005570                __aeabi_fcmpeq
                0x0000557c                __aeabi_fcmplt
                0x00005590                __aeabi_fcmple
                0x000055a4                __aeabi_fcmpgt
                0x000055b8                __aeabi_fcmpge
 .text          0x000055cc       0x3c c:/users/natar/onedrive/documents/venkiworkspace/10 2021.10/bin/../lib/gcc/arm-none-eabi/10.3.1/thumb/v6-m/nofp\libgcc.a(_clzsi2.o)
                0x000055cc                __clzsi2
 .text          0x00005608       0x4c c:/users/natar/onedrive/documents/venkiworkspace/10 2021.10/bin/../lib/gcc/arm-none-eabi/10.3.1/thumb/v6-m/nofp\libgcc.a(eqsf2.o)
                0x00005608                __eqsf2
                0x00005608                __nesf2
 .text          0x00005654       0x8c c:/users/natar/onedrive/documents/venkiworkspace/10 2021.10/bin/../lib/gcc/arm-none-eabi/10.3.1/thumb/v6-m/nofp\libgcc.a(gesf2.o)
                0x00005654                __gesf2
                0x00005654                __gtsf2
 .text          0x000056e0       0x88 c:/users/natar/onedrive/documents/venkiworkspace/10 2021.10/bin/../lib/gcc/arm-none-eabi/10.3.1/thumb/v6-m/nofp\libgcc.a(lesf2.o)
                0x000056e0                __ltsf2
                0x000056e0                __lesf2
 .text.atoi     0x00005768        0xc c:/users/natar/onedrive/documents/venkiworkspace/10 2021.10/bin/../lib/gcc/arm-none-eabi/10.3.1/../../../../arm-none-eabi/lib/thumb/v6-m/nofp\libg_nano.a(lib_a-atoi.o)
                0x00005768                atoi
 .text.__errno  0x00005774        0xc c:/users/natar/onedrive/documents/venkiworkspace/10 2021.10/bin/../lib/gcc/arm-none-eabi/10.3.1/../../../../arm-none-eabi/lib/thumb/v6-m/nofp\libg_nano.a(lib_a-errno.o)
                0x00005774                __errno
 .text.exit     0x00005780       0x2c c:/users/natar/onedrive/documents/venkiworkspace/10 2021.10/bin/../lib/gcc/arm-none-eabi/10.3.1/../../../../arm-none-eabi/lib/thumb/v6-m/nofp\libg_nano.a(lib_a-exit.o)
                0x00005780                exit
 .text.__libc_init_array
                0x000057ac       0x48 c:/users/natar/onedrive/documents/venkiworkspace/10 2021.10/bin/../lib/gcc/arm-none-eabi/10.3.1/../../../../arm-none-eabi/lib/thumb/v6-m/nofp\libg_nano.a(lib_a-init.o)
                0x000057ac                __libc_init_array
 .text.__itoa   0x000057f4       0x30 c:/users/natar/onedrive/documents/venkiworkspace/10 2021.10/bin/../lib/gcc/arm-none-eabi/10.3.1/../../../../arm-none-eabi/lib/thumb/v6-m/nofp\libg_nano.a(lib_a-itoa.o)
                0x000057f4                __itoa
 .text.itoa     0x00005824        0x8 c:/users/natar/onedrive/documents/venkiworkspace/10 2021.10/bin/../lib/gcc/arm-none-eabi/10.3.1/../../../../arm-none-eabi/lib/thumb/v6-m/nofp\libg_nano.a(lib_a-itoa.o)
                0x00005824                itoa
 .text.memcpy   0x0000582c       0x12 c:/users/natar/onedrive/documents/venkiworkspace/10 2021.10/bin/../lib/gcc/arm-none-eabi/10.3.1/../../../../arm-none-eabi/lib/thumb/v6-m/nofp\libg_nano.a(lib_a-memcpy-stub.o)
                0x0000582c                memcpy
 .text.memset   0x0000583e       0x10 c:/users/natar/onedrive/documents/venkiworkspace/10 2021.10/bin/../lib/gcc/arm-none-eabi/10.3.1/../../../../arm-none-eabi/lib/thumb/v6-m/nofp\libg_nano.a(lib_a-memset.o)
                0x0000583e                memset
 *fill*         0x0000584e        0x2 
 .text.printf   0x00005850       0x34 c:/users/natar/onedrive/documents/venkiworkspace/10 2021.10/bin/../lib/gcc/arm-none-eabi/10.3.1/../../../../arm-none-eabi/lib/thumb/v6-m/nofp\libg_nano.a(lib_a-printf.o)
                0x00005850                iprintf
                0x00005850                printf
 .text._puts_r  0x00005884       0xe4 c:/users/natar/onedrive/documents/venkiworkspace/10 2021.10/bin/../lib/gcc/arm-none-eabi/10.3.1/../../../../arm-none-eabi/lib/thumb/v6-m/nofp\libg_nano.a(lib_a-puts.o)
                0x00005884                _puts_r
 .text.puts     0x00005968       0x14 c:/users/natar/onedrive/documents/venkiworkspace/10 2021.10/bin/../lib/gcc/arm-none-eabi/10.3.1/../../../../arm-none-eabi/lib/thumb/v6-m/nofp\libg_nano.a(lib_a-puts.o)
                0x00005968                puts
 .text.strcat   0x0000597c       0x1a c:/users/natar/onedrive/documents/venkiworkspace/10 2021.10/bin/../lib/gcc/arm-none-eabi/10.3.1/../../../../arm-none-eabi/lib/thumb/v6-m/nofp\libg_nano.a(lib_a-strcat.o)
                0x0000597c                strcat
 .text.strchr   0x00005996       0x1c c:/users/natar/onedrive/documents/venkiworkspace/10 2021.10/bin/../lib/gcc/arm-none-eabi/10.3.1/../../../../arm-none-eabi/lib/thumb/v6-m/nofp\libg_nano.a(lib_a-strchr.o)
                0x00005996                strchr
 .text.strcpy   0x000059b2       0x10 c:/users/natar/onedrive/documents/venkiworkspace/10 2021.10/bin/../lib/gcc/arm-none-eabi/10.3.1/../../../../arm-none-eabi/lib/thumb/v6-m/nofp\libg_nano.a(lib_a-strcpy.o)
                0x000059b2                strcpy
 .text          0x000059c2        0xe c:/users/natar/onedrive/documents/venkiworkspace/10 2021.10/bin/../lib/gcc/arm-none-eabi/10.3.1/../../../../arm-none-eabi/lib/thumb/v6-m/nofp\libg_nano.a(lib_a-strlen.o)
                0x000059c2                strlen
 .text.strncpy  0x000059d0       0x28 c:/users/natar/onedrive/documents/venkiworkspace/10 2021.10/bin/../lib/gcc/arm-none-eabi/10.3.1/../../../../arm-none-eabi/lib/thumb/v6-m/nofp\libg_nano.a(lib_a-strncpy.o)
                0x000059d0                strncpy
 .text.strstr   0x000059f8       0x2c c:/users/natar/onedrive/documents/venkiworkspace/10 2021.10/bin/../lib/gcc/arm-none-eabi/10.3.1/../../../../arm-none-eabi/lib/thumb/v6-m/nofp\libg_nano.a(lib_a-strstr.o)
                0x000059f8                strstr
 .text._strtol_l.constprop.0
                0x00005a24      0x11c c:/users/natar/onedrive/documents/venkiworkspace/10 2021.10/bin/../lib/gcc/arm-none-eabi/10.3.1/../../../../arm-none-eabi/lib/thumb/v6-m/nofp\libg_nano.a(lib_a-strtol.o)
 .text.strtol   0x00005b40       0x18 c:/users/natar/onedrive/documents/venkiworkspace/10 2021.10/bin/../lib/gcc/arm-none-eabi/10.3.1/../../../../arm-none-eabi/lib/thumb/v6-m/nofp\libg_nano.a(lib_a-strtol.o)
                0x00005b40                strtol
 .text.__utoa   0x00005b58       0x6c c:/users/natar/onedrive/documents/venkiworkspace/10 2021.10/bin/../lib/gcc/arm-none-eabi/10.3.1/../../../../arm-none-eabi/lib/thumb/v6-m/nofp\libg_nano.a(lib_a-utoa.o)
                0x00005b58                __utoa
 .text.__swbuf_r
                0x00005bc4       0xac c:/users/natar/onedrive/documents/venkiworkspace/10 2021.10/bin/../lib/gcc/arm-none-eabi/10.3.1/../../../../arm-none-eabi/lib/thumb/v6-m/nofp\libg_nano.a(lib_a-wbuf.o)
                0x00005bc4                __swbuf_r
 .text.__swsetup_r
                0x00005c70       0xf0 c:/users/natar/onedrive/documents/venkiworkspace/10 2021.10/bin/../lib/gcc/arm-none-eabi/10.3.1/../../../../arm-none-eabi/lib/thumb/v6-m/nofp\libg_nano.a(lib_a-wsetup.o)
                0x00005c70                __swsetup_r
 .text.__sflush_r
                0x00005d60      0x118 c:/users/natar/onedrive/documents/venkiworkspace/10 2021.10/bin/../lib/gcc/arm-none-eabi/10.3.1/../../../../arm-none-eabi/lib/thumb/v6-m/nofp\libg_nano.a(lib_a-fflush.o)
                0x00005d60                __sflush_r
 .text._fflush_r
                0x00005e78       0x80 c:/users/natar/onedrive/documents/venkiworkspace/10 2021.10/bin/../lib/gcc/arm-none-eabi/10.3.1/../../../../arm-none-eabi/lib/thumb/v6-m/nofp\libg_nano.a(lib_a-fflush.o)
                0x00005e78                _fflush_r
 .text.std      0x00005ef8       0x48 c:/users/natar/onedrive/documents/venkiworkspace/10 2021.10/bin/../lib/gcc/arm-none-eabi/10.3.1/../../../../arm-none-eabi/lib/thumb/v6-m/nofp\libg_nano.a(lib_a-findfp.o)
 .text._cleanup_r
                0x00005f40       0x10 c:/users/natar/onedrive/documents/venkiworkspace/10 2021.10/bin/../lib/gcc/arm-none-eabi/10.3.1/../../../../arm-none-eabi/lib/thumb/v6-m/nofp\libg_nano.a(lib_a-findfp.o)
                0x00005f40                _cleanup_r
 .text.__sfmoreglue
                0x00005f50       0x2c c:/users/natar/onedrive/documents/venkiworkspace/10 2021.10/bin/../lib/gcc/arm-none-eabi/10.3.1/../../../../arm-none-eabi/lib/thumb/v6-m/nofp\libg_nano.a(lib_a-findfp.o)
                0x00005f50                __sfmoreglue
 .text.__sfp_lock_acquire
                0x00005f7c       0x10 c:/users/natar/onedrive/documents/venkiworkspace/10 2021.10/bin/../lib/gcc/arm-none-eabi/10.3.1/../../../../arm-none-eabi/lib/thumb/v6-m/nofp\libg_nano.a(lib_a-findfp.o)
                0x00005f7c                __sfp_lock_acquire
 .text.__sfp_lock_release
                0x00005f8c       0x10 c:/users/natar/onedrive/documents/venkiworkspace/10 2021.10/bin/../lib/gcc/arm-none-eabi/10.3.1/../../../../arm-none-eabi/lib/thumb/v6-m/nofp\libg_nano.a(lib_a-findfp.o)
                0x00005f8c                __sfp_lock_release
 .text.__sinit_lock_acquire
                0x00005f9c       0x10 c:/users/natar/onedrive/documents/venkiworkspace/10 2021.10/bin/../lib/gcc/arm-none-eabi/10.3.1/../../../../arm-none-eabi/lib/thumb/v6-m/nofp\libg_nano.a(lib_a-findfp.o)
                0x00005f9c                __sinit_lock_acquire
 .text.__sinit_lock_release
                0x00005fac       0x10 c:/users/natar/onedrive/documents/venkiworkspace/10 2021.10/bin/../lib/gcc/arm-none-eabi/10.3.1/../../../../arm-none-eabi/lib/thumb/v6-m/nofp\libg_nano.a(lib_a-findfp.o)
                0x00005fac                __sinit_lock_release
 .text.__sinit  0x00005fbc       0x70 c:/users/natar/onedrive/documents/venkiworkspace/10 2021.10/bin/../lib/gcc/arm-none-eabi/10.3.1/../../../../arm-none-eabi/lib/thumb/v6-m/nofp\libg_nano.a(lib_a-findfp.o)
                0x00005fbc                __sinit
 .text.__sfp    0x0000602c       0x90 c:/users/natar/onedrive/documents/venkiworkspace/10 2021.10/bin/../lib/gcc/arm-none-eabi/10.3.1/../../../../arm-none-eabi/lib/thumb/v6-m/nofp\libg_nano.a(lib_a-findfp.o)
                0x0000602c                __sfp
 .text._fwalk_reent
                0x000060bc       0x40 c:/users/natar/onedrive/documents/venkiworkspace/10 2021.10/bin/../lib/gcc/arm-none-eabi/10.3.1/../../../../arm-none-eabi/lib/thumb/v6-m/nofp\libg_nano.a(lib_a-fwalk.o)
                0x000060bc                _fwalk_reent
 .text.__retarget_lock_init_recursive
                0x000060fc        0x2 c:/users/natar/onedrive/documents/venkiworkspace/10 2021.10/bin/../lib/gcc/arm-none-eabi/10.3.1/../../../../arm-none-eabi/lib/thumb/v6-m/nofp\libg_nano.a(lib_a-lock.o)
                0x000060fc                __retarget_lock_init_recursive
 .text.__retarget_lock_acquire_recursive
                0x000060fe        0x2 c:/users/natar/onedrive/documents/venkiworkspace/10 2021.10/bin/../lib/gcc/arm-none-eabi/10.3.1/../../../../arm-none-eabi/lib/thumb/v6-m/nofp\libg_nano.a(lib_a-lock.o)
                0x000060fe                __retarget_lock_acquire_recursive
 .text.__retarget_lock_release_recursive
                0x00006100        0x2 c:/users/natar/onedrive/documents/venkiworkspace/10 2021.10/bin/../lib/gcc/arm-none-eabi/10.3.1/../../../../arm-none-eabi/lib/thumb/v6-m/nofp\libg_nano.a(lib_a-lock.o)
                0x00006100                __retarget_lock_release_recursive
 *fill*         0x00006102        0x2 
 .text.__swhatbuf_r
                0x00006104       0x50 c:/users/natar/onedrive/documents/venkiworkspace/10 2021.10/bin/../lib/gcc/arm-none-eabi/10.3.1/../../../../arm-none-eabi/lib/thumb/v6-m/nofp\libg_nano.a(lib_a-makebuf.o)
                0x00006104                __swhatbuf_r
 .text.__smakebuf_r
                0x00006154       0x88 c:/users/natar/onedrive/documents/venkiworkspace/10 2021.10/bin/../lib/gcc/arm-none-eabi/10.3.1/../../../../arm-none-eabi/lib/thumb/v6-m/nofp\libg_nano.a(lib_a-makebuf.o)
                0x00006154                __smakebuf_r
 .text._free_r  0x000061dc       0x94 c:/users/natar/onedrive/documents/venkiworkspace/10 2021.10/bin/../lib/gcc/arm-none-eabi/10.3.1/../../../../arm-none-eabi/lib/thumb/v6-m/nofp\libg_nano.a(lib_a-nano-freer.o)
                0x000061dc                _free_r
 .text.sbrk_aligned
                0x00006270       0x44 c:/users/natar/onedrive/documents/venkiworkspace/10 2021.10/bin/../lib/gcc/arm-none-eabi/10.3.1/../../../../arm-none-eabi/lib/thumb/v6-m/nofp\libg_nano.a(lib_a-nano-mallocr.o)
 .text._malloc_r
                0x000062b4       0xec c:/users/natar/onedrive/documents/venkiworkspace/10 2021.10/bin/../lib/gcc/arm-none-eabi/10.3.1/../../../../arm-none-eabi/lib/thumb/v6-m/nofp\libg_nano.a(lib_a-nano-mallocr.o)
                0x000062b4                _malloc_r
 .text.__sfputc_r
                0x000063a0       0x2a c:/users/natar/onedrive/documents/venkiworkspace/10 2021.10/bin/../lib/gcc/arm-none-eabi/10.3.1/../../../../arm-none-eabi/lib/thumb/v6-m/nofp\libg_nano.a(lib_a-nano-vfprintf.o)
 .text.__sfputs_r
                0x000063ca       0x24 c:/users/natar/onedrive/documents/venkiworkspace/10 2021.10/bin/../lib/gcc/arm-none-eabi/10.3.1/../../../../arm-none-eabi/lib/thumb/v6-m/nofp\libg_nano.a(lib_a-nano-vfprintf.o)
                0x000063ca                __sfputs_r
 *fill*         0x000063ee        0x2 
 .text._vfprintf_r
                0x000063f0      0x274 c:/users/natar/onedrive/documents/venkiworkspace/10 2021.10/bin/../lib/gcc/arm-none-eabi/10.3.1/../../../../arm-none-eabi/lib/thumb/v6-m/nofp\libg_nano.a(lib_a-nano-vfprintf.o)
                0x000063f0                _vfprintf_r
                0x000063f0                _vfiprintf_r
 .text._printf_common
                0x00006664       0xde c:/users/natar/onedrive/documents/venkiworkspace/10 2021.10/bin/../lib/gcc/arm-none-eabi/10.3.1/../../../../arm-none-eabi/lib/thumb/v6-m/nofp\libg_nano.a(lib_a-nano-vfprintf_i.o)
                0x00006664                _printf_common
 *fill*         0x00006742        0x2 
 .text._printf_i
                0x00006744      0x224 c:/users/natar/onedrive/documents/venkiworkspace/10 2021.10/bin/../lib/gcc/arm-none-eabi/10.3.1/../../../../arm-none-eabi/lib/thumb/v6-m/nofp\libg_nano.a(lib_a-nano-vfprintf_i.o)
                0x00006744                _printf_i
 .text._sbrk_r  0x00006968       0x24 c:/users/natar/onedrive/documents/venkiworkspace/10 2021.10/bin/../lib/gcc/arm-none-eabi/10.3.1/../../../../arm-none-eabi/lib/thumb/v6-m/nofp\libg_nano.a(lib_a-sbrkr.o)
                0x00006968                _sbrk_r
 .text.__sread  0x0000698c       0x28 c:/users/natar/onedrive/documents/venkiworkspace/10 2021.10/bin/../lib/gcc/arm-none-eabi/10.3.1/../../../../arm-none-eabi/lib/thumb/v6-m/nofp\libg_nano.a(lib_a-stdio.o)
                0x0000698c                __sread
 .text.__swrite
                0x000069b4       0x38 c:/users/natar/onedrive/documents/venkiworkspace/10 2021.10/bin/../lib/gcc/arm-none-eabi/10.3.1/../../../../arm-none-eabi/lib/thumb/v6-m/nofp\libg_nano.a(lib_a-stdio.o)
                0x000069b4                __swrite
 .text.__sseek  0x000069ec       0x2c c:/users/natar/onedrive/documents/venkiworkspace/10 2021.10/bin/../lib/gcc/arm-none-eabi/10.3.1/../../../../arm-none-eabi/lib/thumb/v6-m/nofp\libg_nano.a(lib_a-stdio.o)
                0x000069ec                __sseek
 .text.__sclose
                0x00006a18        0xc c:/users/natar/onedrive/documents/venkiworkspace/10 2021.10/bin/../lib/gcc/arm-none-eabi/10.3.1/../../../../arm-none-eabi/lib/thumb/v6-m/nofp\libg_nano.a(lib_a-stdio.o)
                0x00006a18                __sclose
 .text._write_r
                0x00006a24       0x28 c:/users/natar/onedrive/documents/venkiworkspace/10 2021.10/bin/../lib/gcc/arm-none-eabi/10.3.1/../../../../arm-none-eabi/lib/thumb/v6-m/nofp\libg_nano.a(lib_a-writer.o)
                0x00006a24                _write_r
 .text._close_r
                0x00006a4c       0x24 c:/users/natar/onedrive/documents/venkiworkspace/10 2021.10/bin/../lib/gcc/arm-none-eabi/10.3.1/../../../../arm-none-eabi/lib/thumb/v6-m/nofp\libg_nano.a(lib_a-closer.o)
                0x00006a4c                _close_r
 .text._fstat_r
                0x00006a70       0x24 c:/users/natar/onedrive/documents/venkiworkspace/10 2021.10/bin/../lib/gcc/arm-none-eabi/10.3.1/../../../../arm-none-eabi/lib/thumb/v6-m/nofp\libg_nano.a(lib_a-fstatr.o)
                0x00006a70                _fstat_r
 .text._isatty_r
                0x00006a94       0x24 c:/users/natar/onedrive/documents/venkiworkspace/10 2021.10/bin/../lib/gcc/arm-none-eabi/10.3.1/../../../../arm-none-eabi/lib/thumb/v6-m/nofp\libg_nano.a(lib_a-isattyr.o)
                0x00006a94                _isatty_r
 .text._lseek_r
                0x00006ab8       0x28 c:/users/natar/onedrive/documents/venkiworkspace/10 2021.10/bin/../lib/gcc/arm-none-eabi/10.3.1/../../../../arm-none-eabi/lib/thumb/v6-m/nofp\libg_nano.a(lib_a-lseekr.o)
                0x00006ab8                _lseek_r
 .text.memchr   0x00006ae0       0x16 c:/users/natar/onedrive/documents/venkiworkspace/10 2021.10/bin/../lib/gcc/arm-none-eabi/10.3.1/../../../../arm-none-eabi/lib/thumb/v6-m/nofp\libg_nano.a(lib_a-memchr-stub.o)
                0x00006ae0                memchr
 *fill*         0x00006af6        0x2 
 .text.__malloc_lock
                0x00006af8       0x10 c:/users/natar/onedrive/documents/venkiworkspace/10 2021.10/bin/../lib/gcc/arm-none-eabi/10.3.1/../../../../arm-none-eabi/lib/thumb/v6-m/nofp\libg_nano.a(lib_a-mlock.o)
                0x00006af8                __malloc_lock
 .text.__malloc_unlock
                0x00006b08       0x10 c:/users/natar/onedrive/documents/venkiworkspace/10 2021.10/bin/../lib/gcc/arm-none-eabi/10.3.1/../../../../arm-none-eabi/lib/thumb/v6-m/nofp\libg_nano.a(lib_a-mlock.o)
                0x00006b08                __malloc_unlock
 .text._read_r  0x00006b18       0x28 c:/users/natar/onedrive/documents/venkiworkspace/10 2021.10/bin/../lib/gcc/arm-none-eabi/10.3.1/../../../../arm-none-eabi/lib/thumb/v6-m/nofp\libg_nano.a(lib_a-readr.o)
                0x00006b18                _read_r
 .text          0x00006b40       0x14 c:/users/natar/onedrive/documents/venkiworkspace/10 2021.10/bin/../lib/gcc/arm-none-eabi/10.3.1/thumb/v6-m/nofp\libgcc.a(_thumb1_case_shi.o)
                0x00006b40                __gnu_thumb1_case_shi
 .text.pow      0x00006b54       0xe8 c:/users/natar/onedrive/documents/venkiworkspace/10 2021.10/bin/../lib/gcc/arm-none-eabi/10.3.1/../../../../arm-none-eabi/lib/thumb/v6-m/nofp\libm.a(lib_a-w_pow.o)
                0x00006b54                pow
 .text.__ieee754_pow
                0x00006c3c      0xb1c c:/users/natar/onedrive/documents/venkiworkspace/10 2021.10/bin/../lib/gcc/arm-none-eabi/10.3.1/../../../../arm-none-eabi/lib/thumb/v6-m/nofp\libm.a(lib_a-e_pow.o)
                0x00006c3c                __ieee754_pow
 .text.__ieee754_sqrt
                0x00007758      0x1b0 c:/users/natar/onedrive/documents/venkiworkspace/10 2021.10/bin/../lib/gcc/arm-none-eabi/10.3.1/../../../../arm-none-eabi/lib/thumb/v6-m/nofp\libm.a(lib_a-e_sqrt.o)
                0x00007758                __ieee754_sqrt
 .text.with_errno
                0x00007908       0x14 c:/users/natar/onedrive/documents/venkiworkspace/10 2021.10/bin/../lib/gcc/arm-none-eabi/10.3.1/../../../../arm-none-eabi/lib/thumb/v6-m/nofp\libm.a(lib_a-math_err.o)
 .text.xflow    0x0000791c       0x30 c:/users/natar/onedrive/documents/venkiworkspace/10 2021.10/bin/../lib/gcc/arm-none-eabi/10.3.1/../../../../arm-none-eabi/lib/thumb/v6-m/nofp\libm.a(lib_a-math_err.o)
 .text.__math_uflow
                0x0000794c       0x10 c:/users/natar/onedrive/documents/venkiworkspace/10 2021.10/bin/../lib/gcc/arm-none-eabi/10.3.1/../../../../arm-none-eabi/lib/thumb/v6-m/nofp\libm.a(lib_a-math_err.o)
                0x0000794c                __math_uflow
 .text.__math_oflow
                0x0000795c       0x10 c:/users/natar/onedrive/documents/venkiworkspace/10 2021.10/bin/../lib/gcc/arm-none-eabi/10.3.1/../../../../arm-none-eabi/lib/thumb/v6-m/nofp\libm.a(lib_a-math_err.o)
                0x0000795c                __math_oflow
 .text.fabs     0x0000796c        0x8 c:/users/natar/onedrive/documents/venkiworkspace/10 2021.10/bin/../lib/gcc/arm-none-eabi/10.3.1/../../../../arm-none-eabi/lib/thumb/v6-m/nofp\libm.a(lib_a-s_fabs.o)
                0x0000796c                fabs
 .text.finite   0x00007974       0x14 c:/users/natar/onedrive/documents/venkiworkspace/10 2021.10/bin/../lib/gcc/arm-none-eabi/10.3.1/../../../../arm-none-eabi/lib/thumb/v6-m/nofp\libm.a(lib_a-s_finite.o)
                0x00007974                finite
 .text.scalbn   0x00007988       0xf8 c:/users/natar/onedrive/documents/venkiworkspace/10 2021.10/bin/../lib/gcc/arm-none-eabi/10.3.1/../../../../arm-none-eabi/lib/thumb/v6-m/nofp\libm.a(lib_a-s_scalbn.o)
                0x00007988                scalbn
 .text._sbrk    0x00007a80       0x1c c:/users/natar/onedrive/documents/venkiworkspace/10 2021.10/bin/../lib/gcc/arm-none-eabi/10.3.1/../../../../arm-none-eabi/lib/thumb/v6-m/nofp\libnosys.a(sbrk.o)
                0x00007a80                _sbrk
 .text._exit    0x00007a9c        0x4 c:/users/natar/onedrive/documents/venkiworkspace/10 2021.10/bin/../lib/gcc/arm-none-eabi/10.3.1/../../../../arm-none-eabi/lib/thumb/v6-m/nofp\libnosys.a(_exit.o)
                0x00007a9c                _exit
 .text          0x00007aa0       0x7c c:/users/natar/onedrive/documents/venkiworkspace/10 2021.10/bin/../lib/gcc/arm-none-eabi/10.3.1/thumb/v6-m/nofp\libgcc.a(_arm_cmpdf2.o)
                0x00007aa0                __aeabi_cdrcmple
                0x00007ab0                __aeabi_cdcmple
                0x00007ab0                __aeabi_cdcmpeq
                0x00007ac0                __aeabi_dcmpeq
                0x00007acc                __aeabi_dcmplt
                0x00007ae0                __aeabi_dcmple
                0x00007af4                __aeabi_dcmpgt
                0x00007b08                __aeabi_dcmpge
 .text          0x00007b1c      0x678 c:/users/natar/onedrive/documents/venkiworkspace/10 2021.10/bin/../lib/gcc/arm-none-eabi/10.3.1/thumb/v6-m/nofp\libgcc.a(adddf3.o)
                0x00007b1c                __aeabi_dadd
 .text          0x00008194      0x5ec c:/users/natar/onedrive/documents/venkiworkspace/10 2021.10/bin/../lib/gcc/arm-none-eabi/10.3.1/thumb/v6-m/nofp\libgcc.a(divdf3.o)
                0x00008194                __aeabi_ddiv
 .text          0x00008780       0x84 c:/users/natar/onedrive/documents/venkiworkspace/10 2021.10/bin/../lib/gcc/arm-none-eabi/10.3.1/thumb/v6-m/nofp\libgcc.a(eqdf2.o)
                0x00008780                __nedf2
                0x00008780                __eqdf2
 .text          0x00008804       0xcc c:/users/natar/onedrive/documents/venkiworkspace/10 2021.10/bin/../lib/gcc/arm-none-eabi/10.3.1/thumb/v6-m/nofp\libgcc.a(gedf2.o)
                0x00008804                __gedf2
                0x00008804                __gtdf2
 .text          0x000088d0       0xc8 c:/users/natar/onedrive/documents/venkiworkspace/10 2021.10/bin/../lib/gcc/arm-none-eabi/10.3.1/thumb/v6-m/nofp\libgcc.a(ledf2.o)
                0x000088d0                __ledf2
                0x000088d0                __ltdf2
 .text          0x00008998      0x724 c:/users/natar/onedrive/documents/venkiworkspace/10 2021.10/bin/../lib/gcc/arm-none-eabi/10.3.1/thumb/v6-m/nofp\libgcc.a(subdf3.o)
                0x00008998                __aeabi_dsub
 .text          0x000090bc       0x3c c:/users/natar/onedrive/documents/venkiworkspace/10 2021.10/bin/../lib/gcc/arm-none-eabi/10.3.1/thumb/v6-m/nofp\libgcc.a(unorddf2.o)
                0x000090bc                __aeabi_dcmpun
 *(.init)
 .init          0x000090f8        0x4 c:/users/natar/onedrive/documents/venkiworkspace/10 2021.10/bin/../lib/gcc/arm-none-eabi/10.3.1/thumb/v6-m/nofp/crti.o
                0x000090f8                _init
 .init          0x000090fc        0x8 c:/users/natar/onedrive/documents/venkiworkspace/10 2021.10/bin/../lib/gcc/arm-none-eabi/10.3.1/thumb/v6-m/nofp/crtn.o
 *(.fini)
 .fini          0x00009104        0x4 c:/users/natar/onedrive/documents/venkiworkspace/10 2021.10/bin/../lib/gcc/arm-none-eabi/10.3.1/thumb/v6-m/nofp/crti.o
                0x00009104                _fini
 .fini          0x00009108        0x8 c:/users/natar/onedrive/documents/venkiworkspace/10 2021.10/bin/../lib/gcc/arm-none-eabi/10.3.1/thumb/v6-m/nofp/crtn.o
 *crtbegin.o(.ctors)
 *crtbegin?.o(.ctors)
 *(EXCLUDE_FILE(*crtend.o *crtend?.o) .ctors)
 *(SORT_BY_NAME(.ctors.*))
 *(.ctors)
 *crtbegin.o(.dtors)
 *crtbegin?.o(.dtors)
 *(EXCLUDE_FILE(*crtend.o *crtend?.o) .dtors)
 *(SORT_BY_NAME(.dtors.*))
 *(.dtors)
 *(.rodata*)
 .rodata.read_config_data.str1.4
                0x00009110       0x18 ./User/config.o
 .rodata.configMode_app.str1.4
                0x00009128       0xd5 ./User/config.o
                                 0xd9 (size before relaxing)
 *fill*         0x000091fd        0x3 
 .rodata.gsm_init.str1.4
                0x00009200       0x2a ./User/main.o
 *fill*         0x0000922a        0x2 
 .rodata.gsm_init
                0x0000922c       0x1c ./User/main.o
 .rodata.gsm_datacall.str1.4
                0x00009248       0x7c ./User/main.o
 .rodata.gsm_datacall
                0x000092c4       0x34 ./User/main.o
 .rodata.gsm_connect.str1.4
                0x000092f8       0x29 ./User/main.o
 *fill*         0x00009321        0x3 
 .rodata.gsm_connect
                0x00009324       0x24 ./User/main.o
 .rodata.gsm_query
                0x00009348       0x1c ./User/main.o
 .rodata.gsm_http_report_data.str1.4
                0x00009364       0xa0 ./User/main.o
                                 0xa4 (size before relaxing)
 .rodata.gsm_http_report_data
                0x00009404       0x38 ./User/main.o
 .rodata.gsm_http_send_lock_status.str1.4
                0x0000943c       0x46 ./User/main.o
 *fill*         0x00009482        0x2 
 .rodata.gsm_http_send_lock_status
                0x00009484       0x34 ./User/main.o
 .rodata.gsm_http_send_unlock_status.str1.4
                0x000094b8       0x1e ./User/main.o
 *fill*         0x000094d6        0x2 
 .rodata.gsm_http_send_unlock_status
                0x000094d8       0x34 ./User/main.o
 .rodata.gsm_http_send_lightON_status.str1.4
                0x0000950c       0x41 ./User/main.o
 *fill*         0x0000954d        0x3 
 .rodata.gsm_http_send_lightON_status
                0x00009550       0x34 ./User/main.o
 .rodata.gsm_http_send_lightOff_status.str1.4
                0x00009584       0x10 ./User/main.o
 .rodata.gsm_http_send_lightOff_status
                0x00009594       0x34 ./User/main.o
 .rodata.gsm_http_send_beepOn_status.str1.4
                0x000095c8       0x27 ./User/main.o
 *fill*         0x000095ef        0x1 
 .rodata.gsm_http_send_beepOn_status
                0x000095f0       0x34 ./User/main.o
 .rodata.gsm_http_send_beepOff_status.str1.4
                0x00009624        0xc ./User/main.o
 .rodata.gsm_http_send_beepOff_status
                0x00009630       0x34 ./User/main.o
 .rodata.gsm_get_snapshot.str1.4
                0x00009664       0xa7 ./User/main.o
 *fill*         0x0000970b        0x1 
 .rodata.gsm_get_snapshot
                0x0000970c       0x44 ./User/main.o
 .rodata.UART2_TEST_HANDLE.str1.4
                0x00009750       0x8a ./User/main.o
 *fill*         0x000097da        0x2 
 .rodata.UART1_TEST_HANDLE.str1.4
                0x000097dc       0x12 ./User/main.o
 *fill*         0x000097ee        0x2 
 .rodata.gsm_http_get_lock_status.str1.4
                0x000097f0      0x24f ./User/main.o
 *fill*         0x00009a3f        0x1 
 .rodata.gsm_http_get_lock_status
                0x00009a40       0x3c ./User/main.o
 .rodata.gsm_http_send_registartion.str1.4
                0x00009a7c       0x30 ./User/main.o
 .rodata.gsm_http_send_registartion
                0x00009aac       0x34 ./User/main.o
 .rodata.gsm_idle.str1.4
                0x00009ae0       0x23 ./User/main.o
 *fill*         0x00009b03        0x1 
 .rodata.get_gps_data.str1.4
                0x00009b04       0xbc ./User/main.o
                                 0xc4 (size before relaxing)
 .rodata.main.str1.4
                0x00009bc0       0xae ./User/main.o
 *fill*         0x00009c6e        0x2 
 .rodata.main   0x00009c70       0x40 ./User/main.o
 .rodata        0x00009cb0       0x20 ./Library/StdDriver/timer.o
 .rodata        0x00009cd0       0x1c ./Library/clk.o
 .rodata.stackDump.str1.4
                0x00009cec       0x60 ./Library/retarget.o
 .rodata.Hard_Fault_Handler.str1.4
                0x00009d4c       0x16 ./Library/retarget.o
 *fill*         0x00009d62        0x2 
 .rodata.gau32ClkSrcTbl
                0x00009d64       0x20 ./CMSIS/system_M0564.o
                0x00009d64                gau32ClkSrcTbl
 .rodata        0x00009d84       0x80 c:/users/natar/onedrive/documents/venkiworkspace/10 2021.10/bin/../lib/gcc/arm-none-eabi/10.3.1/thumb/v6-m/nofp\libgcc.a(divsf3.o)
 .rodata        0x00009e04       0x40 c:/users/natar/onedrive/documents/venkiworkspace/10 2021.10/bin/../lib/gcc/arm-none-eabi/10.3.1/thumb/v6-m/nofp\libgcc.a(mulsf3.o)
 .rodata        0x00009e44       0x40 c:/users/natar/onedrive/documents/venkiworkspace/10 2021.10/bin/../lib/gcc/arm-none-eabi/10.3.1/thumb/v6-m/nofp\libgcc.a(muldf3.o)
 .rodata._global_impure_ptr
                0x00009e84        0x4 c:/users/natar/onedrive/documents/venkiworkspace/10 2021.10/bin/../lib/gcc/arm-none-eabi/10.3.1/../../../../arm-none-eabi/lib/thumb/v6-m/nofp\libg_nano.a(lib_a-impure.o)
                0x00009e84                _global_impure_ptr
 .rodata.__utoa.str1.1
                0x00009e88       0x25 c:/users/natar/onedrive/documents/venkiworkspace/10 2021.10/bin/../lib/gcc/arm-none-eabi/10.3.1/../../../../arm-none-eabi/lib/thumb/v6-m/nofp\libg_nano.a(lib_a-utoa.o)
 .rodata._ctype_
                0x00009ead      0x101 c:/users/natar/onedrive/documents/venkiworkspace/10 2021.10/bin/../lib/gcc/arm-none-eabi/10.3.1/../../../../arm-none-eabi/lib/thumb/v6-m/nofp\libg_nano.a(lib_a-ctype_.o)
                0x00009ead                _ctype_
 *fill*         0x00009fae        0x2 
 .rodata.__sf_fake_stderr
                0x00009fb0       0x20 c:/users/natar/onedrive/documents/venkiworkspace/10 2021.10/bin/../lib/gcc/arm-none-eabi/10.3.1/../../../../arm-none-eabi/lib/thumb/v6-m/nofp\libg_nano.a(lib_a-findfp.o)
                0x00009fb0                __sf_fake_stderr
 .rodata.__sf_fake_stdin
                0x00009fd0       0x20 c:/users/natar/onedrive/documents/venkiworkspace/10 2021.10/bin/../lib/gcc/arm-none-eabi/10.3.1/../../../../arm-none-eabi/lib/thumb/v6-m/nofp\libg_nano.a(lib_a-findfp.o)
                0x00009fd0                __sf_fake_stdin
 .rodata.__sf_fake_stdout
                0x00009ff0       0x20 c:/users/natar/onedrive/documents/venkiworkspace/10 2021.10/bin/../lib/gcc/arm-none-eabi/10.3.1/../../../../arm-none-eabi/lib/thumb/v6-m/nofp\libg_nano.a(lib_a-findfp.o)
                0x00009ff0                __sf_fake_stdout
 .rodata._vfprintf_r.str1.1
                0x0000a010       0x11 c:/users/natar/onedrive/documents/venkiworkspace/10 2021.10/bin/../lib/gcc/arm-none-eabi/10.3.1/../../../../arm-none-eabi/lib/thumb/v6-m/nofp\libg_nano.a(lib_a-nano-vfprintf.o)
 .rodata._printf_i.str1.1
                0x0000a021       0x22 c:/users/natar/onedrive/documents/venkiworkspace/10 2021.10/bin/../lib/gcc/arm-none-eabi/10.3.1/../../../../arm-none-eabi/lib/thumb/v6-m/nofp\libg_nano.a(lib_a-nano-vfprintf_i.o)
 *fill*         0x0000a043        0x1 
 .rodata        0x0000a044       0x40 c:/users/natar/onedrive/documents/venkiworkspace/10 2021.10/bin/../lib/gcc/arm-none-eabi/10.3.1/thumb/v6-m/nofp\libgcc.a(divdf3.o)
 *(.eh_frame*)
 .eh_frame      0x0000a084        0x0 c:/users/natar/onedrive/documents/venkiworkspace/10 2021.10/bin/../lib/gcc/arm-none-eabi/10.3.1/thumb/v6-m/nofp/crtbegin.o
 .eh_frame      0x0000a084        0x4 c:/users/natar/onedrive/documents/venkiworkspace/10 2021.10/bin/../lib/gcc/arm-none-eabi/10.3.1/thumb/v6-m/nofp/crtend.o

.glue_7         0x0000a088        0x0
 .glue_7        0x0000a088        0x0 linker stubs

.glue_7t        0x0000a088        0x0
 .glue_7t       0x0000a088        0x0 linker stubs

.vfp11_veneer   0x0000a088        0x0
 .vfp11_veneer  0x0000a088        0x0 linker stubs

.v4_bx          0x0000a088        0x0
 .v4_bx         0x0000a088        0x0 linker stubs

.iplt           0x0000a088        0x0
 .iplt          0x0000a088        0x0 c:/users/natar/onedrive/documents/venkiworkspace/10 2021.10/bin/../lib/gcc/arm-none-eabi/10.3.1/thumb/v6-m/nofp/crtbegin.o

.ARM.extab
 *(.ARM.extab* .gnu.linkonce.armextab.*)
                0x0000a088                __exidx_start = .

.ARM.exidx      0x0000a088        0x8
 *(.ARM.exidx* .gnu.linkonce.armexidx.*)
 .ARM.exidx     0x0000a088        0x8 c:/users/natar/onedrive/documents/venkiworkspace/10 2021.10/bin/../lib/gcc/arm-none-eabi/10.3.1/../../../../arm-none-eabi/lib/thumb/v6-m/nofp/crt0.o
                                 0x10 (size before relaxing)
                0x0000a090                __exidx_end = .
                0x0000a090                __etext = .

.rel.dyn        0x0000a090        0x0
 .rel.iplt      0x0000a090        0x0 c:/users/natar/onedrive/documents/venkiworkspace/10 2021.10/bin/../lib/gcc/arm-none-eabi/10.3.1/thumb/v6-m/nofp/crtbegin.o

.data           0x20000000      0x7d8 load address 0x0000a090
                0x20000000                __data_start__ = .
 *(vtable)
 *(.data*)
 .data.configData
                0x20000000      0x618 ./User/config.o
                0x20000000                configData
 .data.u32FlashStartAddr
                0x20000618        0x4 ./User/config.o
                0x20000618                u32FlashStartAddr
 .data.APN_URL  0x2000061c       0x32 ./User/main.o
                0x2000061c                APN_URL
 *fill*         0x2000064e        0x2 
 .data.DBQUOTE  0x20000650        0x1 ./User/main.o
                0x20000650                DBQUOTE
 *fill*         0x20000651        0x3 
 .data.api_update
                0x20000654       0x32 ./User/main.o
                0x20000654                api_update
 *fill*         0x20000686        0x2 
 .data.battADC_LC
                0x20000688        0x4 ./User/main.o
                0x20000688                battADC_LC
 .data.battVExt
                0x2000068c        0x6 ./User/main.o
                0x2000068c                battVExt
 *fill*         0x20000692        0x2 
 .data.battVInt
                0x20000694        0x6 ./User/main.o
                0x20000694                battVInt
 *fill*         0x2000069a        0x2 
 .data.battint  0x2000069c        0x4 ./User/main.o
                0x2000069c                battint
 .data.configReadBack
                0x200006a0        0x1 ./User/main.o
                0x200006a0                configReadBack
 *fill*         0x200006a1        0x3 
 .data.delayCounter
                0x200006a4        0x4 ./User/main.o
                0x200006a4                delayCounter
 .data.delayDenom
                0x200006a8        0x1 ./User/main.o
                0x200006a8                delayDenom
 .data.devLock  0x200006a9        0x1 ./User/main.o
                0x200006a9                devLock
 *fill*         0x200006aa        0x2 
 .data.gpsLatitude
                0x200006ac       0x32 ./User/main.o
                0x200006ac                gpsLatitude
 *fill*         0x200006de        0x2 
 .data.gpsLongitude
                0x200006e0       0x32 ./User/main.o
                0x200006e0                gpsLongitude
 *fill*         0x20000712        0x2 
 .data.gpsSpeed
                0x20000714       0x32 ./User/main.o
                0x20000714                gpsSpeed
 .data.gsmState
                0x20000746        0x1 ./User/main.o
                0x20000746                gsmState
 *fill*         0x20000747        0x1 
 .data.pbattVExt
                0x20000748        0x7 ./User/main.o
                0x20000748                pbattVExt
 *fill*         0x2000074f        0x1 
 .data.speeed   0x20000750        0x4 ./User/main.o
                0x20000750                speeed
 .data.stepCCW  0x20000754        0x4 ./User/main.o
                0x20000754                stepCCW
 .data.stepCW   0x20000758        0x4 ./User/main.o
                0x20000758                stepCW
 .data.stepperNoStep
                0x2000075c        0x1 ./User/main.o
                0x2000075c                stepperNoStep
 *fill*         0x2000075d        0x1 
 .data.turnCount
                0x2000075e        0x2 ./User/main.o
                0x2000075e                turnCount
 .data.CyclesPerUs
                0x20000760        0x4 ./CMSIS/system_M0564.o
                0x20000760                CyclesPerUs
 .data.PllClock
                0x20000764        0x4 ./CMSIS/system_M0564.o
                0x20000764                PllClock
 .data.SystemCoreClock
                0x20000768        0x4 ./CMSIS/system_M0564.o
                0x20000768                SystemCoreClock
 .data._impure_ptr
                0x2000076c        0x4 c:/users/natar/onedrive/documents/venkiworkspace/10 2021.10/bin/../lib/gcc/arm-none-eabi/10.3.1/../../../../arm-none-eabi/lib/thumb/v6-m/nofp\libg_nano.a(lib_a-impure.o)
                0x2000076c                _impure_ptr
 .data.impure_data
                0x20000770       0x60 c:/users/natar/onedrive/documents/venkiworkspace/10 2021.10/bin/../lib/gcc/arm-none-eabi/10.3.1/../../../../arm-none-eabi/lib/thumb/v6-m/nofp\libg_nano.a(lib_a-impure.o)
                0x200007d0                . = ALIGN (0x4)
                0x200007d0                PROVIDE (__preinit_array_start = .)
 *(.preinit_array)
                0x200007d0                PROVIDE (__preinit_array_end = .)
                0x200007d0                . = ALIGN (0x4)
                0x200007d0                PROVIDE (__init_array_start = .)
 *(SORT_BY_NAME(.init_array.*))
 *(.init_array)
 .init_array    0x200007d0        0x4 c:/users/natar/onedrive/documents/venkiworkspace/10 2021.10/bin/../lib/gcc/arm-none-eabi/10.3.1/thumb/v6-m/nofp/crtbegin.o
                0x200007d4                PROVIDE (__init_array_end = .)
                0x200007d4                . = ALIGN (0x4)
                [!provide]                PROVIDE (__fini_array_start = .)
 *(SORT_BY_NAME(.fini_array.*))
 *(.fini_array)
 .fini_array    0x200007d4        0x4 c:/users/natar/onedrive/documents/venkiworkspace/10 2021.10/bin/../lib/gcc/arm-none-eabi/10.3.1/thumb/v6-m/nofp/crtbegin.o
                [!provide]                PROVIDE (__fini_array_end = .)
 *(.jcr*)
                0x200007d8                . = ALIGN (0x4)
                0x200007d8                __data_end__ = .

.igot.plt       0x200007d8        0x0 load address 0x0000a868
 .igot.plt      0x200007d8        0x0 c:/users/natar/onedrive/documents/venkiworkspace/10 2021.10/bin/../lib/gcc/arm-none-eabi/10.3.1/thumb/v6-m/nofp/crtbegin.o

.bss            0x200007d8      0xda4 load address 0x0000a868
                0x200007d8                . = ALIGN (0x4)
                0x200007d8                __bss_start__ = .
 *(.bss*)
 .bss           0x200007d8       0x1c c:/users/natar/onedrive/documents/venkiworkspace/10 2021.10/bin/../lib/gcc/arm-none-eabi/10.3.1/thumb/v6-m/nofp/crtbegin.o
 .bss.extBatt_V
                0x200007f4        0x4 ./User/ADC.o
                0x200007f4                extBatt_V
 .bss.g_u32AdcIntFlag
                0x200007f8        0x4 ./User/ADC.o
                0x200007f8                g_u32AdcIntFlag
 .bss.intBatt_V
                0x200007fc        0x4 ./User/ADC.o
                0x200007fc                intBatt_V
 .bss.SW_ver    0x20000800       0x14 ./User/config.o
                0x20000800                SW_ver
 .bss.SlNo      0x20000814       0x14 ./User/config.o
                0x20000814                SlNo
 .bss.bpoff     0x20000828       0x14 ./User/config.o
                0x20000828                bpoff
 .bss.cmdLen    0x2000083c        0x2 ./User/config.o
                0x2000083c                cmdLen
 *fill*         0x2000083e        0x2 
 .bss.cmdReadBk
                0x20000840      0x1f4 ./User/config.o
                0x20000840                cmdReadBk
 .bss.command   0x20000a34      0x1f4 ./User/config.o
                0x20000a34                command
 .bss.dataWr    0x20000c28        0x1 ./User/config.o
                0x20000c28                dataWr
 *fill*         0x20000c29        0x3 
 .bss.dom       0x20000c2c       0x14 ./User/config.o
                0x20000c2c                dom
 .bss.expDataIn
                0x20000c40        0x1 ./User/config.o
                0x20000c40                expDataIn
 *fill*         0x20000c41        0x3 
 .bss.tVarEnd   0x20000c44        0x4 ./User/config.o
                0x20000c44                tVarEnd
 .bss.tVarStart
                0x20000c48        0x4 ./User/config.o
                0x20000c48                tVarStart
 .bss.tempAddr  0x20000c4c        0x4 ./User/config.o
                0x20000c4c                tempAddr
 .bss.testURL_2
                0x20000c50       0x32 ./User/config.o
                0x20000c50                testURL_2
 *fill*         0x20000c82        0x2 
 .bss.u32RData  0x20000c84        0x4 ./User/config.o
                0x20000c84                u32RData
 .bss.x         0x20000c88        0x2 ./User/config.o
                0x20000c88                x
 *fill*         0x20000c8a        0x2 
 .bss.BATTERY   0x20000c8c       0x14 ./User/main.o
                0x20000c8c                BATTERY
 .bss.BEEPON    0x20000ca0        0x1 ./User/main.o
                0x20000ca0                BEEPON
 *fill*         0x20000ca1        0x3 
 .bss.GPS_data  0x20000ca4       0x64 ./User/main.o
                0x20000ca4                GPS_data
 .bss.IMEI      0x20000d08       0x14 ./User/main.o
                0x20000d08                IMEI
 .bss.LAT_min   0x20000d1c        0xa ./User/main.o
                0x20000d1c                LAT_min
 *fill*         0x20000d26        0x2 
 .bss.LAT_min_cov
                0x20000d28        0xa ./User/main.o
                0x20000d28                LAT_min_cov
 *fill*         0x20000d32        0x2 
 .bss.LAT_min_l
                0x20000d34        0x4 ./User/main.o
                0x20000d34                LAT_min_l
 .bss.LONG_min  0x20000d38        0xa ./User/main.o
                0x20000d38                LONG_min
 *fill*         0x20000d42        0x2 
 .bss.LONG_min_cov
                0x20000d44        0xa ./User/main.o
                0x20000d44                LONG_min_cov
 *fill*         0x20000d4e        0x2 
 .bss.LONG_min_l
                0x20000d50        0x4 ./User/main.o
                0x20000d50                LONG_min_l
 .bss.LStat     0x20000d54        0x1 ./User/main.o
                0x20000d54                LStat
 *fill*         0x20000d55        0x3 
 .bss.Sped      0x20000d58        0x3 ./User/main.o
                0x20000d58                Sped
 *fill*         0x20000d5b        0x1 
 .bss.Speed     0x20000d5c        0x4 ./User/main.o
                0x20000d5c                Speed
 .bss.UART0_RX_BUF
                0x20000d60       0xfa ./User/main.o
                0x20000d60                UART0_RX_BUF
 *fill*         0x20000e5a        0x2 
 .bss.UART1_RX_BUF
                0x20000e5c       0xfa ./User/main.o
                0x20000e5c                UART1_RX_BUF
 *fill*         0x20000f56        0x2 
 .bss.UART2_RX_BUF
                0x20000f58      0x1f4 ./User/main.o
                0x20000f58                UART2_RX_BUF
 .bss.average   0x2000114c        0x4 ./User/main.o
                0x2000114c                average
 .bss.batery    0x20001150        0x1 ./User/main.o
                0x20001150                batery
 *fill*         0x20001151        0x3 
 .bss.battery   0x20001154       0x28 ./User/main.o
                0x20001154                battery
 .bss.beepCounter
                0x2000117c        0x2 ./User/main.o
                0x2000117c                beepCounter
 *fill*         0x2000117e        0x2 
 .bss.beepDelay
                0x20001180        0x4 ./User/main.o
                0x20001180                beepDelay
 .bss.beepOffTime
                0x20001184        0x2 ./User/main.o
                0x20001184                beepOffTime
 .bss.beepOn    0x20001186        0x1 ./User/main.o
                0x20001186                beepOn
 *fill*         0x20001187        0x1 
 .bss.beepOnTime
                0x20001188        0x2 ./User/main.o
                0x20001188                beepOnTime
 .bss.beepn     0x2000118a        0x1 ./User/main.o
                0x2000118a                beepn
 *fill*         0x2000118b        0x1 
 .bss.bpon      0x2000118c       0x14 ./User/main.o
                0x2000118c                bpon
 .bss.charge    0x200011a0        0x4 ./User/main.o
                0x200011a0                charge
 .bss.cog       0x200011a4        0x4 ./User/main.o
                0x200011a4                cog
 .bss.coil_1    0x200011a8        0x1 ./User/main.o
                0x200011a8                coil_1
 .bss.coil_2    0x200011a9        0x1 ./User/main.o
                0x200011a9                coil_2
 *fill*         0x200011aa        0x2 
 .bss.comand    0x200011ac        0x1 ./User/main.o
                0x200011ac                comand
 .bss.configMod
                0x200011ad        0x1 ./User/main.o
                0x200011ad                configMod
 .bss.configMode
                0x200011ae        0x1 ./User/main.o
                0x200011ae                configMode
 .bss.count_0   0x200011af        0x1 ./User/main.o
                0x200011af                count_0
 .bss.count_1   0x200011b0        0x1 ./User/main.o
                0x200011b0                count_1
 *fill*         0x200011b1        0x1 
 .bss.count_2   0x200011b2        0x2 ./User/main.o
                0x200011b2                count_2
 .bss.counter   0x200011b4        0x4 ./User/main.o
                0x200011b4                counter
 .bss.countloop
                0x200011b8        0x1 ./User/main.o
                0x200011b8                countloop
 .bss.dataUpdateReady
                0x200011b9        0x1 ./User/main.o
                0x200011b9                dataUpdateReady
 *fill*         0x200011ba        0x2 
 .bss.date      0x200011bc        0x4 ./User/main.o
                0x200011bc                date
 .bss.delayTempCount
                0x200011c0        0x4 ./User/main.o
                0x200011c0                delayTempCount
 .bss.devID     0x200011c4       0x14 ./User/main.o
                0x200011c4                devID
 .bss.deviceStatus
                0x200011d8        0x1 ./User/main.o
                0x200011d8                deviceStatus
 *fill*         0x200011d9        0x3 
 .bss.differance
                0x200011dc        0x4 ./User/main.o
                0x200011dc                differance
 .bss.ew        0x200011e0        0x4 ./User/main.o
                0x200011e0                ew
 .bss.extBattV_conv
                0x200011e4        0x4 ./User/main.o
                0x200011e4                extBattV_conv
 .bss.extBatt_Data
                0x200011e8       0x32 ./User/main.o
                0x200011e8                extBatt_Data
 *fill*         0x2000121a        0x2 
 .bss.fixed     0x2000121c        0x4 ./User/main.o
                0x2000121c                fixed
 .bss.fullStop  0x20001220        0x1 ./User/main.o
                0x20001220                fullStop
 *fill*         0x20001221        0x3 
 .bss.g_au32TMRINTCount
                0x20001224       0x10 ./User/main.o
                0x20001224                g_au32TMRINTCount
 .bss.gpsDateData
                0x20001234       0x32 ./User/main.o
                0x20001234                gpsDateData
 .bss.gpsDebugData
                0x20001266        0x1 ./User/main.o
                0x20001266                gpsDebugData
 *fill*         0x20001267        0x1 
 .bss.gpsLatitudeData
                0x20001268       0x32 ./User/main.o
                0x20001268                gpsLatitudeData
 *fill*         0x2000129a        0x2 
 .bss.gpsLongitudeData
                0x2000129c       0x32 ./User/main.o
                0x2000129c                gpsLongitudeData
 *fill*         0x200012ce        0x2 
 .bss.gpsSpeedData
                0x200012d0       0x32 ./User/main.o
                0x200012d0                gpsSpeedData
 *fill*         0x20001302        0x2 
 .bss.gpsStatus
                0x20001304        0x4 ./User/main.o
                0x20001304                gpsStatus
 .bss.gpsTimeData
                0x20001308       0x32 ./User/main.o
                0x20001308                gpsTimeData
 *fill*         0x2000133a        0x2 
 .bss.hem       0x2000133c        0x4 ./User/main.o
                0x2000133c                hem
 .bss.i         0x20001340        0x1 ./User/main.o
                0x20001340                i
 *fill*         0x20001341        0x3 
 .bss.intBattV_conv
                0x20001344        0x4 ./User/main.o
                0x20001344                intBattV_conv
 .bss.intBatt_Data
                0x20001348       0x32 ./User/main.o
                0x20001348                intBatt_Data
 *fill*         0x2000137a        0x2 
 .bss.knot      0x2000137c        0x4 ./User/main.o
                0x2000137c                knot
 .bss.knotspeed
                0x20001380        0x1 ./User/main.o
                0x20001380                knotspeed
 *fill*         0x20001381        0x3 
 .bss.lat_deg   0x20001384        0x2 ./User/main.o
                0x20001384                lat_deg
 *fill*         0x20001386        0x2 
 .bss.lat_dege  0x20001388        0x4 ./User/main.o
                0x20001388                lat_dege
 .bss.lat_min   0x2000138c        0x2 ./User/main.o
                0x2000138c                lat_min
 *fill*         0x2000138e        0x2 
 .bss.lat_sec   0x20001390        0x5 ./User/main.o
                0x20001390                lat_sec
 *fill*         0x20001395        0x3 
 .bss.latitude  0x20001398        0x4 ./User/main.o
                0x20001398                latitude
 .bss.light     0x2000139c        0x1 ./User/main.o
                0x2000139c                light
 .bss.lockHist  0x2000139d        0x1 ./User/main.o
                0x2000139d                lockHist
 .bss.lockTest  0x2000139e        0x1 ./User/main.o
                0x2000139e                lockTest
 *fill*         0x2000139f        0x1 
 .bss.long_deg  0x200013a0        0x3 ./User/main.o
                0x200013a0                long_deg
 *fill*         0x200013a3        0x1 
 .bss.long_dege
                0x200013a4        0x4 ./User/main.o
                0x200013a4                long_dege
 .bss.long_min  0x200013a8        0x3 ./User/main.o
                0x200013a8                long_min
 *fill*         0x200013ab        0x1 
 .bss.long_sec  0x200013ac        0x5 ./User/main.o
                0x200013ac                long_sec
 *fill*         0x200013b1        0x3 
 .bss.longitude
                0x200013b4        0x4 ./User/main.o
                0x200013b4                longitude
 .bss.loopCount
                0x200013b8        0x1 ./User/main.o
                0x200013b8                loopCount
 *fill*         0x200013b9        0x1 
 .bss.loopCounter
                0x200013ba        0x2 ./User/main.o
                0x200013ba                loopCounter
 .bss.loopDelay
                0x200013bc        0x1 ./User/main.o
                0x200013bc                loopDelay
 *fill*         0x200013bd        0x3 
 .bss.loopStr   0x200013c0        0xa ./User/main.o
                0x200013c0                loopStr
 *fill*         0x200013ca        0x2 
 .bss.lowbatt   0x200013cc        0x4 ./User/main.o
                0x200013cc                lowbatt
 .bss.mess_battv
                0x200013d0        0x4 ./User/main.o
                0x200013d0                mess_battv
 .bss.minLat    0x200013d4        0x2 ./User/main.o
                0x200013d4                minLat
 *fill*         0x200013d6        0x2 
 .bss.minLong   0x200013d8        0x2 ./User/main.o
                0x200013d8                minLong
 *fill*         0x200013da        0x2 
 .bss.minutes   0x200013dc        0x4 ./User/main.o
                0x200013dc                minutes
 .bss.mv        0x200013e0        0x4 ./User/main.o
                0x200013e0                mv
 .bss.newGpsData
                0x200013e4        0x1 ./User/main.o
                0x200013e4                newGpsData
 .bss.newWord_0
                0x200013e5        0x1 ./User/main.o
                0x200013e5                newWord_0
 .bss.newWord_1
                0x200013e6        0x1 ./User/main.o
                0x200013e6                newWord_1
 .bss.newWord_2
                0x200013e7        0x1 ./User/main.o
                0x200013e7                newWord_2
 .bss.noOfBeeps
                0x200013e8        0x2 ./User/main.o
                0x200013e8                noOfBeeps
 *fill*         0x200013ea        0x2 
 .bss.peakbatt  0x200013ec        0x4 ./User/main.o
                0x200013ec                peakbatt
 .bss.percent   0x200013f0        0x1 ./User/main.o
                0x200013f0                percent
 .bss.percentag
                0x200013f1        0x1 ./User/main.o
                0x200013f1                percentag
 .bss.percentage
                0x200013f2        0x1 ./User/main.o
                0x200013f2                percentage
 .bss.readIMEI  0x200013f3        0x1 ./User/main.o
                0x200013f3                readIMEI
 .bss.rtc       0x200013f4        0x4 ./User/main.o
                0x200013f4                rtc
 .bss.secLatL   0x200013f8        0x4 ./User/main.o
                0x200013f8                secLatL
 .bss.secLatLStr
                0x200013fc        0x5 ./User/main.o
                0x200013fc                secLatLStr
 *fill*         0x20001401        0x3 
 .bss.secLatU   0x20001404        0x4 ./User/main.o
                0x20001404                secLatU
 .bss.secLatUStr
                0x20001408        0x2 ./User/main.o
                0x20001408                secLatUStr
 *fill*         0x2000140a        0x2 
 .bss.secLongL  0x2000140c        0x4 ./User/main.o
                0x2000140c                secLongL
 .bss.secLongLStr
                0x20001410        0x5 ./User/main.o
                0x20001410                secLongLStr
 *fill*         0x20001415        0x3 
 .bss.secLongU  0x20001418        0x4 ./User/main.o
                0x20001418                secLongU
 .bss.secLongUStr
                0x2000141c        0x2 ./User/main.o
                0x2000141c                secLongUStr
 *fill*         0x2000141e        0x2 
 .bss.seconds   0x20001420        0x4 ./User/main.o
                0x20001420                seconds
 .bss.secondsLong
                0x20001424        0x4 ./User/main.o
                0x20001424                secondsLong
 .bss.stepCount
                0x20001428        0x1 ./User/main.o
                0x20001428                stepCount
 *fill*         0x20001429        0x3 
 .bss.str       0x2000142c        0x3 ./User/main.o
                0x2000142c                str
 *fill*         0x2000142f        0x1 
 .bss.tEndofRMC
                0x20001430        0x4 ./User/main.o
                0x20001430                tEndofRMC
 .bss.tGRMC     0x20001434        0x4 ./User/main.o
                0x20001434                tGRMC
 .bss.testURL   0x20001438       0xfa ./User/main.o
                0x20001438                testURL
 .bss.timeOut   0x20001532        0x1 ./User/main.o
                0x20001532                timeOut
 .bss.tloopCount
                0x20001533        0x1 ./User/main.o
                0x20001533                tloopCount
 .bss.webURL    0x20001534       0x32 ./User/main.o
                0x20001534                webURL
 *fill*         0x20001566        0x2 
 .bss.errno     0x20001568        0x4 ./CMSIS/GCC/_syscalls.o
                0x20001568                errno
 .bss.__lock___malloc_recursive_mutex
                0x2000156c        0x1 c:/users/natar/onedrive/documents/venkiworkspace/10 2021.10/bin/../lib/gcc/arm-none-eabi/10.3.1/../../../../arm-none-eabi/lib/thumb/v6-m/nofp\libg_nano.a(lib_a-lock.o)
                0x2000156c                __lock___malloc_recursive_mutex
 .bss.__lock___sfp_recursive_mutex
                0x2000156d        0x1 c:/users/natar/onedrive/documents/venkiworkspace/10 2021.10/bin/../lib/gcc/arm-none-eabi/10.3.1/../../../../arm-none-eabi/lib/thumb/v6-m/nofp\libg_nano.a(lib_a-lock.o)
                0x2000156d                __lock___sfp_recursive_mutex
 .bss.__lock___sinit_recursive_mutex
                0x2000156e        0x1 c:/users/natar/onedrive/documents/venkiworkspace/10 2021.10/bin/../lib/gcc/arm-none-eabi/10.3.1/../../../../arm-none-eabi/lib/thumb/v6-m/nofp\libg_nano.a(lib_a-lock.o)
                0x2000156e                __lock___sinit_recursive_mutex
 *fill*         0x2000156f        0x1 
 .bss.__malloc_free_list
                0x20001570        0x4 c:/users/natar/onedrive/documents/venkiworkspace/10 2021.10/bin/../lib/gcc/arm-none-eabi/10.3.1/../../../../arm-none-eabi/lib/thumb/v6-m/nofp\libg_nano.a(lib_a-nano-mallocr.o)
                0x20001570                __malloc_free_list
 .bss.__malloc_sbrk_start
                0x20001574        0x4 c:/users/natar/onedrive/documents/venkiworkspace/10 2021.10/bin/../lib/gcc/arm-none-eabi/10.3.1/../../../../arm-none-eabi/lib/thumb/v6-m/nofp\libg_nano.a(lib_a-nano-mallocr.o)
                0x20001574                __malloc_sbrk_start
 .bss.heap_end.0
                0x20001578        0x4 c:/users/natar/onedrive/documents/venkiworkspace/10 2021.10/bin/../lib/gcc/arm-none-eabi/10.3.1/../../../../arm-none-eabi/lib/thumb/v6-m/nofp\libnosys.a(sbrk.o)
 *(COMMON)
                0x2000157c                . = ALIGN (0x4)
                0x2000157c                __bss_end__ = .

.heap           0x20001580      0x100
                0x20001580                __HeapBase = .
                0x20001580                __end__ = .
                0x20001580                end = __end__
 *(.heap*)
 .heap          0x20001580      0x100 ./CMSIS/GCC/startup_M0564.o
                0x20001680                __HeapLimit = .

.stack_dummy    0x20001580      0x400
 *(.stack*)
 .stack         0x20001580      0x400 ./CMSIS/GCC/startup_M0564.o
                0x20005000                __StackTop = (ORIGIN (RAM) + LENGTH (RAM))
                0x20004c00                __StackLimit = (__StackTop - SIZEOF (.stack_dummy))
                0x20005000                PROVIDE (__stack = __StackTop)
                0x00000001                ASSERT ((__StackLimit >= __HeapLimit), region RAM overflowed with stack)
OUTPUT(A7670C.elf elf32-littlearm)
LOAD linker stubs

.ARM.attributes
                0x00000000       0x28
 .ARM.attributes
                0x00000000       0x1e c:/users/natar/onedrive/documents/venkiworkspace/10 2021.10/bin/../lib/gcc/arm-none-eabi/10.3.1/thumb/v6-m/nofp/crti.o
 .ARM.attributes
                0x0000001e       0x2c c:/users/natar/onedrive/documents/venkiworkspace/10 2021.10/bin/../lib/gcc/arm-none-eabi/10.3.1/thumb/v6-m/nofp/crtbegin.o
 .ARM.attributes
                0x0000004a       0x1b c:/users/natar/onedrive/documents/venkiworkspace/10 2021.10/bin/../lib/gcc/arm-none-eabi/10.3.1/../../../../arm-none-eabi/lib/thumb/v6-m/nofp/crt0.o
 .ARM.attributes
                0x00000065       0x2c ./User/ADC.o
 .ARM.attributes
                0x00000091       0x2c ./User/config.o
 .ARM.attributes
                0x000000bd       0x2c ./User/gpio.o
 .ARM.attributes
                0x000000e9       0x2c ./User/main.o
 .ARM.attributes
                0x00000115       0x2c ./Library/StdDriver/timer.o
 .ARM.attributes
                0x00000141       0x2c ./Library/adc.o
 .ARM.attributes
                0x0000016d       0x2c ./Library/clk.o
 .ARM.attributes
                0x00000199       0x2c ./Library/retarget.o
 .ARM.attributes
                0x000001c5       0x2c ./Library/uart.o
 .ARM.attributes
                0x000001f1       0x2c ./CMSIS/GCC/_syscalls.o
 .ARM.attributes
                0x0000021d       0x1b ./CMSIS/GCC/startup_M0564.o
 .ARM.attributes
                0x00000238       0x2c ./CMSIS/system_M0564.o
 .ARM.attributes
                0x00000264       0x1e c:/users/natar/onedrive/documents/venkiworkspace/10 2021.10/bin/../lib/gcc/arm-none-eabi/10.3.1/thumb/v6-m/nofp\libgcc.a(_udivsi3.o)
 .ARM.attributes
                0x00000282       0x1e c:/users/natar/onedrive/documents/venkiworkspace/10 2021.10/bin/../lib/gcc/arm-none-eabi/10.3.1/thumb/v6-m/nofp\libgcc.a(_divsi3.o)
 .ARM.attributes
                0x000002a0       0x1e c:/users/natar/onedrive/documents/venkiworkspace/10 2021.10/bin/../lib/gcc/arm-none-eabi/10.3.1/thumb/v6-m/nofp\libgcc.a(_dvmd_tls.o)
 .ARM.attributes
                0x000002be       0x2c c:/users/natar/onedrive/documents/venkiworkspace/10 2021.10/bin/../lib/gcc/arm-none-eabi/10.3.1/thumb/v6-m/nofp\libgcc.a(_fixunssfsi.o)
 .ARM.attributes
                0x000002ea       0x2c c:/users/natar/onedrive/documents/venkiworkspace/10 2021.10/bin/../lib/gcc/arm-none-eabi/10.3.1/thumb/v6-m/nofp\libgcc.a(divsf3.o)
 .ARM.attributes
                0x00000316       0x2c c:/users/natar/onedrive/documents/venkiworkspace/10 2021.10/bin/../lib/gcc/arm-none-eabi/10.3.1/thumb/v6-m/nofp\libgcc.a(mulsf3.o)
 .ARM.attributes
                0x00000342       0x2c c:/users/natar/onedrive/documents/venkiworkspace/10 2021.10/bin/../lib/gcc/arm-none-eabi/10.3.1/thumb/v6-m/nofp\libgcc.a(subsf3.o)
 .ARM.attributes
                0x0000036e       0x2c c:/users/natar/onedrive/documents/venkiworkspace/10 2021.10/bin/../lib/gcc/arm-none-eabi/10.3.1/thumb/v6-m/nofp\libgcc.a(fixsfsi.o)
 .ARM.attributes
                0x0000039a       0x2c c:/users/natar/onedrive/documents/venkiworkspace/10 2021.10/bin/../lib/gcc/arm-none-eabi/10.3.1/thumb/v6-m/nofp\libgcc.a(floatsisf.o)
 .ARM.attributes
                0x000003c6       0x2c c:/users/natar/onedrive/documents/venkiworkspace/10 2021.10/bin/../lib/gcc/arm-none-eabi/10.3.1/thumb/v6-m/nofp\libgcc.a(floatunsisf.o)
 .ARM.attributes
                0x000003f2       0x2c c:/users/natar/onedrive/documents/venkiworkspace/10 2021.10/bin/../lib/gcc/arm-none-eabi/10.3.1/thumb/v6-m/nofp\libgcc.a(muldf3.o)
 .ARM.attributes
                0x0000041e       0x2c c:/users/natar/onedrive/documents/venkiworkspace/10 2021.10/bin/../lib/gcc/arm-none-eabi/10.3.1/thumb/v6-m/nofp\libgcc.a(floatsidf.o)
 .ARM.attributes
                0x0000044a       0x2c c:/users/natar/onedrive/documents/venkiworkspace/10 2021.10/bin/../lib/gcc/arm-none-eabi/10.3.1/thumb/v6-m/nofp\libgcc.a(extendsfdf2.o)
 .ARM.attributes
                0x00000476       0x2c c:/users/natar/onedrive/documents/venkiworkspace/10 2021.10/bin/../lib/gcc/arm-none-eabi/10.3.1/thumb/v6-m/nofp\libgcc.a(truncdfsf2.o)
 .ARM.attributes
                0x000004a2       0x1e c:/users/natar/onedrive/documents/venkiworkspace/10 2021.10/bin/../lib/gcc/arm-none-eabi/10.3.1/thumb/v6-m/nofp\libgcc.a(_arm_cmpsf2.o)
 .ARM.attributes
                0x000004c0       0x1e c:/users/natar/onedrive/documents/venkiworkspace/10 2021.10/bin/../lib/gcc/arm-none-eabi/10.3.1/thumb/v6-m/nofp\libgcc.a(_clzsi2.o)
 .ARM.attributes
                0x000004de       0x2c c:/users/natar/onedrive/documents/venkiworkspace/10 2021.10/bin/../lib/gcc/arm-none-eabi/10.3.1/thumb/v6-m/nofp\libgcc.a(eqsf2.o)
 .ARM.attributes
                0x0000050a       0x2c c:/users/natar/onedrive/documents/venkiworkspace/10 2021.10/bin/../lib/gcc/arm-none-eabi/10.3.1/thumb/v6-m/nofp\libgcc.a(gesf2.o)
 .ARM.attributes
                0x00000536       0x2c c:/users/natar/onedrive/documents/venkiworkspace/10 2021.10/bin/../lib/gcc/arm-none-eabi/10.3.1/thumb/v6-m/nofp\libgcc.a(lesf2.o)
 .ARM.attributes
                0x00000562       0x2c c:/users/natar/onedrive/documents/venkiworkspace/10 2021.10/bin/../lib/gcc/arm-none-eabi/10.3.1/../../../../arm-none-eabi/lib/thumb/v6-m/nofp\libg_nano.a(lib_a-atoi.o)
 .ARM.attributes
                0x0000058e       0x2c c:/users/natar/onedrive/documents/venkiworkspace/10 2021.10/bin/../lib/gcc/arm-none-eabi/10.3.1/../../../../arm-none-eabi/lib/thumb/v6-m/nofp\libg_nano.a(lib_a-errno.o)
 .ARM.attributes
                0x000005ba       0x2c c:/users/natar/onedrive/documents/venkiworkspace/10 2021.10/bin/../lib/gcc/arm-none-eabi/10.3.1/../../../../arm-none-eabi/lib/thumb/v6-m/nofp\libg_nano.a(lib_a-exit.o)
 .ARM.attributes
                0x000005e6       0x2c c:/users/natar/onedrive/documents/venkiworkspace/10 2021.10/bin/../lib/gcc/arm-none-eabi/10.3.1/../../../../arm-none-eabi/lib/thumb/v6-m/nofp\libg_nano.a(lib_a-impure.o)
 .ARM.attributes
                0x00000612       0x2c c:/users/natar/onedrive/documents/venkiworkspace/10 2021.10/bin/../lib/gcc/arm-none-eabi/10.3.1/../../../../arm-none-eabi/lib/thumb/v6-m/nofp\libg_nano.a(lib_a-init.o)
 .ARM.attributes
                0x0000063e       0x2c c:/users/natar/onedrive/documents/venkiworkspace/10 2021.10/bin/../lib/gcc/arm-none-eabi/10.3.1/../../../../arm-none-eabi/lib/thumb/v6-m/nofp\libg_nano.a(lib_a-itoa.o)
 .ARM.attributes
                0x0000066a       0x2c c:/users/natar/onedrive/documents/venkiworkspace/10 2021.10/bin/../lib/gcc/arm-none-eabi/10.3.1/../../../../arm-none-eabi/lib/thumb/v6-m/nofp\libg_nano.a(lib_a-memcpy-stub.o)
 .ARM.attributes
                0x00000696       0x2c c:/users/natar/onedrive/documents/venkiworkspace/10 2021.10/bin/../lib/gcc/arm-none-eabi/10.3.1/../../../../arm-none-eabi/lib/thumb/v6-m/nofp\libg_nano.a(lib_a-memset.o)
 .ARM.attributes
                0x000006c2       0x2c c:/users/natar/onedrive/documents/venkiworkspace/10 2021.10/bin/../lib/gcc/arm-none-eabi/10.3.1/../../../../arm-none-eabi/lib/thumb/v6-m/nofp\libg_nano.a(lib_a-printf.o)
 .ARM.attributes
                0x000006ee       0x2c c:/users/natar/onedrive/documents/venkiworkspace/10 2021.10/bin/../lib/gcc/arm-none-eabi/10.3.1/../../../../arm-none-eabi/lib/thumb/v6-m/nofp\libg_nano.a(lib_a-puts.o)
 .ARM.attributes
                0x0000071a       0x2c c:/users/natar/onedrive/documents/venkiworkspace/10 2021.10/bin/../lib/gcc/arm-none-eabi/10.3.1/../../../../arm-none-eabi/lib/thumb/v6-m/nofp\libg_nano.a(lib_a-strcat.o)
 .ARM.attributes
                0x00000746       0x2c c:/users/natar/onedrive/documents/venkiworkspace/10 2021.10/bin/../lib/gcc/arm-none-eabi/10.3.1/../../../../arm-none-eabi/lib/thumb/v6-m/nofp\libg_nano.a(lib_a-strchr.o)
 .ARM.attributes
                0x00000772       0x2c c:/users/natar/onedrive/documents/venkiworkspace/10 2021.10/bin/../lib/gcc/arm-none-eabi/10.3.1/../../../../arm-none-eabi/lib/thumb/v6-m/nofp\libg_nano.a(lib_a-strcpy.o)
 .ARM.attributes
                0x0000079e       0x1c c:/users/natar/onedrive/documents/venkiworkspace/10 2021.10/bin/../lib/gcc/arm-none-eabi/10.3.1/../../../../arm-none-eabi/lib/thumb/v6-m/nofp\libg_nano.a(lib_a-strlen.o)
 .ARM.attributes
                0x000007ba       0x2c c:/users/natar/onedrive/documents/venkiworkspace/10 2021.10/bin/../lib/gcc/arm-none-eabi/10.3.1/../../../../arm-none-eabi/lib/thumb/v6-m/nofp\libg_nano.a(lib_a-strncpy.o)
 .ARM.attributes
                0x000007e6       0x2c c:/users/natar/onedrive/documents/venkiworkspace/10 2021.10/bin/../lib/gcc/arm-none-eabi/10.3.1/../../../../arm-none-eabi/lib/thumb/v6-m/nofp\libg_nano.a(lib_a-strstr.o)
 .ARM.attributes
                0x00000812       0x2c c:/users/natar/onedrive/documents/venkiworkspace/10 2021.10/bin/../lib/gcc/arm-none-eabi/10.3.1/../../../../arm-none-eabi/lib/thumb/v6-m/nofp\libg_nano.a(lib_a-strtol.o)
 .ARM.attributes
                0x0000083e       0x2c c:/users/natar/onedrive/documents/venkiworkspace/10 2021.10/bin/../lib/gcc/arm-none-eabi/10.3.1/../../../../arm-none-eabi/lib/thumb/v6-m/nofp\libg_nano.a(lib_a-utoa.o)
 .ARM.attributes
                0x0000086a       0x2c c:/users/natar/onedrive/documents/venkiworkspace/10 2021.10/bin/../lib/gcc/arm-none-eabi/10.3.1/../../../../arm-none-eabi/lib/thumb/v6-m/nofp\libg_nano.a(lib_a-wbuf.o)
 .ARM.attributes
                0x00000896       0x2c c:/users/natar/onedrive/documents/venkiworkspace/10 2021.10/bin/../lib/gcc/arm-none-eabi/10.3.1/../../../../arm-none-eabi/lib/thumb/v6-m/nofp\libg_nano.a(lib_a-wsetup.o)
 .ARM.attributes
                0x000008c2       0x2c c:/users/natar/onedrive/documents/venkiworkspace/10 2021.10/bin/../lib/gcc/arm-none-eabi/10.3.1/../../../../arm-none-eabi/lib/thumb/v6-m/nofp\libg_nano.a(lib_a-ctype_.o)
 .ARM.attributes
                0x000008ee       0x2c c:/users/natar/onedrive/documents/venkiworkspace/10 2021.10/bin/../lib/gcc/arm-none-eabi/10.3.1/../../../../arm-none-eabi/lib/thumb/v6-m/nofp\libg_nano.a(lib_a-fflush.o)
 .ARM.attributes
                0x0000091a       0x2c c:/users/natar/onedrive/documents/venkiworkspace/10 2021.10/bin/../lib/gcc/arm-none-eabi/10.3.1/../../../../arm-none-eabi/lib/thumb/v6-m/nofp\libg_nano.a(lib_a-findfp.o)
 .ARM.attributes
                0x00000946       0x2c c:/users/natar/onedrive/documents/venkiworkspace/10 2021.10/bin/../lib/gcc/arm-none-eabi/10.3.1/../../../../arm-none-eabi/lib/thumb/v6-m/nofp\libg_nano.a(lib_a-fwalk.o)
 .ARM.attributes
                0x00000972       0x2c c:/users/natar/onedrive/documents/venkiworkspace/10 2021.10/bin/../lib/gcc/arm-none-eabi/10.3.1/../../../../arm-none-eabi/lib/thumb/v6-m/nofp\libg_nano.a(lib_a-lock.o)
 .ARM.attributes
                0x0000099e       0x2c c:/users/natar/onedrive/documents/venkiworkspace/10 2021.10/bin/../lib/gcc/arm-none-eabi/10.3.1/../../../../arm-none-eabi/lib/thumb/v6-m/nofp\libg_nano.a(lib_a-makebuf.o)
 .ARM.attributes
                0x000009ca       0x2c c:/users/natar/onedrive/documents/venkiworkspace/10 2021.10/bin/../lib/gcc/arm-none-eabi/10.3.1/../../../../arm-none-eabi/lib/thumb/v6-m/nofp\libg_nano.a(lib_a-nano-freer.o)
 .ARM.attributes
                0x000009f6       0x2c c:/users/natar/onedrive/documents/venkiworkspace/10 2021.10/bin/../lib/gcc/arm-none-eabi/10.3.1/../../../../arm-none-eabi/lib/thumb/v6-m/nofp\libg_nano.a(lib_a-nano-mallocr.o)
 .ARM.attributes
                0x00000a22       0x2c c:/users/natar/onedrive/documents/venkiworkspace/10 2021.10/bin/../lib/gcc/arm-none-eabi/10.3.1/../../../../arm-none-eabi/lib/thumb/v6-m/nofp\libg_nano.a(lib_a-nano-vfprintf.o)
 .ARM.attributes
                0x00000a4e       0x2c c:/users/natar/onedrive/documents/venkiworkspace/10 2021.10/bin/../lib/gcc/arm-none-eabi/10.3.1/../../../../arm-none-eabi/lib/thumb/v6-m/nofp\libg_nano.a(lib_a-nano-vfprintf_i.o)
 .ARM.attributes
                0x00000a7a       0x2c c:/users/natar/onedrive/documents/venkiworkspace/10 2021.10/bin/../lib/gcc/arm-none-eabi/10.3.1/../../../../arm-none-eabi/lib/thumb/v6-m/nofp\libg_nano.a(lib_a-sbrkr.o)
 .ARM.attributes
                0x00000aa6       0x2c c:/users/natar/onedrive/documents/venkiworkspace/10 2021.10/bin/../lib/gcc/arm-none-eabi/10.3.1/../../../../arm-none-eabi/lib/thumb/v6-m/nofp\libg_nano.a(lib_a-stdio.o)
 .ARM.attributes
                0x00000ad2       0x2c c:/users/natar/onedrive/documents/venkiworkspace/10 2021.10/bin/../lib/gcc/arm-none-eabi/10.3.1/../../../../arm-none-eabi/lib/thumb/v6-m/nofp\libg_nano.a(lib_a-writer.o)
 .ARM.attributes
                0x00000afe       0x2c c:/users/natar/onedrive/documents/venkiworkspace/10 2021.10/bin/../lib/gcc/arm-none-eabi/10.3.1/../../../../arm-none-eabi/lib/thumb/v6-m/nofp\libg_nano.a(lib_a-closer.o)
 .ARM.attributes
                0x00000b2a       0x2c c:/users/natar/onedrive/documents/venkiworkspace/10 2021.10/bin/../lib/gcc/arm-none-eabi/10.3.1/../../../../arm-none-eabi/lib/thumb/v6-m/nofp\libg_nano.a(lib_a-fstatr.o)
 .ARM.attributes
                0x00000b56       0x2c c:/users/natar/onedrive/documents/venkiworkspace/10 2021.10/bin/../lib/gcc/arm-none-eabi/10.3.1/../../../../arm-none-eabi/lib/thumb/v6-m/nofp\libg_nano.a(lib_a-isattyr.o)
 .ARM.attributes
                0x00000b82       0x2c c:/users/natar/onedrive/documents/venkiworkspace/10 2021.10/bin/../lib/gcc/arm-none-eabi/10.3.1/../../../../arm-none-eabi/lib/thumb/v6-m/nofp\libg_nano.a(lib_a-lseekr.o)
 .ARM.attributes
                0x00000bae       0x2c c:/users/natar/onedrive/documents/venkiworkspace/10 2021.10/bin/../lib/gcc/arm-none-eabi/10.3.1/../../../../arm-none-eabi/lib/thumb/v6-m/nofp\libg_nano.a(lib_a-memchr-stub.o)
 .ARM.attributes
                0x00000bda       0x2c c:/users/natar/onedrive/documents/venkiworkspace/10 2021.10/bin/../lib/gcc/arm-none-eabi/10.3.1/../../../../arm-none-eabi/lib/thumb/v6-m/nofp\libg_nano.a(lib_a-mlock.o)
 .ARM.attributes
                0x00000c06       0x2c c:/users/natar/onedrive/documents/venkiworkspace/10 2021.10/bin/../lib/gcc/arm-none-eabi/10.3.1/../../../../arm-none-eabi/lib/thumb/v6-m/nofp\libg_nano.a(lib_a-readr.o)
 .ARM.attributes
                0x00000c32       0x1e c:/users/natar/onedrive/documents/venkiworkspace/10 2021.10/bin/../lib/gcc/arm-none-eabi/10.3.1/thumb/v6-m/nofp\libgcc.a(_thumb1_case_shi.o)
 .ARM.attributes
                0x00000c50       0x2c c:/users/natar/onedrive/documents/venkiworkspace/10 2021.10/bin/../lib/gcc/arm-none-eabi/10.3.1/thumb/v6-m/nofp/crtend.o
 .ARM.attributes
                0x00000c7c       0x1e c:/users/natar/onedrive/documents/venkiworkspace/10 2021.10/bin/../lib/gcc/arm-none-eabi/10.3.1/thumb/v6-m/nofp/crtn.o
 .ARM.attributes
                0x00000c9a       0x2c c:/users/natar/onedrive/documents/venkiworkspace/10 2021.10/bin/../lib/gcc/arm-none-eabi/10.3.1/../../../../arm-none-eabi/lib/thumb/v6-m/nofp\libm.a(lib_a-w_pow.o)
 .ARM.attributes
                0x00000cc6       0x2c c:/users/natar/onedrive/documents/venkiworkspace/10 2021.10/bin/../lib/gcc/arm-none-eabi/10.3.1/../../../../arm-none-eabi/lib/thumb/v6-m/nofp\libm.a(lib_a-e_pow.o)
 .ARM.attributes
                0x00000cf2       0x2c c:/users/natar/onedrive/documents/venkiworkspace/10 2021.10/bin/../lib/gcc/arm-none-eabi/10.3.1/../../../../arm-none-eabi/lib/thumb/v6-m/nofp\libm.a(lib_a-e_sqrt.o)
 .ARM.attributes
                0x00000d1e       0x2c c:/users/natar/onedrive/documents/venkiworkspace/10 2021.10/bin/../lib/gcc/arm-none-eabi/10.3.1/../../../../arm-none-eabi/lib/thumb/v6-m/nofp\libm.a(lib_a-math_err.o)
 .ARM.attributes
                0x00000d4a       0x2c c:/users/natar/onedrive/documents/venkiworkspace/10 2021.10/bin/../lib/gcc/arm-none-eabi/10.3.1/../../../../arm-none-eabi/lib/thumb/v6-m/nofp\libm.a(lib_a-s_fabs.o)
 .ARM.attributes
                0x00000d76       0x2c c:/users/natar/onedrive/documents/venkiworkspace/10 2021.10/bin/../lib/gcc/arm-none-eabi/10.3.1/../../../../arm-none-eabi/lib/thumb/v6-m/nofp\libm.a(lib_a-s_finite.o)
 .ARM.attributes
                0x00000da2       0x2c c:/users/natar/onedrive/documents/venkiworkspace/10 2021.10/bin/../lib/gcc/arm-none-eabi/10.3.1/../../../../arm-none-eabi/lib/thumb/v6-m/nofp\libm.a(lib_a-s_scalbn.o)
 .ARM.attributes
                0x00000dce       0x2c c:/users/natar/onedrive/documents/venkiworkspace/10 2021.10/bin/../lib/gcc/arm-none-eabi/10.3.1/../../../../arm-none-eabi/lib/thumb/v6-m/nofp\libnosys.a(sbrk.o)
 .ARM.attributes
                0x00000dfa       0x2c c:/users/natar/onedrive/documents/venkiworkspace/10 2021.10/bin/../lib/gcc/arm-none-eabi/10.3.1/../../../../arm-none-eabi/lib/thumb/v6-m/nofp\libnosys.a(_exit.o)
 .ARM.attributes
                0x00000e26       0x1e c:/users/natar/onedrive/documents/venkiworkspace/10 2021.10/bin/../lib/gcc/arm-none-eabi/10.3.1/thumb/v6-m/nofp\libgcc.a(_arm_cmpdf2.o)
 .ARM.attributes